Archive member included to satisfy reference by file (symbol)

/usr/local/ps2dev/ee/mips64r5900el-ps2-elf/lib/libc.a(libc_a-strncpy.o)
                              loader.o (strncpy)
/usr/local/ps2dev/ee/mips64r5900el-ps2-elf/lib/libc.a(libc_a-strcpy.o)
                              loader.o (strcpy)
/usr/local/ps2dev/ee/mips64r5900el-ps2-elf/lib/libc.a(libc_a-strncat.o)
                              loader.o (strncat)
/usr/local/ps2dev/ps2sdk/ee/lib/libkernel.a(FlushCache.o)
                              loader.o (FlushCache)
/usr/local/ps2dev/ps2sdk/ee/lib/libkernel.a(SifRpcMain.o)
                              loader.o (sceSifInitRpc)
/usr/local/ps2dev/ps2sdk/ee/lib/libkernel.a(SifLoadFileInit.o)
                              loader.o (SifLoadFileInit)
/usr/local/ps2dev/ps2sdk/ee/lib/libkernel.a(SifLoadElf.o)
                              loader.o (SifLoadElf)
/usr/local/ps2dev/ps2sdk/ee/lib/libkernel.a(__iop_control_internals.o)
                              /usr/local/ps2dev/ps2sdk/ee/lib/libkernel.a(SifRpcMain.o) (_iop_reboot_count)
/usr/local/ps2dev/ps2sdk/ee/lib/libkernel.a(DIntr.o)
                              /usr/local/ps2dev/ps2sdk/ee/lib/libkernel.a(SifRpcMain.o) (DIntr)
/usr/local/ps2dev/ps2sdk/ee/lib/libkernel.a(EIntr.o)
                              /usr/local/ps2dev/ps2sdk/ee/lib/libkernel.a(SifRpcMain.o) (EIntr)
/usr/local/ps2dev/ps2sdk/ee/lib/libkernel.a(_InitSys.o)
                              loader.o (_InitSys)
/usr/local/ps2dev/ps2sdk/ee/lib/libkernel.a(_thread_internals.o)
                              /usr/local/ps2dev/ps2sdk/ee/lib/libkernel.a(_InitSys.o) (InitThread)
/usr/local/ps2dev/ps2sdk/ee/lib/libkernel.a(iWakeupThread.o)
                              /usr/local/ps2dev/ps2sdk/ee/lib/libkernel.a(SifRpcMain.o) (iWakeupThread)
/usr/local/ps2dev/ps2sdk/ee/lib/libkernel.a(libosd.o)
                              /usr/local/ps2dev/ps2sdk/ee/lib/libkernel.a(_InitSys.o) (InitExecPS2)
/usr/local/ps2dev/ps2sdk/ee/lib/libkernel.a(libosd_common.o)
                              /usr/local/ps2dev/ps2sdk/ee/lib/libkernel.a(libosd.o) (PatchIsNeeded)
/usr/local/ps2dev/ps2sdk/ee/lib/libkernel.a(osdsrc_bin.o)
                              /usr/local/ps2dev/ps2sdk/ee/lib/libkernel.a(libosd.o) (osdsrc)
/usr/local/ps2dev/ps2sdk/ee/lib/libkernel.a(tlbfunc.o)
                              /usr/local/ps2dev/ps2sdk/ee/lib/libkernel.a(_InitSys.o) (InitTLBFunctions)
/usr/local/ps2dev/ps2sdk/ee/lib/libkernel.a(tlbsrc_bin.o)
                              /usr/local/ps2dev/ps2sdk/ee/lib/libkernel.a(tlbfunc.o) (tlbsrc)
/usr/local/ps2dev/ps2sdk/ee/lib/libkernel.a(alarm.o)
                              /usr/local/ps2dev/ps2sdk/ee/lib/libkernel.a(_InitSys.o) (InitAlarm)
/usr/local/ps2dev/ps2sdk/ee/lib/libkernel.a(srcfile_bin.o)
                              alarm.o (symbol from plugin) (srcfile)
/usr/local/ps2dev/ps2sdk/ee/lib/libkernel.a(eenull_bin.o)
                              alarm.o (symbol from plugin) (eenull)
/usr/local/ps2dev/ps2sdk/ee/lib/libkernel.a(_exit_internals.o)
                              /usr/local/ps2dev/ps2sdk/ee/lib/libkernel.a(tlbfunc.o) (_kExecArg)
/usr/local/ps2dev/ps2sdk/ee/lib/libkernel.a(Exit.o)
                              /usr/local/ps2dev/ps2sdk/ee/lib/libkernel.a(tlbfunc.o) (Exit)
/usr/local/ps2dev/ps2sdk/ee/lib/libkernel.a(ExecPS2.o)
                              loader.o (ExecPS2)
/usr/local/ps2dev/ps2sdk/ee/lib/libkernel.a(kCopy.o)
                              /usr/local/ps2dev/ps2sdk/ee/lib/libkernel.a(libosd.o) (kCopy)
/usr/local/ps2dev/ps2sdk/ee/lib/libkernel.a(setup_syscalls.o)
                              /usr/local/ps2dev/ps2sdk/ee/lib/libkernel.a(libosd.o) (setup)
/usr/local/ps2dev/ps2sdk/ee/lib/libkernel.a(KExit.o)
                              /usr/local/ps2dev/ps2sdk/ee/lib/libkernel.a(Exit.o) (KExit)
/usr/local/ps2dev/ps2sdk/ee/lib/libkernel.a(_ExecPS2.o)
                              /usr/local/ps2dev/ps2sdk/ee/lib/libkernel.a(ExecPS2.o) (_ExecPS2)
/usr/local/ps2dev/ps2sdk/ee/lib/libkernel.a(CreateThread.o)
                              /usr/local/ps2dev/ps2sdk/ee/lib/libkernel.a(_thread_internals.o) (CreateThread)
/usr/local/ps2dev/ps2sdk/ee/lib/libkernel.a(StartThread.o)
                              /usr/local/ps2dev/ps2sdk/ee/lib/libkernel.a(_thread_internals.o) (StartThread)
/usr/local/ps2dev/ps2sdk/ee/lib/libkernel.a(ChangeThreadPriority.o)
                              /usr/local/ps2dev/ps2sdk/ee/lib/libkernel.a(_thread_internals.o) (ChangeThreadPriority)
/usr/local/ps2dev/ps2sdk/ee/lib/libkernel.a(RotateThreadReadyQueue.o)
                              /usr/local/ps2dev/ps2sdk/ee/lib/libkernel.a(_thread_internals.o) (RotateThreadReadyQueue)
/usr/local/ps2dev/ps2sdk/ee/lib/libkernel.a(GetThreadId.o)
                              /usr/local/ps2dev/ps2sdk/ee/lib/libkernel.a(_thread_internals.o) (GetThreadId)
/usr/local/ps2dev/ps2sdk/ee/lib/libkernel.a(_iGetThreadId.o)
[...]
Memory Configuration

Name             Origin             Length             Attributes
*default*        0x00000000         0xffffffff

Linker script and memory map

LOAD crt0.o
LOAD loader.o
START GROUP
LOAD /tmp/ccnj6elt.ltrans0.ltrans.o
LOAD /tmp/ccaLGZJR.debug.temp.o
LOAD /usr/local/ps2dev/ee/mips64r5900el-ps2-elf/lib/libc.a
LOAD /usr/local/ps2dev/ps2sdk/ee/lib/libcdvd.a
LOAD /usr/local/ps2dev/ps2sdk/ee/lib/libcglue.a
LOAD /usr/local/ps2dev/ee/mips64r5900el-ps2-elf/lib/libpthread.a
LOAD /usr/local/ps2dev/ps2sdk/ee/lib/libpthreadglue.a
LOAD /usr/local/ps2dev/ps2sdk/ee/lib/libkernel.a
LOAD /usr/local/ps2dev/ee/bin/../lib/gcc/mips64r5900el-ps2-elf/15.2.0/libgcc.a
END GROUP
                0x01f00000                        . = 0x1f00000
                0x01f07ff0                        _gp = (. + 0x7ff0)

.text           0x01f00000     0x24d0
 *(.text.start)
 .text.start    0x01f00000       0x5c crt0.o
                0x01f00000                _start
 *(.text*)
 .text          0x01f0005c        0x0 crt0.o
 *fill*         0x01f0005c        0x4 
 .text          0x01f00060        0x8 loader.o
                0x01f00060                _exit
 .text.startup  0x01f00068      0x110 loader.o
                0x01f00068                main
 .text          0x01f00178       0xd8 /tmp/ccnj6elt.ltrans0.ltrans.o
                0x01f00178                InitAlarm
 .text          0x01f00250       0xc8 /usr/local/ps2dev/ee/mips64r5900el-ps2-elf/lib/libc.a(libc_a-strncpy.o)
                0x01f00250                strncpy
 .text          0x01f00318       0xb8 /usr/local/ps2dev/ee/mips64r5900el-ps2-elf/lib/libc.a(libc_a-strcpy.o)
                0x01f00318                strcpy
 .text          0x01f003d0       0xd0 /usr/local/ps2dev/ee/mips64r5900el-ps2-elf/lib/libc.a(libc_a-strncat.o)
                0x01f003d0                strncat
 .text          0x01f004a0       0x10 /usr/local/ps2dev/ps2sdk/ee/lib/libkernel.a(FlushCache.o)
                0x01f004a0                FlushCache
 .text          0x01f004b0      0x458 /usr/local/ps2dev/ps2sdk/ee/lib/libkernel.a(SifRpcMain.o)
                0x01f00748                sceSifInitRpc
                0x01f008e0                sceSifExitRpc
 .text          0x01f00908      0x130 /usr/local/ps2dev/ps2sdk/ee/lib/libkernel.a(SifLoadFileInit.o)
                0x01f00908                SifLoadFileInit
 .text          0x01f00a38       0x30 /usr/local/ps2dev/ps2sdk/ee/lib/libkernel.a(SifLoadElf.o)
                0x01f00a38                SifLoadElf
 .text          0x01f00a68        0x0 /usr/local/ps2dev/ps2sdk/ee/lib/libkernel.a(__iop_control_internals.o)
 .text          0x01f00a68       0x40 /usr/local/ps2dev/ps2sdk/ee/lib/libkernel.a(DIntr.o)
                0x01f00a68                DIntr
 .text          0x01f00aa8       0x18 /usr/local/ps2dev/ps2sdk/ee/lib/libkernel.a(EIntr.o)
                0x01f00aa8                EIntr
 .text          0x01f00ac0       0x38 /usr/local/ps2dev/ps2sdk/ee/lib/libkernel.a(_InitSys.o)
                0x01f00ac0                _InitSys
 .text          0x01f00af8      0x1a0 /usr/local/ps2dev/ps2sdk/ee/lib/libkernel.a(_thread_internals.o)
                0x01f00bc0                InitThread
 .text          0x01f00c98       0xa0 /usr/local/ps2dev/ps2sdk/ee/lib/libkernel.a(iWakeupThread.o)
                0x01f00c98                iWakeupThread
 .text          0x01f00d38       0x90 /usr/local/ps2dev/ps2sdk/ee/lib/libkernel.a(libosd.o)
                0x01f00d38                InitExecPS2
 .text          0x01f00dc8       0x58 /usr/local/ps2dev/ps2sdk/ee/lib/libkernel.a(libosd_common.o)
                0x01f00dc8                PatchIsNeeded
 .text          0x01f00e20        0x0 /usr/local/ps2dev/ps2sdk/ee/lib/libkernel.a(osdsrc_bin.o)
 .text          0x01f00e20      0x290 /usr/local/ps2dev/ps2sdk/ee/lib/libkernel.a(tlbfunc.o)
                0x01f00e20                InitTLBFunctions
                0x01f00ed8                InitTLB
 .text          0x01f010b0        0x0 /usr/local/ps2dev/ps2sdk/ee/lib/libkernel.a(tlbsrc_bin.o)
 .text          0x01f010b0        0x0 /usr/local/ps2dev/ps2sdk/ee/lib/libkernel.a(srcfile_bin.o)
 .text          0x01f010b0        0x0 /usr/local/ps2dev/ps2sdk/ee/lib/libkernel.a(eenull_bin.o)
 .text          0x01f010b0        0x0 /usr/local/ps2dev/ps2sdk/ee/lib/libkernel.a(_exit_internals.o)
 .text          0x01f010b0       0x20 /usr/local/ps2dev/ps2sdk/ee/lib/libkernel.a(Exit.o)
                0x01f010b0                Exit
 .text          0x01f010d0       0x70 /usr/local/ps2dev/ps2sdk/ee/lib/libkernel.a(ExecPS2.o)
                0x01f010d0                ExecPS2
 .text          0x01f01140       0x50 /usr/local/ps2dev/ps2sdk/ee/lib/libkernel.a(kCopy.o)
                0x01f01140                kCopy
 .text          0x01f01190       0x3c /usr/local/ps2dev/ps2sdk/ee/lib/libkernel.a(setup_syscalls.o)
                0x01f01190                setup
                0x01f011a4                Copy
                0x01f011b8                GetEntryAddress
 *fill*         0x01f011cc        0x4 
 .text          0x01f011d0       0x10 /usr/local/ps2dev/ps2sdk/ee/lib/libkernel.a(KExit.o)
                0x01f011d0                KExit
 .text          0x01f011e0       0x10 /usr/local/ps2dev/ps2sdk/ee/lib/libkernel.a(_ExecPS2.o)
                0x01f011e0                _ExecPS2
 .text          0x01f011f0       0x10 /usr/local/ps2dev/ps2sdk/ee/lib/libkernel.a(CreateThread.o)
                0x01f011f0                CreateThread
 .text          0x01f01200       0x10 /usr/local/ps2dev/ps2sdk/ee/lib/libkernel.a(StartThread.o)
                0x01f01200                StartThread
 .text          0x01f01210       0x10 /usr/local/ps2dev/ps2sdk/ee/lib/libkernel.a(ChangeThreadPriority.o)
                0x01f01210                ChangeThreadPriority
 .text          0x01f01220       0x10 /usr/local/ps2dev/ps2sdk/ee/lib/libkernel.a(RotateThreadReadyQueue.o)
                0x01f01220                RotateThreadReadyQueue
 .text          0x01f01230       0x10 /usr/local/ps2dev/ps2sdk/ee/lib/libkernel.a(GetThreadId.o)
                0x01f01230                GetThreadId
 .text          0x01f01240       0x10 /usr/local/ps2dev/ps2sdk/ee/lib/libkernel.a(_iGetThreadId.o)
                0x01f01240                _iGetThreadId
 .text          0x01f01250       0x10 /usr/local/ps2dev/ps2sdk/ee/lib/libkernel.a(WakeupThread.o)
                0x01f01250                WakeupThread
 .text          0x01f01260       0x10 /usr/local/ps2dev/ps2sdk/ee/lib/libkernel.a(_iWakeupThread.o)
                0x01f01260                _iWakeupThread
 .text          0x01f01270       0x10 /usr/local/ps2dev/ps2sdk/ee/lib/libkernel.a(SuspendThread.o)
                0x01f01270                SuspendThread
 .text          0x01f01280       0x10 /usr/local/ps2dev/ps2sdk/ee/lib/libkernel.a(CreateSema.o)
                0x01f01280                CreateSema
 .text          0x01f01290       0x10 /usr/local/ps2dev/ps2sdk/ee/lib/libkernel.a(DeleteSema.o)
                0x01f01290                DeleteSema
 .text          0x01f012a0       0x10 /usr/local/ps2dev/ps2sdk/ee/lib/libkernel.a(iSignalSema.o)
                0x01f012a0                iSignalSema
 .text          0x01f012b0       0x10 /usr/local/ps2dev/ps2sdk/ee/lib/libkernel.a(WaitSema.o)
                0x01f012b0                WaitSema
 .text          0x01f012c0       0x10 /usr/local/ps2dev/ps2sdk/ee/lib/libkernel.a(SetOsdConfigParam.o)
                0x01f012c0                SetOsdConfigParam
 .text          0x01f012d0       0x10 /usr/local/ps2dev/ps2sdk/ee/lib/libkernel.a(GetOsdConfigParam.o)
                0x01f012d0                GetOsdConfigParam
 .text          0x01f012e0       0x10 /usr/local/ps2dev/ps2sdk/ee/lib/libkernel.a(_SetTLBEntry.o)
                0x01f012e0                _SetTLBEntry
 .text          0x01f012f0       0x10 /usr/local/ps2dev/ps2sdk/ee/lib/libkernel.a(sceSifSetReg.o)
                0x01f012f0                sceSifSetReg
 .text          0x01f01300       0x10 /usr/local/ps2dev/ps2sdk/ee/lib/libkernel.a(sceSifGetReg.o)
                0x01f01300                sceSifGetReg
 .text          0x01f01310       0x10 /usr/local/ps2dev/ps2sdk/ee/lib/libkernel.a(GetMemorySize.o)
                0x01f01310                GetMemorySize
 .text          0x01f01320       0x10 /usr/local/ps2dev/ps2sdk/ee/lib/libkernel.a(_InitTLB.o)
                0x01f01320                _InitTLB
 .text          0x01f01330       0x20 /usr/local/ps2dev/ps2sdk/ee/lib/libkernel.a(sceSifSendCmd.o)
                0x01f01330                sceSifSendCmd
 .text          0x01f01350       0x20 /usr/local/ps2dev/ps2sdk/ee/lib/libkernel.a(isceSifSendCmd.o)
                0x01f01350                isceSifSendCmd
 .text          0x01f01370      0x318 /usr/local/ps2dev/ps2sdk/ee/lib/libkernel.a(sif_cmd_main.o)
                0x01f013a0                sceSifInitCmd
                0x01f01650                sceSifExitCmd
 .text          0x01f01688       0x58 /usr/local/ps2dev/ps2sdk/ee/lib/libkernel.a(sceSifAddCmdHandler.o)
                0x01f01688                sceSifAddCmdHandler
 .text          0x01f016e0       0x18 /usr/local/ps2dev/ps2sdk/ee/lib/libkernel.a(sceSifGetSreg.o)
                0x01f016e0                sceSifGetSreg
 .text          0x01f016f8       0x30 /usr/local/ps2dev/ps2sdk/ee/lib/libkernel.a(_rpc_get_fpacket.o)
                0x01f016f8                _rpc_get_fpacket
 .text          0x01f01728      0x178 /usr/local/ps2dev/ps2sdk/ee/lib/libkernel.a(sceSifBindRpc.o)
                0x01f01728                sceSifBindRpc
 .text          0x01f018a0       0xf0 /usr/local/ps2dev/ps2sdk/ee/lib/libkernel.a(_SifLoadElfPart.o)
                0x01f018a0                _SifLoadElfPart
 .text          0x01f01990       0x78 /usr/local/ps2dev/ps2sdk/ee/lib/libkernel.a(EnableDmac.o)
                0x01f01990                EnableDmac
 .text          0x01f01a08       0x78 /usr/local/ps2dev/ps2sdk/ee/lib/libkernel.a(DisableDmac.o)
                0x01f01a08                DisableDmac
 .text          0x01f01a80       0x20 /usr/local/ps2dev/ps2sdk/ee/lib/libkernel.a(_ps2sdk_init_timer.o)
                0x01f01a80                _ps2sdk_init_timer
 .text          0x01f01aa0       0x20 /usr/local/ps2dev/ps2sdk/ee/lib/libkernel.a(TerminateLibrary.o)
                0x01f01aa0                TerminateLibrary
 .text          0x01f01ac0      0x120 /usr/local/ps2dev/ps2sdk/ee/lib/libkernel.a(SetArg.o)
                0x01f01ac0                SetArg
 .text          0x01f01be0       0x30 /usr/local/ps2dev/ps2sdk/ee/lib/libkernel.a(kCopyBytes.o)
                0x01f01be0                kCopyBytes
 .text          0x01f01c10       0x10 /usr/local/ps2dev/ps2sdk/ee/lib/libkernel.a(AddDmacHandler.o)
                0x01f01c10                AddDmacHandler
 .text          0x01f01c20       0x10 /usr/local/ps2dev/ps2sdk/ee/lib/libkernel.a(RemoveDmacHandler.o)
                0x01f01c20                RemoveDmacHandler
 .text          0x01f01c30       0x10 /usr/local/ps2dev/ps2sdk/ee/lib/libkernel.a(_EnableDmac.o)
                0x01f01c30                _EnableDmac
 .text          0x01f01c40       0x10 /usr/local/ps2dev/ps2sdk/ee/lib/libkernel.a(_DisableDmac.o)
                0x01f01c40                _DisableDmac
 .text          0x01f01c50       0x10 /usr/local/ps2dev/ps2sdk/ee/lib/libkernel.a(sceSifSetDChain.o)
                0x01f01c50                sceSifSetDChain
 .text          0x01f01c60      0x138 /usr/local/ps2dev/ps2sdk/ee/lib/libkernel.a(strlen.o)
                0x01f01c60                strlen
 .text          0x01f01d98       0xc0 /usr/local/ps2dev/ps2sdk/ee/lib/libkernel.a(memset.o)
                0x01f01d98                memset
 .text          0x01f01e58      0x140 /usr/local/ps2dev/ps2sdk/ee/lib/libkernel.a(_SifSendCmd.o)
                0x01f01e58                _SifSendCmd
 .text          0x01f01f98      0x108 /usr/local/ps2dev/ps2sdk/ee/lib/libkernel.a(_SifCmdIntHandler.o)
                0x01f01f98                _SifCmdIntHandler
 .text          0x01f020a0       0xd0 /usr/local/ps2dev/ps2sdk/ee/lib/libkernel.a(_rpc_get_packet.o)
                0x01f020a0                _rpc_get_packet
 .text          0x01f02170      0x260 /usr/local/ps2dev/ps2sdk/ee/lib/libkernel.a(sceSifCallRpc.o)
                0x01f02170                sceSifCallRpc
 .text          0x01f023d0       0x20 /usr/local/ps2dev/ps2sdk/ee/lib/libkernel.a(_ps2sdk_deinit_timer.o)
                0x01f023d0                _ps2sdk_deinit_timer
 .text          0x01f023f0       0x10 /usr/local/ps2dev/ps2sdk/ee/lib/libkernel.a(sceSifSetDma.o)
                0x01f023f0                sceSifSetDma
 .text          0x01f02400       0x10 /usr/local/ps2dev/ps2sdk/ee/lib/libkernel.a(isceSifSetDma.o)
                0x01f02400                isceSifSetDma
 .text          0x01f02410       0x10 /usr/local/ps2dev/ps2sdk/ee/lib/libkernel.a(isceSifSetDChain.o)
                0x01f02410                isceSifSetDChain
 .text          0x01f02420       0xb0 /usr/local/ps2dev/ps2sdk/ee/lib/libkernel.a(sceSifWriteBackDCache.o)
                0x01f02420                sceSifWriteBackDCache

.rodata         0x01f024d0      0x308
 *(.rodata*)
 .rodata        0x01f024d0       0x40 /tmp/ccnj6elt.ltrans0.ltrans.o
 .rodata.str1.8
                0x01f02510       0x11 /usr/local/ps2dev/ps2sdk/ee/lib/libkernel.a(_thread_internals.o)
                                 0x10 (size before relaxing)
 *fill*         0x01f02521        0x7 
 .rodata        0x01f02528      0x2b0 /usr/local/ps2dev/ps2sdk/ee/lib/libkernel.a(tlbfunc.o)
 .rodata.str1.8
                0x01f027d8        0x0 /usr/local/ps2dev/ps2sdk/ee/lib/libkernel.a(ExecPS2.o)
                                  0x1 (size before relaxing)

.MIPS.abiflags  0x01f027d8       0x18
 .MIPS.abiflags
                0x01f027d8       0x18 crt0.o

.data           0x01f02800     0x10f8
 *(.data*)
 .data          0x01f02800        0x0 crt0.o
 .data          0x01f02800        0x0 loader.o
 .data          0x01f02800        0x0 /tmp/ccnj6elt.ltrans0.ltrans.o
 .data          0x01f02800        0x0 /usr/local/ps2dev/ee/mips64r5900el-ps2-elf/lib/libc.a(libc_a-strncpy.o)
 .data          0x01f02800        0x0 /usr/local/ps2dev/ee/mips64r5900el-ps2-elf/lib/libc.a(libc_a-strcpy.o)
 .data          0x01f02800        0x0 /usr/local/ps2dev/ee/mips64r5900el-ps2-elf/lib/libc.a(libc_a-strncat.o)
 .data          0x01f02800        0x0 /usr/local/ps2dev/ps2sdk/ee/lib/libkernel.a(FlushCache.o)
 .data          0x01f02800       0x40 /usr/local/ps2dev/ps2sdk/ee/lib/libkernel.a(SifRpcMain.o)
                0x01f02800                _sif_rpc_data
 .data          0x01f02840        0x0 /usr/local/ps2dev/ps2sdk/ee/lib/libkernel.a(SifLoadFileInit.o)
 .data          0x01f02840        0x0 /usr/local/ps2dev/ps2sdk/ee/lib/libkernel.a(SifLoadElf.o)
 .data          0x01f02840        0x0 /usr/local/ps2dev/ps2sdk/ee/lib/libkernel.a(__iop_control_internals.o)
 .data          0x01f02840        0x0 /usr/local/ps2dev/ps2sdk/ee/lib/libkernel.a(DIntr.o)
 .data          0x01f02840        0x0 /usr/local/ps2dev/ps2sdk/ee/lib/libkernel.a(EIntr.o)
 .data          0x01f02840        0x0 /usr/local/ps2dev/ps2sdk/ee/lib/libkernel.a(_InitSys.o)
 .data          0x01f02840        0x0 /usr/local/ps2dev/ps2sdk/ee/lib/libkernel.a(_thread_internals.o)
 .data          0x01f02840        0x0 /usr/local/ps2dev/ps2sdk/ee/lib/libkernel.a(iWakeupThread.o)
 .data          0x01f02840        0x0 /usr/local/ps2dev/ps2sdk/ee/lib/libkernel.a(libosd.o)
 .data          0x01f02840        0x0 /usr/local/ps2dev/ps2sdk/ee/lib/libkernel.a(libosd_common.o)
 .data          0x01f02840      0x42c /usr/local/ps2dev/ps2sdk/ee/lib/libkernel.a(osdsrc_bin.o)
                0x01f02840                osdsrc
                0x01f02c68                size_osdsrc
 *fill*         0x01f02c6c        0x4 
 .data          0x01f02c70       0x1c /usr/local/ps2dev/ps2sdk/ee/lib/libkernel.a(tlbfunc.o)
 *fill*         0x01f02c8c        0x4 
 .data          0x01f02c90      0x408 /usr/local/ps2dev/ps2sdk/ee/lib/libkernel.a(tlbsrc_bin.o)
                0x01f02c90                tlbsrc
                0x01f03094                size_tlbsrc
 *fill*         0x01f03098        0x8 
 .data          0x01f030a0      0x814 /usr/local/ps2dev/ps2sdk/ee/lib/libkernel.a(srcfile_bin.o)
                0x01f030a0                srcfile
                0x01f038b0                size_srcfile
 *fill*         0x01f038b4        0xc 
 .data          0x01f038c0       0x2c /usr/local/ps2dev/ps2sdk/ee/lib/libkernel.a(eenull_bin.o)
                0x01f038c0                eenull
                0x01f038e8                size_eenull
 .data          0x01f038ec        0x0 /usr/local/ps2dev/ps2sdk/ee/lib/libkernel.a(_exit_internals.o)
 .data          0x01f038ec        0x0 /usr/local/ps2dev/ps2sdk/ee/lib/libkernel.a(Exit.o)
 .data          0x01f038ec        0x0 /usr/local/ps2dev/ps2sdk/ee/lib/libkernel.a(ExecPS2.o)
 .data          0x01f038ec        0x0 /usr/local/ps2dev/ps2sdk/ee/lib/libkernel.a(kCopy.o)
 .data          0x01f038ec        0x0 /usr/local/ps2dev/ps2sdk/ee/lib/libkernel.a(setup_syscalls.o)
 .data          0x01f038ec        0x0 /usr/local/ps2dev/ps2sdk/ee/lib/libkernel.a(KExit.o)
 .data          0x01f038ec        0x0 /usr/local/ps2dev/ps2sdk/ee/lib/libkernel.a(_ExecPS2.o)
 .data          0x01f038ec        0x0 /usr/local/ps2dev/ps2sdk/ee/lib/libkernel.a(CreateThread.o)
 .data          0x01f038ec        0x0 /usr/local/ps2dev/ps2sdk/ee/lib/libkernel.a(StartThread.o)
 .data          0x01f038ec        0x0 /usr/local/ps2dev/ps2sdk/ee/lib/libkernel.a(ChangeThreadPriority.o)
 .data          0x01f038ec        0x0 /usr/local/ps2dev/ps2sdk/ee/lib/libkernel.a(RotateThreadReadyQueue.o)
 .data          0x01f038ec        0x0 /usr/local/ps2dev/ps2sdk/ee/lib/libkernel.a(GetThreadId.o)
 .data          0x01f038ec        0x0 /usr/local/ps2dev/ps2sdk/ee/lib/libkernel.a(_iGetThreadId.o)
 .data          0x01f038ec        0x0 /usr/local/ps2dev/ps2sdk/ee/lib/libkernel.a(WakeupThread.o)
 .data          0x01f038ec        0x0 /usr/local/ps2dev/ps2sdk/ee/lib/libkernel.a(_iWakeupThread.o)
 .data          0x01f038ec        0x0 /usr/local/ps2dev/ps2sdk/ee/lib/libkernel.a(SuspendThread.o)
 .data          0x01f038ec        0x0 /usr/local/ps2dev/ps2sdk/ee/lib/libkernel.a(CreateSema.o)
 .data          0x01f038ec        0x0 /usr/local/ps2dev/ps2sdk/ee/lib/libkernel.a(DeleteSema.o)
 .data          0x01f038ec        0x0 /usr/local/ps2dev/ps2sdk/ee/lib/libkernel.a(iSignalSema.o)
 .data          0x01f038ec        0x0 /usr/local/ps2dev/ps2sdk/ee/lib/libkernel.a(WaitSema.o)
 .data          0x01f038ec        0x0 /usr/local/ps2dev/ps2sdk/ee/lib/libkernel.a(SetOsdConfigParam.o)
 .data          0x01f038ec        0x0 /usr/local/ps2dev/ps2sdk/ee/lib/libkernel.a(GetOsdConfigParam.o)
 .data          0x01f038ec        0x0 /usr/local/ps2dev/ps2sdk/ee/lib/libkernel.a(_SetTLBEntry.o)
 .data          0x01f038ec        0x0 /usr/local/ps2dev/ps2sdk/ee/lib/libkernel.a(sceSifSetReg.o)
 .data          0x01f038ec        0x0 /usr/local/ps2dev/ps2sdk/ee/lib/libkernel.a(sceSifGetReg.o)
 .data          0x01f038ec        0x0 /usr/local/ps2dev/ps2sdk/ee/lib/libkernel.a(GetMemorySize.o)
 .data          0x01f038ec        0x0 /usr/local/ps2dev/ps2sdk/ee/lib/libkernel.a(_InitTLB.o)
 .data          0x01f038ec        0x0 /usr/local/ps2dev/ps2sdk/ee/lib/libkernel.a(sceSifSendCmd.o)
 .data          0x01f038ec        0x0 /usr/local/ps2dev/ps2sdk/ee/lib/libkernel.a(isceSifSendCmd.o)
 .data          0x01f038ec        0x4 /usr/local/ps2dev/ps2sdk/ee/lib/libkernel.a(sif_cmd_main.o)
 .data          0x01f038f0        0x0 /usr/local/ps2dev/ps2sdk/ee/lib/libkernel.a(sceSifAddCmdHandler.o)
 .data          0x01f038f0        0x0 /usr/local/ps2dev/ps2sdk/ee/lib/libkernel.a(sceSifGetSreg.o)
 .data          0x01f038f0        0x0 /usr/local/ps2dev/ps2sdk/ee/lib/libkernel.a(_rpc_get_fpacket.o)
 .data          0x01f038f0        0x0 /usr/local/ps2dev/ps2sdk/ee/lib/libkernel.a(sceSifBindRpc.o)
 .data          0x01f038f0        0x0 /usr/local/ps2dev/ps2sdk/ee/lib/libkernel.a(_SifLoadElfPart.o)
 .data          0x01f038f0        0x0 /usr/local/ps2dev/ps2sdk/ee/lib/libkernel.a(EnableDmac.o)
 .data          0x01f038f0        0x0 /usr/local/ps2dev/ps2sdk/ee/lib/libkernel.a(DisableDmac.o)
 .data          0x01f038f0        0x0 /usr/local/ps2dev/ps2sdk/ee/lib/libkernel.a(_ps2sdk_init_timer.o)
 .data          0x01f038f0        0x0 /usr/local/ps2dev/ps2sdk/ee/lib/libkernel.a(TerminateLibrary.o)
 .data          0x01f038f0        0x8 /usr/local/ps2dev/ps2sdk/ee/lib/libkernel.a(SetArg.o)
                0x01f038f0                SysEntry
 .data          0x01f038f8        0x0 /usr/local/ps2dev/ps2sdk/ee/lib/libkernel.a(kCopyBytes.o)
 .data          0x01f038f8        0x0 /usr/local/ps2dev/ps2sdk/ee/lib/libkernel.a(AddDmacHandler.o)
 .data          0x01f038f8        0x0 /usr/local/ps2dev/ps2sdk/ee/lib/libkernel.a(RemoveDmacHandler.o)
 .data          0x01f038f8        0x0 /usr/local/ps2dev/ps2sdk/ee/lib/libkernel.a(_EnableDmac.o)
 .data          0x01f038f8        0x0 /usr/local/ps2dev/ps2sdk/ee/lib/libkernel.a(_DisableDmac.o)
 .data          0x01f038f8        0x0 /usr/local/ps2dev/ps2sdk/ee/lib/libkernel.a(sceSifSetDChain.o)
 .data          0x01f038f8        0x0 /usr/local/ps2dev/ps2sdk/ee/lib/libkernel.a(strlen.o)
 .data          0x01f038f8        0x0 /usr/local/ps2dev/ps2sdk/ee/lib/libkernel.a(memset.o)
 .data          0x01f038f8        0x0 /usr/local/ps2dev/ps2sdk/ee/lib/libkernel.a(_SifSendCmd.o)
 .data          0x01f038f8        0x0 /usr/local/ps2dev/ps2sdk/ee/lib/libkernel.a(_SifCmdIntHandler.o)
 .data          0x01f038f8        0x0 /usr/local/ps2dev/ps2sdk/ee/lib/libkernel.a(_rpc_get_packet.o)
 .data          0x01f038f8        0x0 /usr/local/ps2dev/ps2sdk/ee/lib/libkernel.a(sceSifCallRpc.o)
 .data          0x01f038f8        0x0 /usr/local/ps2dev/ps2sdk/ee/lib/libkernel.a(_ps2sdk_deinit_timer.o)
 .data          0x01f038f8        0x0 /usr/local/ps2dev/ps2sdk/ee/lib/libkernel.a(sceSifSetDma.o)
 .data          0x01f038f8        0x0 /usr/local/ps2dev/ps2sdk/ee/lib/libkernel.a(isceSifSetDma.o)
 .data          0x01f038f8        0x0 /usr/local/ps2dev/ps2sdk/ee/lib/libkernel.a(isceSifSetDChain.o)
 .data          0x01f038f8        0x0 /usr/local/ps2dev/ps2sdk/ee/lib/libkernel.a(sceSifWriteBackDCache.o)
                0x01f03900                        _fbss = ALIGN (0x10)

.bss            0x01f03900     0x2400
 *(.bss*)
 .bss           0x01f03900        0x0 crt0.o
 .bss           0x01f03900        0x0 loader.o
 .bss           0x01f03900        0x0 /tmp/ccnj6elt.ltrans0.ltrans.o
 .bss           0x01f03900        0x0 /usr/local/ps2dev/ee/mips64r5900el-ps2-elf/lib/libc.a(libc_a-strncpy.o)
 .bss           0x01f03900        0x0 /usr/local/ps2dev/ee/mips64r5900el-ps2-elf/lib/libc.a(libc_a-strcpy.o)
 .bss           0x01f03900        0x0 /usr/local/ps2dev/ee/mips64r5900el-ps2-elf/lib/libc.a(libc_a-strncat.o)
 .bss           0x01f03900        0x0 /usr/local/ps2dev/ps2sdk/ee/lib/libkernel.a(FlushCache.o)
 .bss           0x01f03900     0x1840 /usr/local/ps2dev/ps2sdk/ee/lib/libkernel.a(SifRpcMain.o)
 .bss           0x01f05140       0x34 /usr/local/ps2dev/ps2sdk/ee/lib/libkernel.a(SifLoadFileInit.o)
                0x01f05140                _lf_init
                0x01f05148                _lf_cd
 .bss           0x01f05174        0x0 /usr/local/ps2dev/ps2sdk/ee/lib/libkernel.a(SifLoadElf.o)
 .bss           0x01f05174        0x4 /usr/local/ps2dev/ps2sdk/ee/lib/libkernel.a(__iop_control_internals.o)
                0x01f05174                _iop_reboot_count
 .bss           0x01f05178        0x0 /usr/local/ps2dev/ps2sdk/ee/lib/libkernel.a(DIntr.o)
 .bss           0x01f05178        0x0 /usr/local/ps2dev/ps2sdk/ee/lib/libkernel.a(EIntr.o)
 .bss           0x01f05178        0x0 /usr/local/ps2dev/ps2sdk/ee/lib/libkernel.a(_InitSys.o)
 *fill*         0x01f05178        0x8 
 .bss           0x01f05180      0x810 /usr/local/ps2dev/ps2sdk/ee/lib/libkernel.a(_thread_internals.o)
                0x01f05180                topArg
                0x01f05588                topSema
                0x01f0558c                topId
                0x01f05590                stack
 .bss           0x01f05990        0x0 /usr/local/ps2dev/ps2sdk/ee/lib/libkernel.a(iWakeupThread.o)
 .bss           0x01f05990        0x0 /usr/local/ps2dev/ps2sdk/ee/lib/libkernel.a(libosd.o)
 .bss           0x01f05990        0x0 /usr/local/ps2dev/ps2sdk/ee/lib/libkernel.a(libosd_common.o)
 .bss           0x01f05990        0x0 /usr/local/ps2dev/ps2sdk/ee/lib/libkernel.a(osdsrc_bin.o)
 .bss           0x01f05990        0x0 /usr/local/ps2dev/ps2sdk/ee/lib/libkernel.a(tlbfunc.o)
 .bss           0x01f05990        0x0 /usr/local/ps2dev/ps2sdk/ee/lib/libkernel.a(tlbsrc_bin.o)
 .bss           0x01f05990        0x0 /usr/local/ps2dev/ps2sdk/ee/lib/libkernel.a(srcfile_bin.o)
 .bss           0x01f05990        0x0 /usr/local/ps2dev/ps2sdk/ee/lib/libkernel.a(eenull_bin.o)
 .bss           0x01f05990        0x4 /usr/local/ps2dev/ps2sdk/ee/lib/libkernel.a(_exit_internals.o)
                0x01f05990                _kExecArg
 .bss           0x01f05994        0x0 /usr/local/ps2dev/ps2sdk/ee/lib/libkernel.a(Exit.o)
 .bss           0x01f05994        0x0 /usr/local/ps2dev/ps2sdk/ee/lib/libkernel.a(ExecPS2.o)
 .bss           0x01f05994        0x0 /usr/local/ps2dev/ps2sdk/ee/lib/libkernel.a(kCopy.o)
 .bss           0x01f05994        0x0 /usr/local/ps2dev/ps2sdk/ee/lib/libkernel.a(setup_syscalls.o)
 .bss           0x01f05994        0x0 /usr/local/ps2dev/ps2sdk/ee/lib/libkernel.a(KExit.o)
 .bss           0x01f05994        0x0 /usr/local/ps2dev/ps2sdk/ee/lib/libkernel.a(_ExecPS2.o)
 .bss           0x01f05994        0x0 /usr/local/ps2dev/ps2sdk/ee/lib/libkernel.a(CreateThread.o)
 .bss           0x01f05994        0x0 /usr/local/ps2dev/ps2sdk/ee/lib/libkernel.a(StartThread.o)
 .bss           0x01f05994        0x0 /usr/local/ps2dev/ps2sdk/ee/lib/libkernel.a(ChangeThreadPriority.o)
 .bss           0x01f05994        0x0 /usr/local/ps2dev/ps2sdk/ee/lib/libkernel.a(RotateThreadReadyQueue.o)
 .bss           0x01f05994        0x0 /usr/local/ps2dev/ps2sdk/ee/lib/libkernel.a(GetThreadId.o)
 .bss           0x01f05994        0x0 /usr/local/ps2dev/ps2sdk/ee/lib/libkernel.a(_iGetThreadId.o)
 .bss           0x01f05994        0x0 /usr/local/ps2dev/ps2sdk/ee/lib/libkernel.a(WakeupThread.o)
 .bss           0x01f05994        0x0 /usr/local/ps2dev/ps2sdk/ee/lib/libkernel.a(_iWakeupThread.o)
 .bss           0x01f05994        0x0 /usr/local/ps2dev/ps2sdk/ee/lib/libkernel.a(SuspendThread.o)
 .bss           0x01f05994        0x0 /usr/local/ps2dev/ps2sdk/ee/lib/libkernel.a(CreateSema.o)
 .bss           0x01f05994        0x0 /usr/local/ps2dev/ps2sdk/ee/lib/libkernel.a(DeleteSema.o)
 .bss           0x01f05994        0x0 /usr/local/ps2dev/ps2sdk/ee/lib/libkernel.a(iSignalSema.o)
 .bss           0x01f05994        0x0 /usr/local/ps2dev/ps2sdk/ee/lib/libkernel.a(WaitSema.o)
 .bss           0x01f05994        0x0 /usr/local/ps2dev/ps2sdk/ee/lib/libkernel.a(SetOsdConfigParam.o)
 .bss           0x01f05994        0x0 /usr/local/ps2dev/ps2sdk/ee/lib/libkernel.a(GetOsdConfigParam.o)
 .bss           0x01f05994        0x0 /usr/local/ps2dev/ps2sdk/ee/lib/libkernel.a(_SetTLBEntry.o)
 .bss           0x01f05994        0x0 /usr/local/ps2dev/ps2sdk/ee/lib/libkernel.a(sceSifSetReg.o)
 .bss           0x01f05994        0x0 /usr/local/ps2dev/ps2sdk/ee/lib/libkernel.a(sceSifGetReg.o)
 .bss           0x01f05994        0x0 /usr/local/ps2dev/ps2sdk/ee/lib/libkernel.a(GetMemorySize.o)
 .bss           0x01f05994        0x0 /usr/local/ps2dev/ps2sdk/ee/lib/libkernel.a(_InitTLB.o)
 .bss           0x01f05994        0x0 /usr/local/ps2dev/ps2sdk/ee/lib/libkernel.a(sceSifSendCmd.o)
 .bss           0x01f05994        0x0 /usr/local/ps2dev/ps2sdk/ee/lib/libkernel.a(isceSifSendCmd.o)
 *fill*         0x01f05994       0x2c 
 .bss           0x01f059c0      0x340 /usr/local/ps2dev/ps2sdk/ee/lib/libkernel.a(sif_cmd_main.o)
                0x01f059c0                _sif_cmd_data
 .bss           0x01f05d00        0x0 /usr/local/ps2dev/ps2sdk/ee/lib/libkernel.a(sceSifAddCmdHandler.o)
 .bss           0x01f05d00        0x0 /usr/local/ps2dev/ps2sdk/ee/lib/libkernel.a(sceSifGetSreg.o)
 .bss           0x01f05d00        0x0 /usr/local/ps2dev/ps2sdk/ee/lib/libkernel.a(_rpc_get_fpacket.o)
 .bss           0x01f05d00        0x0 /usr/local/ps2dev/ps2sdk/ee/lib/libkernel.a(sceSifBindRpc.o)
 .bss           0x01f05d00        0x0 /usr/local/ps2dev/ps2sdk/ee/lib/libkernel.a(_SifLoadElfPart.o)
 .bss           0x01f05d00        0x0 /usr/local/ps2dev/ps2sdk/ee/lib/libkernel.a(EnableDmac.o)
 .bss           0x01f05d00        0x0 /usr/local/ps2dev/ps2sdk/ee/lib/libkernel.a(DisableDmac.o)
 .bss           0x01f05d00        0x0 /usr/local/ps2dev/ps2sdk/ee/lib/libkernel.a(_ps2sdk_init_timer.o)
 .bss           0x01f05d00        0x0 /usr/local/ps2dev/ps2sdk/ee/lib/libkernel.a(TerminateLibrary.o)
 .bss           0x01f05d00        0x0 /usr/local/ps2dev/ps2sdk/ee/lib/libkernel.a(SetArg.o)
 .bss           0x01f05d00        0x0 /usr/local/ps2dev/ps2sdk/ee/lib/libkernel.a(kCopyBytes.o)
 .bss           0x01f05d00        0x0 /usr/local/ps2dev/ps2sdk/ee/lib/libkernel.a(AddDmacHandler.o)
 .bss           0x01f05d00        0x0 /usr/local/ps2dev/ps2sdk/ee/lib/libkernel.a(RemoveDmacHandler.o)
 .bss           0x01f05d00        0x0 /usr/local/ps2dev/ps2sdk/ee/lib/libkernel.a(_EnableDmac.o)
 .bss           0x01f05d00        0x0 /usr/local/ps2dev/ps2sdk/ee/lib/libkernel.a(_DisableDmac.o)
 .bss           0x01f05d00        0x0 /usr/local/ps2dev/ps2sdk/ee/lib/libkernel.a(sceSifSetDChain.o)
 .bss           0x01f05d00        0x0 /usr/local/ps2dev/ps2sdk/ee/lib/libkernel.a(strlen.o)
 .bss           0x01f05d00        0x0 /usr/local/ps2dev/ps2sdk/ee/lib/libkernel.a(memset.o)
 .bss           0x01f05d00        0x0 /usr/local/ps2dev/ps2sdk/ee/lib/libkernel.a(_SifSendCmd.o)
 .bss           0x01f05d00        0x0 /usr/local/ps2dev/ps2sdk/ee/lib/libkernel.a(_SifCmdIntHandler.o)
 .bss           0x01f05d00        0x0 /usr/local/ps2dev/ps2sdk/ee/lib/libkernel.a(_rpc_get_packet.o)
 .bss           0x01f05d00        0x0 /usr/local/ps2dev/ps2sdk/ee/lib/libkernel.a(sceSifCallRpc.o)
 .bss           0x01f05d00        0x0 /usr/local/ps2dev/ps2sdk/ee/lib/libkernel.a(_ps2sdk_deinit_timer.o)
 .bss           0x01f05d00        0x0 /usr/local/ps2dev/ps2sdk/ee/lib/libkernel.a(sceSifSetDma.o)
 .bss           0x01f05d00        0x0 /usr/local/ps2dev/ps2sdk/ee/lib/libkernel.a(isceSifSetDma.o)
 .bss           0x01f05d00        0x0 /usr/local/ps2dev/ps2sdk/ee/lib/libkernel.a(isceSifSetDChain.o)
 .bss           0x01f05d00        0x0 /usr/local/ps2dev/ps2sdk/ee/lib/libkernel.a(sceSifWriteBackDCache.o)
 *(COMMON)
                0x01f05d00                        _end = ALIGN (0x10)
                0x01f05d00                        _stack_start = _end
                0x01f09d00                        _stack_end = (_end + 0x4000)
                0x02000000                        . = 0x2000000
                0x00000001                        ASSERT ((_stack_end <= 0x2000000), Loader exceeds 1 MB!)
OUTPUT(loader.elf elf32-littlemips)

.reginfo        0x00000000       0x18
 .reginfo       0x00000000       0x18 crt0.o

.pdr            0x00000000      0xac0
 .pdr           0x00000000        0x0 crt0.o
 .pdr           0x00000000       0x40 loader.o
 .pdr           0x00000040       0x20 /tmp/ccnj6elt.ltrans0.ltrans.o
 .pdr           0x00000060       0x20 /usr/local/ps2dev/ee/mips64r5900el-ps2-elf/lib/libc.a(libc_a-strncpy.o)
 .pdr           0x00000080       0x20 /usr/local/ps2dev/ee/mips64r5900el-ps2-elf/lib/libc.a(libc_a-strcpy.o)
 .pdr           0x000000a0       0x20 /usr/local/ps2dev/ee/mips64r5900el-ps2-elf/lib/libc.a(libc_a-strncat.o)
 .pdr           0x000000c0       0x20 /usr/local/ps2dev/ps2sdk/ee/lib/libkernel.a(FlushCache.o)
 .pdr           0x000000e0       0xc0 /usr/local/ps2dev/ps2sdk/ee/lib/libkernel.a(SifRpcMain.o)
 .pdr           0x000001a0       0x20 /usr/local/ps2dev/ps2sdk/ee/lib/libkernel.a(SifLoadFileInit.o)
 .pdr           0x000001c0       0x20 /usr/local/ps2dev/ps2sdk/ee/lib/libkernel.a(SifLoadElf.o)
 .pdr           0x000001e0        0x0 /usr/local/ps2dev/ps2sdk/ee/lib/libkernel.a(__iop_control_internals.o)
 .pdr           0x000001e0       0x20 /usr/local/ps2dev/ps2sdk/ee/lib/libkernel.a(DIntr.o)
 .pdr           0x00000200       0x20 /usr/local/ps2dev/ps2sdk/ee/lib/libkernel.a(EIntr.o)
 .pdr           0x00000220       0x20 /usr/local/ps2dev/ps2sdk/ee/lib/libkernel.a(_InitSys.o)
 .pdr           0x00000240       0x40 /usr/local/ps2dev/ps2sdk/ee/lib/libkernel.a(_thread_internals.o)
 .pdr           0x00000280       0x20 /usr/local/ps2dev/ps2sdk/ee/lib/libkernel.a(iWakeupThread.o)
 .pdr           0x000002a0       0x20 /usr/local/ps2dev/ps2sdk/ee/lib/libkernel.a(libosd.o)
 .pdr           0x000002c0       0x20 /usr/local/ps2dev/ps2sdk/ee/lib/libkernel.a(libosd_common.o)
 .pdr           0x000002e0        0x0 /usr/local/ps2dev/ps2sdk/ee/lib/libkernel.a(osdsrc_bin.o)
 .pdr           0x000002e0       0x40 /usr/local/ps2dev/ps2sdk/ee/lib/libkernel.a(tlbfunc.o)
 .pdr           0x00000320        0x0 /usr/local/ps2dev/ps2sdk/ee/lib/libkernel.a(tlbsrc_bin.o)
 .pdr           0x00000320        0x0 /usr/local/ps2dev/ps2sdk/ee/lib/libkernel.a(srcfile_bin.o)
 .pdr           0x00000320        0x0 /usr/local/ps2dev/ps2sdk/ee/lib/libkernel.a(eenull_bin.o)
 .pdr           0x00000320        0x0 /usr/local/ps2dev/ps2sdk/ee/lib/libkernel.a(_exit_internals.o)
 .pdr           0x00000320       0x20 /usr/local/ps2dev/ps2sdk/ee/lib/libkernel.a(Exit.o)
 .pdr           0x00000340       0x20 /usr/local/ps2dev/ps2sdk/ee/lib/libkernel.a(ExecPS2.o)
 .pdr           0x00000360       0x20 /usr/local/ps2dev/ps2sdk/ee/lib/libkernel.a(kCopy.o)
 .pdr           0x00000380       0x60 /usr/local/ps2dev/ps2sdk/ee/lib/libkernel.a(setup_syscalls.o)
 .pdr           0x000003e0       0x20 /usr/local/ps2dev/ps2sdk/ee/lib/libkernel.a(KExit.o)
 .pdr           0x00000400       0x20 /usr/local/ps2dev/ps2sdk/ee/lib/libkernel.a(_ExecPS2.o)
 .pdr           0x00000420       0x20 /usr/local/ps2dev/ps2sdk/ee/lib/libkernel.a(CreateThread.o)
 .pdr           0x00000440       0x20 /usr/local/ps2dev/ps2sdk/ee/lib/libkernel.a(StartThread.o)
 .pdr           0x00000460       0x20 /usr/local/ps2dev/ps2sdk/ee/lib/libkernel.a(ChangeThreadPriority.o)
 .pdr           0x00000480       0x20 /usr/local/ps2dev/ps2sdk/ee/lib/libkernel.a(RotateThreadReadyQueue.o)
 .pdr           0x000004a0       0x20 /usr/local/ps2dev/ps2sdk/ee/lib/libkernel.a(GetThreadId.o)
 .pdr           0x000004c0       0x20 /usr/local/ps2dev/ps2sdk/ee/lib/libkernel.a(_iGetThreadId.o)
 .pdr           0x000004e0       0x20 /usr/local/ps2dev/ps2sdk/ee/lib/libkernel.a(WakeupThread.o)
 .pdr           0x00000500       0x20 /usr/local/ps2dev/ps2sdk/ee/lib/libkernel.a(_iWakeupThread.o)
 .pdr           0x00000520       0x20 /usr/local/ps2dev/ps2sdk/ee/lib/libkernel.a(SuspendThread.o)
 .pdr           0x00000540       0x20 /usr/local/ps2dev/ps2sdk/ee/lib/libkernel.a(CreateSema.o)
 .pdr           0x00000560       0x20 /usr/local/ps2dev/ps2sdk/ee/lib/libkernel.a(DeleteSema.o)
 .pdr           0x00000580       0x20 /usr/local/ps2dev/ps2sdk/ee/lib/libkernel.a(iSignalSema.o)
 .pdr           0x000005a0       0x20 /usr/local/ps2dev/ps2sdk/ee/lib/libkernel.a(WaitSema.o)
 .pdr           0x000005c0       0x20 /usr/local/ps2dev/ps2sdk/ee/lib/libkernel.a(SetOsdConfigParam.o)
 .pdr           0x000005e0       0x20 /usr/local/ps2dev/ps2sdk/ee/lib/libkernel.a(GetOsdConfigParam.o)
 .pdr           0x00000600       0x20 /usr/local/ps2dev/ps2sdk/ee/lib/libkernel.a(_SetTLBEntry.o)
 .pdr           0x00000620       0x20 /usr/local/ps2dev/ps2sdk/ee/lib/libkernel.a(sceSifSetReg.o)
 .pdr           0x00000640       0x20 /usr/local/ps2dev/ps2sdk/ee/lib/libkernel.a(sceSifGetReg.o)
 .pdr           0x00000660       0x20 /usr/local/ps2dev/ps2sdk/ee/lib/libkernel.a(GetMemorySize.o)
 .pdr           0x00000680       0x20 /usr/local/ps2dev/ps2sdk/ee/lib/libkernel.a(_InitTLB.o)
 .pdr           0x000006a0       0x20 /usr/local/ps2dev/ps2sdk/ee/lib/libkernel.a(sceSifSendCmd.o)
 .pdr           0x000006c0       0x20 /usr/local/ps2dev/ps2sdk/ee/lib/libkernel.a(isceSifSendCmd.o)
 .pdr           0x000006e0       0x80 /usr/local/ps2dev/ps2sdk/ee/lib/libkernel.a(sif_cmd_main.o)
 .pdr           0x00000760       0x20 /usr/local/ps2dev/ps2sdk/ee/lib/libkernel.a(sceSifAddCmdHandler.o)
 .pdr           0x00000780       0x20 /usr/local/ps2dev/ps2sdk/ee/lib/libkernel.a(sceSifGetSreg.o)
 .pdr           0x000007a0       0x20 /usr/local/ps2dev/ps2sdk/ee/lib/libkernel.a(_rpc_get_fpacket.o)
 .pdr           0x000007c0       0x20 /usr/local/ps2dev/ps2sdk/ee/lib/libkernel.a(sceSifBindRpc.o)
 .pdr           0x000007e0       0x20 /usr/local/ps2dev/ps2sdk/ee/lib/libkernel.a(_SifLoadElfPart.o)
 .pdr           0x00000800       0x20 /usr/local/ps2dev/ps2sdk/ee/lib/libkernel.a(EnableDmac.o)
 .pdr           0x00000820       0x20 /usr/local/ps2dev/ps2sdk/ee/lib/libkernel.a(DisableDmac.o)
 .pdr           0x00000840       0x20 /usr/local/ps2dev/ps2sdk/ee/lib/libkernel.a(_ps2sdk_init_timer.o)
 .pdr           0x00000860       0x20 /usr/local/ps2dev/ps2sdk/ee/lib/libkernel.a(TerminateLibrary.o)
 .pdr           0x00000880       0x20 /usr/local/ps2dev/ps2sdk/ee/lib/libkernel.a(SetArg.o)
 .pdr           0x000008a0       0x20 /usr/local/ps2dev/ps2sdk/ee/lib/libkernel.a(kCopyBytes.o)
 .pdr           0x000008c0       0x20 /usr/local/ps2dev/ps2sdk/ee/lib/libkernel.a(AddDmacHandler.o)
 .pdr           0x000008e0       0x20 /usr/local/ps2dev/ps2sdk/ee/lib/libkernel.a(RemoveDmacHandler.o)
 .pdr           0x00000900       0x20 /usr/local/ps2dev/ps2sdk/ee/lib/libkernel.a(_EnableDmac.o)
 .pdr           0x00000920       0x20 /usr/local/ps2dev/ps2sdk/ee/lib/libkernel.a(_DisableDmac.o)
 .pdr           0x00000940       0x20 /usr/local/ps2dev/ps2sdk/ee/lib/libkernel.a(sceSifSetDChain.o)
 .pdr           0x00000960       0x20 /usr/local/ps2dev/ps2sdk/ee/lib/libkernel.a(strlen.o)
 .pdr           0x00000980       0x20 /usr/local/ps2dev/ps2sdk/ee/lib/libkernel.a(memset.o)
 .pdr           0x000009a0       0x20 /usr/local/ps2dev/ps2sdk/ee/lib/libkernel.a(_SifSendCmd.o)
 .pdr           0x000009c0       0x20 /usr/local/ps2dev/ps2sdk/ee/lib/libkernel.a(_SifCmdIntHandler.o)
 .pdr           0x000009e0       0x20 /usr/local/ps2dev/ps2sdk/ee/lib/libkernel.a(_rpc_get_packet.o)
 .pdr           0x00000a00       0x20 /usr/local/ps2dev/ps2sdk/ee/lib/libkernel.a(sceSifCallRpc.o)
 .pdr           0x00000a20       0x20 /usr/local/ps2dev/ps2sdk/ee/lib/libkernel.a(_ps2sdk_deinit_timer.o)
 .pdr           0x00000a40       0x20 /usr/local/ps2dev/ps2sdk/ee/lib/libkernel.a(sceSifSetDma.o)
 .pdr           0x00000a60       0x20 /usr/local/ps2dev/ps2sdk/ee/lib/libkernel.a(isceSifSetDma.o)
 .pdr           0x00000a80       0x20 /usr/local/ps2dev/ps2sdk/ee/lib/libkernel.a(isceSifSetDChain.o)
 .pdr           0x00000aa0       0x20 /usr/local/ps2dev/ps2sdk/ee/lib/libkernel.a(sceSifWriteBackDCache.o)

.gnu.attributes
                0x00000000        0x0
 .gnu.attributes
                0x00000000       0x10 crt0.o
 .gnu.attributes
                0x00000010       0x10 loader.o
 .gnu.attributes
                0x00000020       0x10 /tmp/ccnj6elt.ltrans0.ltrans.o
 .gnu.attributes
                0x00000030       0x10 /usr/local/ps2dev/ee/mips64r5900el-ps2-elf/lib/libc.a(libc_a-strncpy.o)
 .gnu.attributes
                0x00000040       0x10 /usr/local/ps2dev/ee/mips64r5900el-ps2-elf/lib/libc.a(libc_a-strcpy.o)
 .gnu.attributes
                0x00000050       0x10 /usr/local/ps2dev/ee/mips64r5900el-ps2-elf/lib/libc.a(libc_a-strncat.o)
 .gnu.attributes
                0x00000060       0x10 /usr/local/ps2dev/ps2sdk/ee/lib/libkernel.a(FlushCache.o)
 .gnu.attributes
                0x00000070       0x10 /usr/local/ps2dev/ps2sdk/ee/lib/libkernel.a(SifRpcMain.o)
 .gnu.attributes
                0x00000080       0x10 /usr/local/ps2dev/ps2sdk/ee/lib/libkernel.a(SifLoadFileInit.o)
 .gnu.attributes
                0x00000090       0x10 /usr/local/ps2dev/ps2sdk/ee/lib/libkernel.a(SifLoadElf.o)
 .gnu.attributes
                0x000000a0       0x10 /usr/local/ps2dev/ps2sdk/ee/lib/libkernel.a(__iop_control_internals.o)
 .gnu.attributes
                0x000000b0       0x10 /usr/local/ps2dev/ps2sdk/ee/lib/libkernel.a(DIntr.o)
 .gnu.attributes
                0x000000c0       0x10 /usr/local/ps2dev/ps2sdk/ee/lib/libkernel.a(EIntr.o)
 .gnu.attributes
                0x000000d0       0x10 /usr/local/ps2dev/ps2sdk/ee/lib/libkernel.a(_InitSys.o)
 .gnu.attributes
                0x000000e0       0x10 /usr/local/ps2dev/ps2sdk/ee/lib/libkernel.a(_thread_internals.o)
 .gnu.attributes
                0x000000f0       0x10 /usr/local/ps2dev/ps2sdk/ee/lib/libkernel.a(iWakeupThread.o)
 .gnu.attributes
                0x00000100       0x10 /usr/local/ps2dev/ps2sdk/ee/lib/libkernel.a(libosd.o)
 .gnu.attributes
                0x00000110       0x10 /usr/local/ps2dev/ps2sdk/ee/lib/libkernel.a(libosd_common.o)
 .gnu.attributes
                0x00000120       0x10 /usr/local/ps2dev/ps2sdk/ee/lib/libkernel.a(osdsrc_bin.o)
 .gnu.attributes
                0x00000130       0x10 /usr/local/ps2dev/ps2sdk/ee/lib/libkernel.a(tlbfunc.o)
 .gnu.attributes
                0x00000140       0x10 /usr/local/ps2dev/ps2sdk/ee/lib/libkernel.a(tlbsrc_bin.o)
 .gnu.attributes
                0x00000150       0x10 /usr/local/ps2dev/ps2sdk/ee/lib/libkernel.a(srcfile_bin.o)
 .gnu.attributes
                0x00000160       0x10 /usr/local/ps2dev/ps2sdk/ee/lib/libkernel.a(eenull_bin.o)
 .gnu.attributes
                0x00000170       0x10 /usr/local/ps2dev/ps2sdk/ee/lib/libkernel.a(_exit_internals.o)
 .gnu.attributes
                0x00000180       0x10 /usr/local/ps2dev/ps2sdk/ee/lib/libkernel.a(Exit.o)
 .gnu.attributes
                0x00000190       0x10 /usr/local/ps2dev/ps2sdk/ee/lib/libkernel.a(ExecPS2.o)
 .gnu.attributes
                0x000001a0       0x10 /usr/local/ps2dev/ps2sdk/ee/lib/libkernel.a(kCopy.o)
 .gnu.attributes
                0x000001b0       0x10 /usr/local/ps2dev/ps2sdk/ee/lib/libkernel.a(setup_syscalls.o)
 .gnu.attributes
                0x000001c0       0x10 /usr/local/ps2dev/ps2sdk/ee/lib/libkernel.a(KExit.o)
 .gnu.attributes
                0x000001d0       0x10 /usr/local/ps2dev/ps2sdk/ee/lib/libkernel.a(_ExecPS2.o)
 .gnu.attributes
                0x000001e0       0x10 /usr/local/ps2dev/ps2sdk/ee/lib/libkernel.a(CreateThread.o)
 .gnu.attributes
                0x000001f0       0x10 /usr/local/ps2dev/ps2sdk/ee/lib/libkernel.a(StartThread.o)
 .gnu.attributes
                0x00000200       0x10 /usr/local/ps2dev/ps2sdk/ee/lib/libkernel.a(ChangeThreadPriority.o)
 .gnu.attributes
                0x00000210       0x10 /usr/local/ps2dev/ps2sdk/ee/lib/libkernel.a(RotateThreadReadyQueue.o)
 .gnu.attributes
                0x00000220       0x10 /usr/local/ps2dev/ps2sdk/ee/lib/libkernel.a(GetThreadId.o)
 .gnu.attributes
                0x00000230       0x10 /usr/local/ps2dev/ps2sdk/ee/lib/libkernel.a(_iGetThreadId.o)
 .gnu.attributes
                0x00000240       0x10 /usr/local/ps2dev/ps2sdk/ee/lib/libkernel.a(WakeupThread.o)
 .gnu.attributes
                0x00000250       0x10 /usr/local/ps2dev/ps2sdk/ee/lib/libkernel.a(_iWakeupThread.o)
 .gnu.attributes
                0x00000260       0x10 /usr/local/ps2dev/ps2sdk/ee/lib/libkernel.a(SuspendThread.o)
 .gnu.attributes
                0x00000270       0x10 /usr/local/ps2dev/ps2sdk/ee/lib/libkernel.a(CreateSema.o)
 .gnu.attributes
                0x00000280       0x10 /usr/local/ps2dev/ps2sdk/ee/lib/libkernel.a(DeleteSema.o)
 .gnu.attributes
                0x00000290       0x10 /usr/local/ps2dev/ps2sdk/ee/lib/libkernel.a(iSignalSema.o)
 .gnu.attributes
                0x000002a0       0x10 /usr/local/ps2dev/ps2sdk/ee/lib/libkernel.a(WaitSema.o)
 .gnu.attributes
                0x000002b0       0x10 /usr/local/ps2dev/ps2sdk/ee/lib/libkernel.a(SetOsdConfigParam.o)
 .gnu.attributes
                0x000002c0       0x10 /usr/local/ps2dev/ps2sdk/ee/lib/libkernel.a(GetOsdConfigParam.o)
 .gnu.attributes
                0x000002d0       0x10 /usr/local/ps2dev/ps2sdk/ee/lib/libkernel.a(_SetTLBEntry.o)
 .gnu.attributes
                0x000002e0       0x10 /usr/local/ps2dev/ps2sdk/ee/lib/libkernel.a(sceSifSetReg.o)
 .gnu.attributes
                0x000002f0       0x10 /usr/local/ps2dev/ps2sdk/ee/lib/libkernel.a(sceSifGetReg.o)
 .gnu.attributes
                0x00000300       0x10 /usr/local/ps2dev/ps2sdk/ee/lib/libkernel.a(GetMemorySize.o)
 .gnu.attributes
                0x00000310       0x10 /usr/local/ps2dev/ps2sdk/ee/lib/libkernel.a(_InitTLB.o)
 .gnu.attributes
                0x00000320       0x10 /usr/local/ps2dev/ps2sdk/ee/lib/libkernel.a(sceSifSendCmd.o)
 .gnu.attributes
                0x00000330       0x10 /usr/local/ps2dev/ps2sdk/ee/lib/libkernel.a(isceSifSendCmd.o)
 .gnu.attributes
                0x00000340       0x10 /usr/local/ps2dev/ps2sdk/ee/lib/libkernel.a(sif_cmd_main.o)
 .gnu.attributes
                0x00000350       0x10 /usr/local/ps2dev/ps2sdk/ee/lib/libkernel.a(sceSifAddCmdHandler.o)
 .gnu.attributes
                0x00000360       0x10 /usr/local/ps2dev/ps2sdk/ee/lib/libkernel.a(sceSifGetSreg.o)
 .gnu.attributes
                0x00000370       0x10 /usr/local/ps2dev/ps2sdk/ee/lib/libkernel.a(_rpc_get_fpacket.o)
 .gnu.attributes
                0x00000380       0x10 /usr/local/ps2dev/ps2sdk/ee/lib/libkernel.a(sceSifBindRpc.o)
 .gnu.attributes
                0x00000390       0x10 /usr/local/ps2dev/ps2sdk/ee/lib/libkernel.a(_SifLoadElfPart.o)
 .gnu.attributes
                0x000003a0       0x10 /usr/local/ps2dev/ps2sdk/ee/lib/libkernel.a(EnableDmac.o)
 .gnu.attributes
                0x000003b0       0x10 /usr/local/ps2dev/ps2sdk/ee/lib/libkernel.a(DisableDmac.o)
 .gnu.attributes
                0x000003c0       0x10 /usr/local/ps2dev/ps2sdk/ee/lib/libkernel.a(_ps2sdk_init_timer.o)
 .gnu.attributes
                0x000003d0       0x10 /usr/local/ps2dev/ps2sdk/ee/lib/libkernel.a(TerminateLibrary.o)
 .gnu.attributes
                0x000003e0       0x10 /usr/local/ps2dev/ps2sdk/ee/lib/libkernel.a(SetArg.o)
 .gnu.attributes
                0x000003f0       0x10 /usr/local/ps2dev/ps2sdk/ee/lib/libkernel.a(kCopyBytes.o)
 .gnu.attributes
                0x00000400       0x10 /usr/local/ps2dev/ps2sdk/ee/lib/libkernel.a(AddDmacHandler.o)
 .gnu.attributes
                0x00000410       0x10 /usr/local/ps2dev/ps2sdk/ee/lib/libkernel.a(RemoveDmacHandler.o)
 .gnu.attributes
                0x00000420       0x10 /usr/local/ps2dev/ps2sdk/ee/lib/libkernel.a(_EnableDmac.o)
 .gnu.attributes
                0x00000430       0x10 /usr/local/ps2dev/ps2sdk/ee/lib/libkernel.a(_DisableDmac.o)
 .gnu.attributes
                0x00000440       0x10 /usr/local/ps2dev/ps2sdk/ee/lib/libkernel.a(sceSifSetDChain.o)
 .gnu.attributes
                0x00000450       0x10 /usr/local/ps2dev/ps2sdk/ee/lib/libkernel.a(strlen.o)
 .gnu.attributes
                0x00000460       0x10 /usr/local/ps2dev/ps2sdk/ee/lib/libkernel.a(memset.o)
 .gnu.attributes
                0x00000470       0x10 /usr/local/ps2dev/ps2sdk/ee/lib/libkernel.a(_SifSendCmd.o)
 .gnu.attributes
                0x00000480       0x10 /usr/local/ps2dev/ps2sdk/ee/lib/libkernel.a(_SifCmdIntHandler.o)
 .gnu.attributes
                0x00000490       0x10 /usr/local/ps2dev/ps2sdk/ee/lib/libkernel.a(_rpc_get_packet.o)
 .gnu.attributes
                0x000004a0       0x10 /usr/local/ps2dev/ps2sdk/ee/lib/libkernel.a(sceSifCallRpc.o)
 .gnu.attributes
                0x000004b0       0x10 /usr/local/ps2dev/ps2sdk/ee/lib/libkernel.a(_ps2sdk_deinit_timer.o)
 .gnu.attributes
                0x000004c0       0x10 /usr/local/ps2dev/ps2sdk/ee/lib/libkernel.a(sceSifSetDma.o)
 .gnu.attributes
                0x000004d0       0x10 /usr/local/ps2dev/ps2sdk/ee/lib/libkernel.a(isceSifSetDma.o)
 .gnu.attributes
                0x000004e0       0x10 /usr/local/ps2dev/ps2sdk/ee/lib/libkernel.a(isceSifSetDChain.o)
 .gnu.attributes
                0x000004f0       0x10 /usr/local/ps2dev/ps2sdk/ee/lib/libkernel.a(sceSifWriteBackDCache.o)

.mdebug.abiN32  0x00000000        0x0
 .mdebug.abiN32
                0x00000000        0x0 loader.o
 .mdebug.abiN32
                0x00000000        0x0 /tmp/ccnj6elt.ltrans0.ltrans.o
 .mdebug.abiN32
                0x00000000        0x0 /usr/local/ps2dev/ee/mips64r5900el-ps2-elf/lib/libc.a(libc_a-strncpy.o)
 .mdebug.abiN32
                0x00000000        0x0 /usr/local/ps2dev/ee/mips64r5900el-ps2-elf/lib/libc.a(libc_a-strcpy.o)
 .mdebug.abiN32
                0x00000000        0x0 /usr/local/ps2dev/ee/mips64r5900el-ps2-elf/lib/libc.a(libc_a-strncat.o)
 .mdebug.abiN32
                0x00000000        0x0 /usr/local/ps2dev/ps2sdk/ee/lib/libkernel.a(SifRpcMain.o)
 .mdebug.abiN32
                0x00000000        0x0 /usr/local/ps2dev/ps2sdk/ee/lib/libkernel.a(SifLoadFileInit.o)
 .mdebug.abiN32
                0x00000000        0x0 /usr/local/ps2dev/ps2sdk/ee/lib/libkernel.a(SifLoadElf.o)
 .mdebug.abiN32
                0x00000000        0x0 /usr/local/ps2dev/ps2sdk/ee/lib/libkernel.a(__iop_control_internals.o)
 .mdebug.abiN32
                0x00000000        0x0 /usr/local/ps2dev/ps2sdk/ee/lib/libkernel.a(DIntr.o)
 .mdebug.abiN32
                0x00000000        0x0 /usr/local/ps2dev/ps2sdk/ee/lib/libkernel.a(EIntr.o)
 .mdebug.abiN32
                0x00000000        0x0 /usr/local/ps2dev/ps2sdk/ee/lib/libkernel.a(_InitSys.o)
 .mdebug.abiN32
                0x00000000        0x0 /usr/local/ps2dev/ps2sdk/ee/lib/libkernel.a(_thread_internals.o)
 .mdebug.abiN32
                0x00000000        0x0 /usr/local/ps2dev/ps2sdk/ee/lib/libkernel.a(iWakeupThread.o)
 .mdebug.abiN32
                0x00000000        0x0 /usr/local/ps2dev/ps2sdk/ee/lib/libkernel.a(libosd.o)
 .mdebug.abiN32
                0x00000000        0x0 /usr/local/ps2dev/ps2sdk/ee/lib/libkernel.a(libosd_common.o)
 .mdebug.abiN32
                0x00000000        0x0 /usr/local/ps2dev/ps2sdk/ee/lib/libkernel.a(osdsrc_bin.o)
 .mdebug.abiN32
                0x00000000        0x0 /usr/local/ps2dev/ps2sdk/ee/lib/libkernel.a(tlbfunc.o)
 .mdebug.abiN32
                0x00000000        0x0 /usr/local/ps2dev/ps2sdk/ee/lib/libkernel.a(tlbsrc_bin.o)
 .mdebug.abiN32
                0x00000000        0x0 /usr/local/ps2dev/ps2sdk/ee/lib/libkernel.a(srcfile_bin.o)
 .mdebug.abiN32
                0x00000000        0x0 /usr/local/ps2dev/ps2sdk/ee/lib/libkernel.a(eenull_bin.o)
 .mdebug.abiN32
                0x00000000        0x0 /usr/local/ps2dev/ps2sdk/ee/lib/libkernel.a(_exit_internals.o)
 .mdebug.abiN32
                0x00000000        0x0 /usr/local/ps2dev/ps2sdk/ee/lib/libkernel.a(Exit.o)
 .mdebug.abiN32
                0x00000000        0x0 /usr/local/ps2dev/ps2sdk/ee/lib/libkernel.a(ExecPS2.o)
 .mdebug.abiN32
                0x00000000        0x0 /usr/local/ps2dev/ps2sdk/ee/lib/libkernel.a(kCopy.o)
 .mdebug.abiN32
                0x00000000        0x0 /usr/local/ps2dev/ps2sdk/ee/lib/libkernel.a(sceSifSendCmd.o)
 .mdebug.abiN32
                0x00000000        0x0 /usr/local/ps2dev/ps2sdk/ee/lib/libkernel.a(isceSifSendCmd.o)
 .mdebug.abiN32
                0x00000000        0x0 /usr/local/ps2dev/ps2sdk/ee/lib/libkernel.a(sif_cmd_main.o)
 .mdebug.abiN32
                0x00000000        0x0 /usr/local/ps2dev/ps2sdk/ee/lib/libkernel.a(sceSifAddCmdHandler.o)
 .mdebug.abiN32
                0x00000000        0x0 /usr/local/ps2dev/ps2sdk/ee/lib/libkernel.a(sceSifGetSreg.o)
 .mdebug.abiN32
                0x00000000        0x0 /usr/local/ps2dev/ps2sdk/ee/lib/libkernel.a(_rpc_get_fpacket.o)
 .mdebug.abiN32
                0x00000000        0x0 /usr/local/ps2dev/ps2sdk/ee/lib/libkernel.a(sceSifBindRpc.o)
 .mdebug.abiN32
                0x00000000        0x0 /usr/local/ps2dev/ps2sdk/ee/lib/libkernel.a(_SifLoadElfPart.o)
 .mdebug.abiN32
                0x00000000        0x0 /usr/local/ps2dev/ps2sdk/ee/lib/libkernel.a(EnableDmac.o)
 .mdebug.abiN32
                0x00000000        0x0 /usr/local/ps2dev/ps2sdk/ee/lib/libkernel.a(DisableDmac.o)
 .mdebug.abiN32
                0x00000000        0x0 /usr/local/ps2dev/ps2sdk/ee/lib/libkernel.a(_ps2sdk_init_timer.o)
 .mdebug.abiN32
                0x00000000        0x0 /usr/local/ps2dev/ps2sdk/ee/lib/libkernel.a(TerminateLibrary.o)
 .mdebug.abiN32
                0x00000000        0x0 /usr/local/ps2dev/ps2sdk/ee/lib/libkernel.a(SetArg.o)
 .mdebug.abiN32
                0x00000000        0x0 /usr/local/ps2dev/ps2sdk/ee/lib/libkernel.a(kCopyBytes.o)
 .mdebug.abiN32
                0x00000000        0x0 /usr/local/ps2dev/ps2sdk/ee/lib/libkernel.a(_SifSendCmd.o)
 .mdebug.abiN32
                0x00000000        0x0 /usr/local/ps2dev/ps2sdk/ee/lib/libkernel.a(_SifCmdIntHandler.o)
 .mdebug.abiN32
                0x00000000        0x0 /usr/local/ps2dev/ps2sdk/ee/lib/libkernel.a(_rpc_get_packet.o)
 .mdebug.abiN32
                0x00000000        0x0 /usr/local/ps2dev/ps2sdk/ee/lib/libkernel.a(sceSifCallRpc.o)
 .mdebug.abiN32
                0x00000000        0x0 /usr/local/ps2dev/ps2sdk/ee/lib/libkernel.a(_ps2sdk_deinit_timer.o)

.comment        0x00000000       0x12
 .comment       0x00000000       0x12 loader.o
                                 0x13 (size before relaxing)
 .comment       0x00000012        0x0 /tmp/ccnj6elt.ltrans0.ltrans.o
                                 0x13 (size before relaxing)
 .comment       0x00000012        0x0 /tmp/ccaLGZJR.debug.temp.o
                                 0x13 (size before relaxing)
 .comment       0x00000012        0x0 /usr/local/ps2dev/ee/mips64r5900el-ps2-elf/lib/libc.a(libc_a-strncpy.o)
                                 0x13 (size before relaxing)
 .comment       0x00000012        0x0 /usr/local/ps2dev/ee/mips64r5900el-ps2-elf/lib/libc.a(libc_a-strcpy.o)
                                 0x13 (size before relaxing)
 .comment       0x00000012        0x0 /usr/local/ps2dev/ee/mips64r5900el-ps2-elf/lib/libc.a(libc_a-strncat.o)
                                 0x13 (size before relaxing)
 .comment       0x00000012        0x0 /usr/local/ps2dev/ps2sdk/ee/lib/libkernel.a(SifRpcMain.o)
                                 0x13 (size before relaxing)
 .comment       0x00000012        0x0 /usr/local/ps2dev/ps2sdk/ee/lib/libkernel.a(SifLoadFileInit.o)
                                 0x13 (size before relaxing)
 .comment       0x00000012        0x0 /usr/local/ps2dev/ps2sdk/ee/lib/libkernel.a(SifLoadElf.o)
                                 0x13 (size before relaxing)
 .comment       0x00000012        0x0 /usr/local/ps2dev/ps2sdk/ee/lib/libkernel.a(__iop_control_internals.o)
                                 0x13 (size before relaxing)
 .comment       0x00000012        0x0 /usr/local/ps2dev/ps2sdk/ee/lib/libkernel.a(DIntr.o)
                                 0x13 (size before relaxing)
 .comment       0x00000012        0x0 /usr/local/ps2dev/ps2sdk/ee/lib/libkernel.a(EIntr.o)
                                 0x13 (size before relaxing)
 .comment       0x00000012        0x0 /usr/local/ps2dev/ps2sdk/ee/lib/libkernel.a(_InitSys.o)
                                 0x13 (size before relaxing)
 .comment       0x00000012        0x0 /usr/local/ps2dev/ps2sdk/ee/lib/libkernel.a(_thread_internals.o)
                                 0x13 (size before relaxing)
 .comment       0x00000012        0x0 /usr/local/ps2dev/ps2sdk/ee/lib/libkernel.a(iWakeupThread.o)
                                 0x13 (size before relaxing)
 .comment       0x00000012        0x0 /usr/local/ps2dev/ps2sdk/ee/lib/libkernel.a(libosd.o)
                                 0x13 (size before relaxing)
 .comment       0x00000012        0x0 /usr/local/ps2dev/ps2sdk/ee/lib/libkernel.a(libosd_common.o)
                                 0x13 (size before relaxing)
 .comment       0x00000012        0x0 /usr/local/ps2dev/ps2sdk/ee/lib/libkernel.a(osdsrc_bin.o)
                                 0x13 (size before relaxing)
 .comment       0x00000012        0x0 /usr/local/ps2dev/ps2sdk/ee/lib/libkernel.a(tlbfunc.o)
                                 0x13 (size before relaxing)
 .comment       0x00000012        0x0 /usr/local/ps2dev/ps2sdk/ee/lib/libkernel.a(tlbsrc_bin.o)
                                 0x13 (size before relaxing)
 .comment       0x00000012        0x0 /usr/local/ps2dev/ps2sdk/ee/lib/libkernel.a(srcfile_bin.o)
                                 0x13 (size before relaxing)
 .comment       0x00000012        0x0 /usr/local/ps2dev/ps2sdk/ee/lib/libkernel.a(eenull_bin.o)
                                 0x13 (size before relaxing)
 .comment       0x00000012        0x0 /usr/local/ps2dev/ps2sdk/ee/lib/libkernel.a(_exit_internals.o)
                                 0x13 (size before relaxing)
 .comment       0x00000012        0x0 /usr/local/ps2dev/ps2sdk/ee/lib/libkernel.a(Exit.o)
                                 0x13 (size before relaxing)
 .comment       0x00000012        0x0 /usr/local/ps2dev/ps2sdk/ee/lib/libkernel.a(ExecPS2.o)
                                 0x13 (size before relaxing)
 .comment       0x00000012        0x0 /usr/local/ps2dev/ps2sdk/ee/lib/libkernel.a(kCopy.o)
                                 0x13 (size before relaxing)
 .comment       0x00000012        0x0 /usr/local/ps2dev/ps2sdk/ee/lib/libkernel.a(sceSifSendCmd.o)
                                 0x13 (size before relaxing)
 .comment       0x00000012        0x0 /usr/local/ps2dev/ps2sdk/ee/lib/libkernel.a(isceSifSendCmd.o)
                                 0x13 (size before relaxing)
 .comment       0x00000012        0x0 /usr/local/ps2dev/ps2sdk/ee/lib/libkernel.a(sif_cmd_main.o)
                                 0x13 (size before relaxing)
 .comment       0x00000012        0x0 /usr/local/ps2dev/ps2sdk/ee/lib/libkernel.a(sceSifAddCmdHandler.o)
                                 0x13 (size before relaxing)
 .comment       0x00000012        0x0 /usr/local/ps2dev/ps2sdk/ee/lib/libkernel.a(sceSifGetSreg.o)
                                 0x13 (size before relaxing)
 .comment       0x00000012        0x0 /usr/local/ps2dev/ps2sdk/ee/lib/libkernel.a(_rpc_get_fpacket.o)
                                 0x13 (size before relaxing)
 .comment       0x00000012        0x0 /usr/local/ps2dev/ps2sdk/ee/lib/libkernel.a(sceSifBindRpc.o)
                                 0x13 (size before relaxing)
 .comment       0x00000012        0x0 /usr/local/ps2dev/ps2sdk/ee/lib/libkernel.a(_SifLoadElfPart.o)
                                 0x13 (size before relaxing)
 .comment       0x00000012        0x0 /usr/local/ps2dev/ps2sdk/ee/lib/libkernel.a(EnableDmac.o)
                                 0x13 (size before relaxing)
 .comment       0x00000012        0x0 /usr/local/ps2dev/ps2sdk/ee/lib/libkernel.a(DisableDmac.o)
                                 0x13 (size before relaxing)
 .comment       0x00000012        0x0 /usr/local/ps2dev/ps2sdk/ee/lib/libkernel.a(_ps2sdk_init_timer.o)
                                 0x13 (size before relaxing)
 .comment       0x00000012        0x0 /usr/local/ps2dev/ps2sdk/ee/lib/libkernel.a(TerminateLibrary.o)
                                 0x13 (size before relaxing)
 .comment       0x00000012        0x0 /usr/local/ps2dev/ps2sdk/ee/lib/libkernel.a(SetArg.o)
                                 0x13 (size before relaxing)
 .comment       0x00000012        0x0 /usr/local/ps2dev/ps2sdk/ee/lib/libkernel.a(kCopyBytes.o)
                                 0x13 (size before relaxing)
 .comment       0x00000012        0x0 /usr/local/ps2dev/ps2sdk/ee/lib/libkernel.a(_SifSendCmd.o)
                                 0x13 (size before relaxing)
 .comment       0x00000012        0x0 /usr/local/ps2dev/ps2sdk/ee/lib/libkernel.a(_SifCmdIntHandler.o)
                                 0x13 (size before relaxing)
 .comment       0x00000012        0x0 /usr/local/ps2dev/ps2sdk/ee/lib/libkernel.a(_rpc_get_packet.o)
                                 0x13 (size before relaxing)
 .comment       0x00000012        0x0 /usr/local/ps2dev/ps2sdk/ee/lib/libkernel.a(sceSifCallRpc.o)
                                 0x13 (size before relaxing)
 .comment       0x00000012        0x0 /usr/local/ps2dev/ps2sdk/ee/lib/libkernel.a(_ps2sdk_deinit_timer.o)
                                 0x13 (size before relaxing)

.debug_info     0x00000000     0x7d19
 .debug_info    0x00000000      0x132 /tmp/ccnj6elt.ltrans0.ltrans.o
 .debug_info    0x00000132      0x1d4 /tmp/ccaLGZJR.debug.temp.o
                0x00000132                alarm.c.bc100763
 .debug_info    0x00000306      0x153 /usr/local/ps2dev/ee/mips64r5900el-ps2-elf/lib/libc.a(libc_a-strncpy.o)
 .debug_info    0x00000459      0x133 /usr/local/ps2dev/ee/mips64r5900el-ps2-elf/lib/libc.a(libc_a-strcpy.o)
 .debug_info    0x0000058c      0x124 /usr/local/ps2dev/ee/mips64r5900el-ps2-elf/lib/libc.a(libc_a-strncat.o)
 .debug_info    0x000006b0       0x35 /usr/local/ps2dev/ps2sdk/ee/lib/libkernel.a(FlushCache.o)
 .debug_info    0x000006e5      0xf67 /usr/local/ps2dev/ps2sdk/ee/lib/libkernel.a(SifRpcMain.o)
 .debug_info    0x0000164c      0x53d /usr/local/ps2dev/ps2sdk/ee/lib/libkernel.a(SifLoadFileInit.o)
 .debug_info    0x00001b89      0x1fa /usr/local/ps2dev/ps2sdk/ee/lib/libkernel.a(SifLoadElf.o)
 .debug_info    0x00001d83       0x93 /usr/local/ps2dev/ps2sdk/ee/lib/libkernel.a(__iop_control_internals.o)
 .debug_info    0x00001e16       0xb6 /usr/local/ps2dev/ps2sdk/ee/lib/libkernel.a(DIntr.o)
 .debug_info    0x00001ecc       0xa6 /usr/local/ps2dev/ps2sdk/ee/lib/libkernel.a(EIntr.o)
 .debug_info    0x00001f72      0x10d /usr/local/ps2dev/ps2sdk/ee/lib/libkernel.a(_InitSys.o)
 .debug_info    0x0000207f      0x4f4 /usr/local/ps2dev/ps2sdk/ee/lib/libkernel.a(_thread_internals.o)
 .debug_info    0x00002573      0x204 /usr/local/ps2dev/ps2sdk/ee/lib/libkernel.a(iWakeupThread.o)
 .debug_info    0x00002777      0x26e /usr/local/ps2dev/ps2sdk/ee/lib/libkernel.a(libosd.o)
 .debug_info    0x000029e5      0x1e0 /usr/local/ps2dev/ps2sdk/ee/lib/libkernel.a(libosd_common.o)
 .debug_info    0x00002bc5       0x64 /usr/local/ps2dev/ps2sdk/ee/lib/libkernel.a(osdsrc_bin.o)
 .debug_info    0x00002c29      0x595 /usr/local/ps2dev/ps2sdk/ee/lib/libkernel.a(tlbfunc.o)
 .debug_info    0x000031be       0x64 /usr/local/ps2dev/ps2sdk/ee/lib/libkernel.a(tlbsrc_bin.o)
 .debug_info    0x00003222       0x64 /usr/local/ps2dev/ps2sdk/ee/lib/libkernel.a(srcfile_bin.o)
 .debug_info    0x00003286       0x63 /usr/local/ps2dev/ps2sdk/ee/lib/libkernel.a(eenull_bin.o)
 .debug_info    0x000032e9       0xa7 /usr/local/ps2dev/ps2sdk/ee/lib/libkernel.a(_exit_internals.o)
 .debug_info    0x00003390       0xfe /usr/local/ps2dev/ps2sdk/ee/lib/libkernel.a(Exit.o)
 .debug_info    0x0000348e      0x1e3 /usr/local/ps2dev/ps2sdk/ee/lib/libkernel.a(ExecPS2.o)
 .debug_info    0x00003671      0x132 /usr/local/ps2dev/ps2sdk/ee/lib/libkernel.a(kCopy.o)
 .debug_info    0x000037a3       0x51 /usr/local/ps2dev/ps2sdk/ee/lib/libkernel.a(setup_syscalls.o)
 .debug_info    0x000037f4       0x35 /usr/local/ps2dev/ps2sdk/ee/lib/libkernel.a(KExit.o)
 .debug_info    0x00003829       0x35 /usr/local/ps2dev/ps2sdk/ee/lib/libkernel.a(_ExecPS2.o)
 .debug_info    0x0000385e       0x35 /usr/local/ps2dev/ps2sdk/ee/lib/libkernel.a(CreateThread.o)
 .debug_info    0x00003893       0x35 /usr/local/ps2dev/ps2sdk/ee/lib/libkernel.a(StartThread.o)
 .debug_info    0x000038c8       0x35 /usr/local/ps2dev/ps2sdk/ee/lib/libkernel.a(ChangeThreadPriority.o)
 .debug_info    0x000038fd       0x35 /usr/local/ps2dev/ps2sdk/ee/lib/libkernel.a(RotateThreadReadyQueue.o)
 .debug_info    0x00003932       0x35 /usr/local/ps2dev/ps2sdk/ee/lib/libkernel.a(GetThreadId.o)
 .debug_info    0x00003967       0x35 /usr/local/ps2dev/ps2sdk/ee/lib/libkernel.a(_iGetThreadId.o)
 .debug_info    0x0000399c       0x35 /usr/local/ps2dev/ps2sdk/ee/lib/libkernel.a(WakeupThread.o)
 .debug_info    0x000039d1       0x35 /usr/local/ps2dev/ps2sdk/ee/lib/libkernel.a(_iWakeupThread.o)
 .debug_info    0x00003a06       0x35 /usr/local/ps2dev/ps2sdk/ee/lib/libkernel.a(SuspendThread.o)
 .debug_info    0x00003a3b       0x35 /usr/local/ps2dev/ps2sdk/ee/lib/libkernel.a(CreateSema.o)
 .debug_info    0x00003a70       0x35 /usr/local/ps2dev/ps2sdk/ee/lib/libkernel.a(DeleteSema.o)
 .debug_info    0x00003aa5       0x35 /usr/local/ps2dev/ps2sdk/ee/lib/libkernel.a(iSignalSema.o)
 .debug_info    0x00003ada       0x35 /usr/local/ps2dev/ps2sdk/ee/lib/libkernel.a(WaitSema.o)
 .debug_info    0x00003b0f       0x35 /usr/local/ps2dev/ps2sdk/ee/lib/libkernel.a(SetOsdConfigParam.o)
 .debug_info    0x00003b44       0x35 /usr/local/ps2dev/ps2sdk/ee/lib/libkernel.a(GetOsdConfigParam.o)
 .debug_info    0x00003b79       0x35 /usr/local/ps2dev/ps2sdk/ee/lib/libkernel.a(_SetTLBEntry.o)
 .debug_info    0x00003bae       0x35 /usr/local/ps2dev/ps2sdk/ee/lib/libkernel.a(sceSifSetReg.o)
 .debug_info    0x00003be3       0x35 /usr/local/ps2dev/ps2sdk/ee/lib/libkernel.a(sceSifGetReg.o)
 .debug_info    0x00003c18       0x35 /usr/local/ps2dev/ps2sdk/ee/lib/libkernel.a(GetMemorySize.o)
 .debug_info    0x00003c4d       0x35 /usr/local/ps2dev/ps2sdk/ee/lib/libkernel.a(_InitTLB.o)
 .debug_info    0x00003c82      0x1a4 /usr/local/ps2dev/ps2sdk/ee/lib/libkernel.a(sceSifSendCmd.o)
 .debug_info    0x00003e26      0x1a4 /usr/local/ps2dev/ps2sdk/ee/lib/libkernel.a(isceSifSendCmd.o)
 .debug_info    0x00003fca      0x92c /usr/local/ps2dev/ps2sdk/ee/lib/libkernel.a(sif_cmd_main.o)
 .debug_info    0x000048f6      0x22a /usr/local/ps2dev/ps2sdk/ee/lib/libkernel.a(sceSifAddCmdHandler.o)
 .debug_info    0x00004b20      0x202 /usr/local/ps2dev/ps2sdk/ee/lib/libkernel.a(sceSifGetSreg.o)
 .debug_info    0x00004d22      0x188 /usr/local/ps2dev/ps2sdk/ee/lib/libkernel.a(_rpc_get_fpacket.o)
 .debug_info    0x00004eaa      0x91f /usr/local/ps2dev/ps2sdk/ee/lib/libkernel.a(sceSifBindRpc.o)
 .debug_info    0x000057c9      0x583 /usr/local/ps2dev/ps2sdk/ee/lib/libkernel.a(_SifLoadElfPart.o)
 .debug_info    0x00005d4c      0x153 /usr/local/ps2dev/ps2sdk/ee/lib/libkernel.a(EnableDmac.o)
 .debug_info    0x00005e9f      0x153 /usr/local/ps2dev/ps2sdk/ee/lib/libkernel.a(DisableDmac.o)
 .debug_info    0x00005ff2       0xb4 /usr/local/ps2dev/ps2sdk/ee/lib/libkernel.a(_ps2sdk_init_timer.o)
 .debug_info    0x000060a6       0xca /usr/local/ps2dev/ps2sdk/ee/lib/libkernel.a(TerminateLibrary.o)
 .debug_info    0x00006170      0x2b3 /usr/local/ps2dev/ps2sdk/ee/lib/libkernel.a(SetArg.o)
 .debug_info    0x00006423      0x137 /usr/local/ps2dev/ps2sdk/ee/lib/libkernel.a(kCopyBytes.o)
 .debug_info    0x0000655a       0x35 /usr/local/ps2dev/ps2sdk/ee/lib/libkernel.a(AddDmacHandler.o)
 .debug_info    0x0000658f       0x35 /usr/local/ps2dev/ps2sdk/ee/lib/libkernel.a(RemoveDmacHandler.o)
 .debug_info    0x000065c4       0x35 /usr/local/ps2dev/ps2sdk/ee/lib/libkernel.a(_EnableDmac.o)
 .debug_info    0x000065f9       0x35 /usr/local/ps2dev/ps2sdk/ee/lib/libkernel.a(_DisableDmac.o)
 .debug_info    0x0000662e       0x35 /usr/local/ps2dev/ps2sdk/ee/lib/libkernel.a(sceSifSetDChain.o)
 .debug_info    0x00006663       0x34 /usr/local/ps2dev/ps2sdk/ee/lib/libkernel.a(strlen.o)
 .debug_info    0x00006697       0x34 /usr/local/ps2dev/ps2sdk/ee/lib/libkernel.a(memset.o)
 .debug_info    0x000066cb      0x43a /usr/local/ps2dev/ps2sdk/ee/lib/libkernel.a(_SifSendCmd.o)
 .debug_info    0x00006b05      0x36d /usr/local/ps2dev/ps2sdk/ee/lib/libkernel.a(_SifCmdIntHandler.o)
 .debug_info    0x00006e72      0x2d7 /usr/local/ps2dev/ps2sdk/ee/lib/libkernel.a(_rpc_get_packet.o)
 .debug_info    0x00007149      0xa48 /usr/local/ps2dev/ps2sdk/ee/lib/libkernel.a(sceSifCallRpc.o)
 .debug_info    0x00007b91       0xb4 /usr/local/ps2dev/ps2sdk/ee/lib/libkernel.a(_ps2sdk_deinit_timer.o)
 .debug_info    0x00007c45       0x35 /usr/local/ps2dev/ps2sdk/ee/lib/libkernel.a(sceSifSetDma.o)
 .debug_info    0x00007c7a       0x35 /usr/local/ps2dev/ps2sdk/ee/lib/libkernel.a(isceSifSetDma.o)
 .debug_info    0x00007caf       0x35 /usr/local/ps2dev/ps2sdk/ee/lib/libkernel.a(isceSifSetDChain.o)
 .debug_info    0x00007ce4       0x35 /usr/local/ps2dev/ps2sdk/ee/lib/libkernel.a(sceSifWriteBackDCache.o)

.debug_abbrev   0x00000000     0x3303
 .debug_abbrev  0x00000000       0x81 /tmp/ccnj6elt.ltrans0.ltrans.o
 .debug_abbrev  0x00000081      0x104 /tmp/ccaLGZJR.debug.temp.o
 .debug_abbrev  0x00000185       0xa3 /usr/local/ps2dev/ee/mips64r5900el-ps2-elf/lib/libc.a(libc_a-strncpy.o)
 .debug_abbrev  0x00000228       0x94 /usr/local/ps2dev/ee/mips64r5900el-ps2-elf/lib/libc.a(libc_a-strcpy.o)
 .debug_abbrev  0x000002bc       0xac /usr/local/ps2dev/ee/mips64r5900el-ps2-elf/lib/libc.a(libc_a-strncat.o)
 .debug_abbrev  0x00000368       0x21 /usr/local/ps2dev/ps2sdk/ee/lib/libkernel.a(FlushCache.o)
 .debug_abbrev  0x00000389      0x37d /usr/local/ps2dev/ps2sdk/ee/lib/libkernel.a(SifRpcMain.o)
 .debug_abbrev  0x00000706      0x1ba /usr/local/ps2dev/ps2sdk/ee/lib/libkernel.a(SifLoadFileInit.o)
 .debug_abbrev  0x000008c0      0x11d /usr/local/ps2dev/ps2sdk/ee/lib/libkernel.a(SifLoadElf.o)
 .debug_abbrev  0x000009dd       0x39 /usr/local/ps2dev/ps2sdk/ee/lib/libkernel.a(__iop_control_internals.o)
 .debug_abbrev  0x00000a16       0x5a /usr/local/ps2dev/ps2sdk/ee/lib/libkernel.a(DIntr.o)
 .debug_abbrev  0x00000a70       0x5c /usr/local/ps2dev/ps2sdk/ee/lib/libkernel.a(EIntr.o)
 .debug_abbrev  0x00000acc       0x98 /usr/local/ps2dev/ps2sdk/ee/lib/libkernel.a(_InitSys.o)
 .debug_abbrev  0x00000b64      0x1d1 /usr/local/ps2dev/ps2sdk/ee/lib/libkernel.a(_thread_internals.o)
 .debug_abbrev  0x00000d35      0x14a /usr/local/ps2dev/ps2sdk/ee/lib/libkernel.a(iWakeupThread.o)
 .debug_abbrev  0x00000e7f      0x157 /usr/local/ps2dev/ps2sdk/ee/lib/libkernel.a(libosd.o)
 .debug_abbrev  0x00000fd6       0xe2 /usr/local/ps2dev/ps2sdk/ee/lib/libkernel.a(libosd_common.o)
 .debug_abbrev  0x000010b8       0x56 /usr/local/ps2dev/ps2sdk/ee/lib/libkernel.a(osdsrc_bin.o)
 .debug_abbrev  0x0000110e      0x21a /usr/local/ps2dev/ps2sdk/ee/lib/libkernel.a(tlbfunc.o)
 .debug_abbrev  0x00001328       0x56 /usr/local/ps2dev/ps2sdk/ee/lib/libkernel.a(tlbsrc_bin.o)
 .debug_abbrev  0x0000137e       0x56 /usr/local/ps2dev/ps2sdk/ee/lib/libkernel.a(srcfile_bin.o)
 .debug_abbrev  0x000013d4       0x56 /usr/local/ps2dev/ps2sdk/ee/lib/libkernel.a(eenull_bin.o)
 .debug_abbrev  0x0000142a       0x4f /usr/local/ps2dev/ps2sdk/ee/lib/libkernel.a(_exit_internals.o)
 .debug_abbrev  0x00001479       0xbe /usr/local/ps2dev/ps2sdk/ee/lib/libkernel.a(Exit.o)
 .debug_abbrev  0x00001537      0x121 /usr/local/ps2dev/ps2sdk/ee/lib/libkernel.a(ExecPS2.o)
 .debug_abbrev  0x00001658       0xdd /usr/local/ps2dev/ps2sdk/ee/lib/libkernel.a(kCopy.o)
 .debug_abbrev  0x00001735       0x21 /usr/local/ps2dev/ps2sdk/ee/lib/libkernel.a(setup_syscalls.o)
 .debug_abbrev  0x00001756       0x21 /usr/local/ps2dev/ps2sdk/ee/lib/libkernel.a(KExit.o)
 .debug_abbrev  0x00001777       0x21 /usr/local/ps2dev/ps2sdk/ee/lib/libkernel.a(_ExecPS2.o)
 .debug_abbrev  0x00001798       0x21 /usr/local/ps2dev/ps2sdk/ee/lib/libkernel.a(CreateThread.o)
 .debug_abbrev  0x000017b9       0x21 /usr/local/ps2dev/ps2sdk/ee/lib/libkernel.a(StartThread.o)
 .debug_abbrev  0x000017da       0x21 /usr/local/ps2dev/ps2sdk/ee/lib/libkernel.a(ChangeThreadPriority.o)
 .debug_abbrev  0x000017fb       0x21 /usr/local/ps2dev/ps2sdk/ee/lib/libkernel.a(RotateThreadReadyQueue.o)
 .debug_abbrev  0x0000181c       0x21 /usr/local/ps2dev/ps2sdk/ee/lib/libkernel.a(GetThreadId.o)
 .debug_abbrev  0x0000183d       0x21 /usr/local/ps2dev/ps2sdk/ee/lib/libkernel.a(_iGetThreadId.o)
 .debug_abbrev  0x0000185e       0x21 /usr/local/ps2dev/ps2sdk/ee/lib/libkernel.a(WakeupThread.o)
 .debug_abbrev  0x0000187f       0x21 /usr/local/ps2dev/ps2sdk/ee/lib/libkernel.a(_iWakeupThread.o)
 .debug_abbrev  0x000018a0       0x21 /usr/local/ps2dev/ps2sdk/ee/lib/libkernel.a(SuspendThread.o)
 .debug_abbrev  0x000018c1       0x21 /usr/local/ps2dev/ps2sdk/ee/lib/libkernel.a(CreateSema.o)
 .debug_abbrev  0x000018e2       0x21 /usr/local/ps2dev/ps2sdk/ee/lib/libkernel.a(DeleteSema.o)
 .debug_abbrev  0x00001903       0x21 /usr/local/ps2dev/ps2sdk/ee/lib/libkernel.a(iSignalSema.o)
 .debug_abbrev  0x00001924       0x21 /usr/local/ps2dev/ps2sdk/ee/lib/libkernel.a(WaitSema.o)
 .debug_abbrev  0x00001945       0x21 /usr/local/ps2dev/ps2sdk/ee/lib/libkernel.a(SetOsdConfigParam.o)
 .debug_abbrev  0x00001966       0x21 /usr/local/ps2dev/ps2sdk/ee/lib/libkernel.a(GetOsdConfigParam.o)
 .debug_abbrev  0x00001987       0x21 /usr/local/ps2dev/ps2sdk/ee/lib/libkernel.a(_SetTLBEntry.o)
 .debug_abbrev  0x000019a8       0x21 /usr/local/ps2dev/ps2sdk/ee/lib/libkernel.a(sceSifSetReg.o)
 .debug_abbrev  0x000019c9       0x21 /usr/local/ps2dev/ps2sdk/ee/lib/libkernel.a(sceSifGetReg.o)
 .debug_abbrev  0x000019ea       0x21 /usr/local/ps2dev/ps2sdk/ee/lib/libkernel.a(GetMemorySize.o)
 .debug_abbrev  0x00001a0b       0x21 /usr/local/ps2dev/ps2sdk/ee/lib/libkernel.a(_InitTLB.o)
 .debug_abbrev  0x00001a2c       0xad /usr/local/ps2dev/ps2sdk/ee/lib/libkernel.a(sceSifSendCmd.o)
 .debug_abbrev  0x00001ad9       0xad /usr/local/ps2dev/ps2sdk/ee/lib/libkernel.a(isceSifSendCmd.o)
 .debug_abbrev  0x00001b86      0x352 /usr/local/ps2dev/ps2sdk/ee/lib/libkernel.a(sif_cmd_main.o)
 .debug_abbrev  0x00001ed8      0x101 /usr/local/ps2dev/ps2sdk/ee/lib/libkernel.a(sceSifAddCmdHandler.o)
 .debug_abbrev  0x00001fd9       0xe1 /usr/local/ps2dev/ps2sdk/ee/lib/libkernel.a(sceSifGetSreg.o)
 .debug_abbrev  0x000020ba       0xc2 /usr/local/ps2dev/ps2sdk/ee/lib/libkernel.a(_rpc_get_fpacket.o)
 .debug_abbrev  0x0000217c      0x23f /usr/local/ps2dev/ps2sdk/ee/lib/libkernel.a(sceSifBindRpc.o)
 .debug_abbrev  0x000023bb      0x1a7 /usr/local/ps2dev/ps2sdk/ee/lib/libkernel.a(_SifLoadElfPart.o)
 .debug_abbrev  0x00002562       0xd4 /usr/local/ps2dev/ps2sdk/ee/lib/libkernel.a(EnableDmac.o)
 .debug_abbrev  0x00002636       0xd4 /usr/local/ps2dev/ps2sdk/ee/lib/libkernel.a(DisableDmac.o)
 .debug_abbrev  0x0000270a       0x65 /usr/local/ps2dev/ps2sdk/ee/lib/libkernel.a(_ps2sdk_init_timer.o)
 .debug_abbrev  0x0000276f       0x83 /usr/local/ps2dev/ps2sdk/ee/lib/libkernel.a(TerminateLibrary.o)
 .debug_abbrev  0x000027f2      0x17f /usr/local/ps2dev/ps2sdk/ee/lib/libkernel.a(SetArg.o)
 .debug_abbrev  0x00002971       0xcc /usr/local/ps2dev/ps2sdk/ee/lib/libkernel.a(kCopyBytes.o)
 .debug_abbrev  0x00002a3d       0x21 /usr/local/ps2dev/ps2sdk/ee/lib/libkernel.a(AddDmacHandler.o)
 .debug_abbrev  0x00002a5e       0x21 /usr/local/ps2dev/ps2sdk/ee/lib/libkernel.a(RemoveDmacHandler.o)
 .debug_abbrev  0x00002a7f       0x21 /usr/local/ps2dev/ps2sdk/ee/lib/libkernel.a(_EnableDmac.o)
 .debug_abbrev  0x00002aa0       0x21 /usr/local/ps2dev/ps2sdk/ee/lib/libkernel.a(_DisableDmac.o)
 .debug_abbrev  0x00002ac1       0x21 /usr/local/ps2dev/ps2sdk/ee/lib/libkernel.a(sceSifSetDChain.o)
 .debug_abbrev  0x00002ae2       0x1f /usr/local/ps2dev/ps2sdk/ee/lib/libkernel.a(strlen.o)
 .debug_abbrev  0x00002b01       0x1f /usr/local/ps2dev/ps2sdk/ee/lib/libkernel.a(memset.o)
 .debug_abbrev  0x00002b20      0x1b1 /usr/local/ps2dev/ps2sdk/ee/lib/libkernel.a(_SifSendCmd.o)
 .debug_abbrev  0x00002cd1      0x1bc /usr/local/ps2dev/ps2sdk/ee/lib/libkernel.a(_SifCmdIntHandler.o)
 .debug_abbrev  0x00002e8d      0x139 /usr/local/ps2dev/ps2sdk/ee/lib/libkernel.a(_rpc_get_packet.o)
 .debug_abbrev  0x00002fc6      0x254 /usr/local/ps2dev/ps2sdk/ee/lib/libkernel.a(sceSifCallRpc.o)
 .debug_abbrev  0x0000321a       0x65 /usr/local/ps2dev/ps2sdk/ee/lib/libkernel.a(_ps2sdk_deinit_timer.o)
 .debug_abbrev  0x0000327f       0x21 /usr/local/ps2dev/ps2sdk/ee/lib/libkernel.a(sceSifSetDma.o)
 .debug_abbrev  0x000032a0       0x21 /usr/local/ps2dev/ps2sdk/ee/lib/libkernel.a(isceSifSetDma.o)
 .debug_abbrev  0x000032c1       0x21 /usr/local/ps2dev/ps2sdk/ee/lib/libkernel.a(isceSifSetDChain.o)
 .debug_abbrev  0x000032e2       0x21 /usr/local/ps2dev/ps2sdk/ee/lib/libkernel.a(sceSifWriteBackDCache.o)

.debug_loclists
                0x00000000       0x17
 .debug_loclists
                0x00000000       0x17 /tmp/ccnj6elt.ltrans0.ltrans.o

.debug_aranges  0x00000000      0x990
 .debug_aranges
                0x00000000       0x20 /tmp/ccnj6elt.ltrans0.ltrans.o
 .debug_aranges
                0x00000020       0x20 /usr/local/ps2dev/ee/mips64r5900el-ps2-elf/lib/libc.a(libc_a-strncpy.o)
 .debug_aranges
                0x00000040       0x20 /usr/local/ps2dev/ee/mips64r5900el-ps2-elf/lib/libc.a(libc_a-strcpy.o)
 .debug_aranges
                0x00000060       0x20 /usr/local/ps2dev/ee/mips64r5900el-ps2-elf/lib/libc.a(libc_a-strncat.o)
 .debug_aranges
                0x00000080       0x20 /usr/local/ps2dev/ps2sdk/ee/lib/libkernel.a(FlushCache.o)
 .debug_aranges
                0x000000a0       0x20 /usr/local/ps2dev/ps2sdk/ee/lib/libkernel.a(SifRpcMain.o)
 .debug_aranges
                0x000000c0       0x20 /usr/local/ps2dev/ps2sdk/ee/lib/libkernel.a(SifLoadFileInit.o)
 .debug_aranges
                0x000000e0       0x20 /usr/local/ps2dev/ps2sdk/ee/lib/libkernel.a(SifLoadElf.o)
 .debug_aranges
                0x00000100       0x18 /usr/local/ps2dev/ps2sdk/ee/lib/libkernel.a(__iop_control_internals.o)
 .debug_aranges
                0x00000118       0x20 /usr/local/ps2dev/ps2sdk/ee/lib/libkernel.a(DIntr.o)
 .debug_aranges
                0x00000138       0x20 /usr/local/ps2dev/ps2sdk/ee/lib/libkernel.a(EIntr.o)
 .debug_aranges
                0x00000158       0x20 /usr/local/ps2dev/ps2sdk/ee/lib/libkernel.a(_InitSys.o)
 .debug_aranges
                0x00000178       0x20 /usr/local/ps2dev/ps2sdk/ee/lib/libkernel.a(_thread_internals.o)
 .debug_aranges
                0x00000198       0x20 /usr/local/ps2dev/ps2sdk/ee/lib/libkernel.a(iWakeupThread.o)
 .debug_aranges
                0x000001b8       0x20 /usr/local/ps2dev/ps2sdk/ee/lib/libkernel.a(libosd.o)
 .debug_aranges
                0x000001d8       0x20 /usr/local/ps2dev/ps2sdk/ee/lib/libkernel.a(libosd_common.o)
 .debug_aranges
                0x000001f8       0x18 /usr/local/ps2dev/ps2sdk/ee/lib/libkernel.a(osdsrc_bin.o)
 .debug_aranges
                0x00000210       0x20 /usr/local/ps2dev/ps2sdk/ee/lib/libkernel.a(tlbfunc.o)
 .debug_aranges
                0x00000230       0x18 /usr/local/ps2dev/ps2sdk/ee/lib/libkernel.a(tlbsrc_bin.o)
 .debug_aranges
                0x00000248       0x18 /usr/local/ps2dev/ps2sdk/ee/lib/libkernel.a(srcfile_bin.o)
 .debug_aranges
                0x00000260       0x18 /usr/local/ps2dev/ps2sdk/ee/lib/libkernel.a(eenull_bin.o)
 .debug_aranges
                0x00000278       0x18 /usr/local/ps2dev/ps2sdk/ee/lib/libkernel.a(_exit_internals.o)
 .debug_aranges
                0x00000290       0x20 /usr/local/ps2dev/ps2sdk/ee/lib/libkernel.a(Exit.o)
 .debug_aranges
                0x000002b0       0x20 /usr/local/ps2dev/ps2sdk/ee/lib/libkernel.a(ExecPS2.o)
 .debug_aranges
                0x000002d0       0x20 /usr/local/ps2dev/ps2sdk/ee/lib/libkernel.a(kCopy.o)
 .debug_aranges
                0x000002f0       0x20 /usr/local/ps2dev/ps2sdk/ee/lib/libkernel.a(setup_syscalls.o)
 .debug_aranges
                0x00000310       0x20 /usr/local/ps2dev/ps2sdk/ee/lib/libkernel.a(KExit.o)
 .debug_aranges
                0x00000330       0x20 /usr/local/ps2dev/ps2sdk/ee/lib/libkernel.a(_ExecPS2.o)
 .debug_aranges
                0x00000350       0x20 /usr/local/ps2dev/ps2sdk/ee/lib/libkernel.a(CreateThread.o)
 .debug_aranges
                0x00000370       0x20 /usr/local/ps2dev/ps2sdk/ee/lib/libkernel.a(StartThread.o)
 .debug_aranges
                0x00000390       0x20 /usr/local/ps2dev/ps2sdk/ee/lib/libkernel.a(ChangeThreadPriority.o)
 .debug_aranges
                0x000003b0       0x20 /usr/local/ps2dev/ps2sdk/ee/lib/libkernel.a(RotateThreadReadyQueue.o)
 .debug_aranges
                0x000003d0       0x20 /usr/local/ps2dev/ps2sdk/ee/lib/libkernel.a(GetThreadId.o)
 .debug_aranges
                0x000003f0       0x20 /usr/local/ps2dev/ps2sdk/ee/lib/libkernel.a(_iGetThreadId.o)
 .debug_aranges
                0x00000410       0x20 /usr/local/ps2dev/ps2sdk/ee/lib/libkernel.a(WakeupThread.o)
 .debug_aranges
                0x00000430       0x20 /usr/local/ps2dev/ps2sdk/ee/lib/libkernel.a(_iWakeupThread.o)
 .debug_aranges
                0x00000450       0x20 /usr/local/ps2dev/ps2sdk/ee/lib/libkernel.a(SuspendThread.o)
 .debug_aranges
                0x00000470       0x20 /usr/local/ps2dev/ps2sdk/ee/lib/libkernel.a(CreateSema.o)
 .debug_aranges
                0x00000490       0x20 /usr/local/ps2dev/ps2sdk/ee/lib/libkernel.a(DeleteSema.o)
 .debug_aranges
                0x000004b0       0x20 /usr/local/ps2dev/ps2sdk/ee/lib/libkernel.a(iSignalSema.o)
 .debug_aranges
                0x000004d0       0x20 /usr/local/ps2dev/ps2sdk/ee/lib/libkernel.a(WaitSema.o)
 .debug_aranges
                0x000004f0       0x20 /usr/local/ps2dev/ps2sdk/ee/lib/libkernel.a(SetOsdConfigParam.o)
 .debug_aranges
                0x00000510       0x20 /usr/local/ps2dev/ps2sdk/ee/lib/libkernel.a(GetOsdConfigParam.o)
 .debug_aranges
                0x00000530       0x20 /usr/local/ps2dev/ps2sdk/ee/lib/libkernel.a(_SetTLBEntry.o)
 .debug_aranges
                0x00000550       0x20 /usr/local/ps2dev/ps2sdk/ee/lib/libkernel.a(sceSifSetReg.o)
 .debug_aranges
                0x00000570       0x20 /usr/local/ps2dev/ps2sdk/ee/lib/libkernel.a(sceSifGetReg.o)
 .debug_aranges
                0x00000590       0x20 /usr/local/ps2dev/ps2sdk/ee/lib/libkernel.a(GetMemorySize.o)
 .debug_aranges
                0x000005b0       0x20 /usr/local/ps2dev/ps2sdk/ee/lib/libkernel.a(_InitTLB.o)
 .debug_aranges
                0x000005d0       0x20 /usr/local/ps2dev/ps2sdk/ee/lib/libkernel.a(sceSifSendCmd.o)
 .debug_aranges
                0x000005f0       0x20 /usr/local/ps2dev/ps2sdk/ee/lib/libkernel.a(isceSifSendCmd.o)
 .debug_aranges
                0x00000610       0x20 /usr/local/ps2dev/ps2sdk/ee/lib/libkernel.a(sif_cmd_main.o)
 .debug_aranges
                0x00000630       0x20 /usr/local/ps2dev/ps2sdk/ee/lib/libkernel.a(sceSifAddCmdHandler.o)
 .debug_aranges
                0x00000650       0x20 /usr/local/ps2dev/ps2sdk/ee/lib/libkernel.a(sceSifGetSreg.o)
 .debug_aranges
                0x00000670       0x20 /usr/local/ps2dev/ps2sdk/ee/lib/libkernel.a(_rpc_get_fpacket.o)
 .debug_aranges
                0x00000690       0x20 /usr/local/ps2dev/ps2sdk/ee/lib/libkernel.a(sceSifBindRpc.o)
 .debug_aranges
                0x000006b0       0x20 /usr/local/ps2dev/ps2sdk/ee/lib/libkernel.a(_SifLoadElfPart.o)
 .debug_aranges
                0x000006d0       0x20 /usr/local/ps2dev/ps2sdk/ee/lib/libkernel.a(EnableDmac.o)
 .debug_aranges
                0x000006f0       0x20 /usr/local/ps2dev/ps2sdk/ee/lib/libkernel.a(DisableDmac.o)
 .debug_aranges
                0x00000710       0x20 /usr/local/ps2dev/ps2sdk/ee/lib/libkernel.a(_ps2sdk_init_timer.o)
 .debug_aranges
                0x00000730       0x20 /usr/local/ps2dev/ps2sdk/ee/lib/libkernel.a(TerminateLibrary.o)
 .debug_aranges
                0x00000750       0x20 /usr/local/ps2dev/ps2sdk/ee/lib/libkernel.a(SetArg.o)
 .debug_aranges
                0x00000770       0x20 /usr/local/ps2dev/ps2sdk/ee/lib/libkernel.a(kCopyBytes.o)
 .debug_aranges
                0x00000790       0x20 /usr/local/ps2dev/ps2sdk/ee/lib/libkernel.a(AddDmacHandler.o)
 .debug_aranges
                0x000007b0       0x20 /usr/local/ps2dev/ps2sdk/ee/lib/libkernel.a(RemoveDmacHandler.o)
 .debug_aranges
                0x000007d0       0x20 /usr/local/ps2dev/ps2sdk/ee/lib/libkernel.a(_EnableDmac.o)
 .debug_aranges
                0x000007f0       0x20 /usr/local/ps2dev/ps2sdk/ee/lib/libkernel.a(_DisableDmac.o)
 .debug_aranges
                0x00000810       0x20 /usr/local/ps2dev/ps2sdk/ee/lib/libkernel.a(sceSifSetDChain.o)
 .debug_aranges
                0x00000830       0x20 /usr/local/ps2dev/ps2sdk/ee/lib/libkernel.a(strlen.o)
 .debug_aranges
                0x00000850       0x20 /usr/local/ps2dev/ps2sdk/ee/lib/libkernel.a(memset.o)
 .debug_aranges
                0x00000870       0x20 /usr/local/ps2dev/ps2sdk/ee/lib/libkernel.a(_SifSendCmd.o)
 .debug_aranges
                0x00000890       0x20 /usr/local/ps2dev/ps2sdk/ee/lib/libkernel.a(_SifCmdIntHandler.o)
 .debug_aranges
                0x000008b0       0x20 /usr/local/ps2dev/ps2sdk/ee/lib/libkernel.a(_rpc_get_packet.o)
 .debug_aranges
                0x000008d0       0x20 /usr/local/ps2dev/ps2sdk/ee/lib/libkernel.a(sceSifCallRpc.o)
 .debug_aranges
                0x000008f0       0x20 /usr/local/ps2dev/ps2sdk/ee/lib/libkernel.a(_ps2sdk_deinit_timer.o)
 .debug_aranges
                0x00000910       0x20 /usr/local/ps2dev/ps2sdk/ee/lib/libkernel.a(sceSifSetDma.o)
 .debug_aranges
                0x00000930       0x20 /usr/local/ps2dev/ps2sdk/ee/lib/libkernel.a(isceSifSetDma.o)
 .debug_aranges
                0x00000950       0x20 /usr/local/ps2dev/ps2sdk/ee/lib/libkernel.a(isceSifSetDChain.o)
 .debug_aranges
                0x00000970       0x20 /usr/local/ps2dev/ps2sdk/ee/lib/libkernel.a(sceSifWriteBackDCache.o)

.debug_rnglists
                0x00000000       0x17
 .debug_rnglists
                0x00000000       0x17 /tmp/ccnj6elt.ltrans0.ltrans.o

.debug_line     0x00000000     0x37cf
 .debug_line    0x00000000       0xfa /tmp/ccnj6elt.ltrans0.ltrans.o
 .debug_line    0x000000fa       0x7d /tmp/ccaLGZJR.debug.temp.o
 .debug_line    0x00000177      0x1d4 /usr/local/ps2dev/ee/mips64r5900el-ps2-elf/lib/libc.a(libc_a-strncpy.o)
 .debug_line    0x0000034b      0x17f /usr/local/ps2dev/ee/mips64r5900el-ps2-elf/lib/libc.a(libc_a-strcpy.o)
 .debug_line    0x000004ca      0x1d2 /usr/local/ps2dev/ee/mips64r5900el-ps2-elf/lib/libc.a(libc_a-strncat.o)
 .debug_line    0x0000069c       0x3a /usr/local/ps2dev/ps2sdk/ee/lib/libkernel.a(FlushCache.o)
 .debug_line    0x000006d6      0x4a1 /usr/local/ps2dev/ps2sdk/ee/lib/libkernel.a(SifRpcMain.o)
 .debug_line    0x00000b77      0x1c5 /usr/local/ps2dev/ps2sdk/ee/lib/libkernel.a(SifLoadFileInit.o)
 .debug_line    0x00000d3c       0xbb /usr/local/ps2dev/ps2sdk/ee/lib/libkernel.a(SifLoadElf.o)
 .debug_line    0x00000df7       0x31 /usr/local/ps2dev/ps2sdk/ee/lib/libkernel.a(__iop_control_internals.o)
 .debug_line    0x00000e28       0x71 /usr/local/ps2dev/ps2sdk/ee/lib/libkernel.a(DIntr.o)
 .debug_line    0x00000e99       0x4a /usr/local/ps2dev/ps2sdk/ee/lib/libkernel.a(EIntr.o)
 .debug_line    0x00000ee3       0x75 /usr/local/ps2dev/ps2sdk/ee/lib/libkernel.a(_InitSys.o)
 .debug_line    0x00000f58      0x1eb /usr/local/ps2dev/ps2sdk/ee/lib/libkernel.a(_thread_internals.o)
 .debug_line    0x00001143      0x10f /usr/local/ps2dev/ps2sdk/ee/lib/libkernel.a(iWakeupThread.o)
 .debug_line    0x00001252       0xd5 /usr/local/ps2dev/ps2sdk/ee/lib/libkernel.a(libosd.o)
 .debug_line    0x00001327       0xd9 /usr/local/ps2dev/ps2sdk/ee/lib/libkernel.a(libosd_common.o)
 .debug_line    0x00001400       0x31 /usr/local/ps2dev/ps2sdk/ee/lib/libkernel.a(osdsrc_bin.o)
 .debug_line    0x00001431      0x283 /usr/local/ps2dev/ps2sdk/ee/lib/libkernel.a(tlbfunc.o)
 .debug_line    0x000016b4       0x31 /usr/local/ps2dev/ps2sdk/ee/lib/libkernel.a(tlbsrc_bin.o)
 .debug_line    0x000016e5       0x32 /usr/local/ps2dev/ps2sdk/ee/lib/libkernel.a(srcfile_bin.o)
 .debug_line    0x00001717       0x31 /usr/local/ps2dev/ps2sdk/ee/lib/libkernel.a(eenull_bin.o)
 .debug_line    0x00001748       0x2b /usr/local/ps2dev/ps2sdk/ee/lib/libkernel.a(_exit_internals.o)
 .debug_line    0x00001773       0x9b /usr/local/ps2dev/ps2sdk/ee/lib/libkernel.a(Exit.o)
 .debug_line    0x0000180e       0xc9 /usr/local/ps2dev/ps2sdk/ee/lib/libkernel.a(ExecPS2.o)
 .debug_line    0x000018d7       0xc4 /usr/local/ps2dev/ps2sdk/ee/lib/libkernel.a(kCopy.o)
 .debug_line    0x0000199b       0x4c /usr/local/ps2dev/ps2sdk/ee/lib/libkernel.a(setup_syscalls.o)
 .debug_line    0x000019e7       0x3a /usr/local/ps2dev/ps2sdk/ee/lib/libkernel.a(KExit.o)
 .debug_line    0x00001a21       0x3a /usr/local/ps2dev/ps2sdk/ee/lib/libkernel.a(_ExecPS2.o)
 .debug_line    0x00001a5b       0x3a /usr/local/ps2dev/ps2sdk/ee/lib/libkernel.a(CreateThread.o)
 .debug_line    0x00001a95       0x3a /usr/local/ps2dev/ps2sdk/ee/lib/libkernel.a(StartThread.o)
 .debug_line    0x00001acf       0x3a /usr/local/ps2dev/ps2sdk/ee/lib/libkernel.a(ChangeThreadPriority.o)
 .debug_line    0x00001b09       0x3a /usr/local/ps2dev/ps2sdk/ee/lib/libkernel.a(RotateThreadReadyQueue.o)
 .debug_line    0x00001b43       0x3a /usr/local/ps2dev/ps2sdk/ee/lib/libkernel.a(GetThreadId.o)
 .debug_line    0x00001b7d       0x3a /usr/local/ps2dev/ps2sdk/ee/lib/libkernel.a(_iGetThreadId.o)
 .debug_line    0x00001bb7       0x3a /usr/local/ps2dev/ps2sdk/ee/lib/libkernel.a(WakeupThread.o)
 .debug_line    0x00001bf1       0x3a /usr/local/ps2dev/ps2sdk/ee/lib/libkernel.a(_iWakeupThread.o)
 .debug_line    0x00001c2b       0x3a /usr/local/ps2dev/ps2sdk/ee/lib/libkernel.a(SuspendThread.o)
 .debug_line    0x00001c65       0x3a /usr/local/ps2dev/ps2sdk/ee/lib/libkernel.a(CreateSema.o)
 .debug_line    0x00001c9f       0x3a /usr/local/ps2dev/ps2sdk/ee/lib/libkernel.a(DeleteSema.o)
 .debug_line    0x00001cd9       0x3a /usr/local/ps2dev/ps2sdk/ee/lib/libkernel.a(iSignalSema.o)
 .debug_line    0x00001d13       0x3a /usr/local/ps2dev/ps2sdk/ee/lib/libkernel.a(WaitSema.o)
 .debug_line    0x00001d4d       0x3a /usr/local/ps2dev/ps2sdk/ee/lib/libkernel.a(SetOsdConfigParam.o)
 .debug_line    0x00001d87       0x3a /usr/local/ps2dev/ps2sdk/ee/lib/libkernel.a(GetOsdConfigParam.o)
 .debug_line    0x00001dc1       0x3a /usr/local/ps2dev/ps2sdk/ee/lib/libkernel.a(_SetTLBEntry.o)
 .debug_line    0x00001dfb       0x3a /usr/local/ps2dev/ps2sdk/ee/lib/libkernel.a(sceSifSetReg.o)
 .debug_line    0x00001e35       0x3a /usr/local/ps2dev/ps2sdk/ee/lib/libkernel.a(sceSifGetReg.o)
 .debug_line    0x00001e6f       0x3a /usr/local/ps2dev/ps2sdk/ee/lib/libkernel.a(GetMemorySize.o)
 .debug_line    0x00001ea9       0x3a /usr/local/ps2dev/ps2sdk/ee/lib/libkernel.a(_InitTLB.o)
 .debug_line    0x00001ee3       0x4c /usr/local/ps2dev/ps2sdk/ee/lib/libkernel.a(sceSifSendCmd.o)
 .debug_line    0x00001f2f       0x4c /usr/local/ps2dev/ps2sdk/ee/lib/libkernel.a(isceSifSendCmd.o)
 .debug_line    0x00001f7b      0x32e /usr/local/ps2dev/ps2sdk/ee/lib/libkernel.a(sif_cmd_main.o)
 .debug_line    0x000022a9       0xc4 /usr/local/ps2dev/ps2sdk/ee/lib/libkernel.a(sceSifAddCmdHandler.o)
 .debug_line    0x0000236d       0x9a /usr/local/ps2dev/ps2sdk/ee/lib/libkernel.a(sceSifGetSreg.o)
 .debug_line    0x00002407       0xa0 /usr/local/ps2dev/ps2sdk/ee/lib/libkernel.a(_rpc_get_fpacket.o)
 .debug_line    0x000024a7      0x241 /usr/local/ps2dev/ps2sdk/ee/lib/libkernel.a(sceSifBindRpc.o)
 .debug_line    0x000026e8      0x173 /usr/local/ps2dev/ps2sdk/ee/lib/libkernel.a(_SifLoadElfPart.o)
 .debug_line    0x0000285b       0xde /usr/local/ps2dev/ps2sdk/ee/lib/libkernel.a(EnableDmac.o)
 .debug_line    0x00002939       0xde /usr/local/ps2dev/ps2sdk/ee/lib/libkernel.a(DisableDmac.o)
 .debug_line    0x00002a17       0x4d /usr/local/ps2dev/ps2sdk/ee/lib/libkernel.a(_ps2sdk_init_timer.o)
 .debug_line    0x00002a64       0x70 /usr/local/ps2dev/ps2sdk/ee/lib/libkernel.a(TerminateLibrary.o)
 .debug_line    0x00002ad4      0x1ba /usr/local/ps2dev/ps2sdk/ee/lib/libkernel.a(SetArg.o)
 .debug_line    0x00002c8e       0xb9 /usr/local/ps2dev/ps2sdk/ee/lib/libkernel.a(kCopyBytes.o)
 .debug_line    0x00002d47       0x3a /usr/local/ps2dev/ps2sdk/ee/lib/libkernel.a(AddDmacHandler.o)
 .debug_line    0x00002d81       0x3a /usr/local/ps2dev/ps2sdk/ee/lib/libkernel.a(RemoveDmacHandler.o)
 .debug_line    0x00002dbb       0x3a /usr/local/ps2dev/ps2sdk/ee/lib/libkernel.a(_EnableDmac.o)
 .debug_line    0x00002df5       0x3a /usr/local/ps2dev/ps2sdk/ee/lib/libkernel.a(_DisableDmac.o)
 .debug_line    0x00002e2f       0x3a /usr/local/ps2dev/ps2sdk/ee/lib/libkernel.a(sceSifSetDChain.o)
 .debug_line    0x00002e69       0x7b /usr/local/ps2dev/ps2sdk/ee/lib/libkernel.a(strlen.o)
 .debug_line    0x00002ee4       0x6a /usr/local/ps2dev/ps2sdk/ee/lib/libkernel.a(memset.o)
 .debug_line    0x00002f4e      0x1a1 /usr/local/ps2dev/ps2sdk/ee/lib/libkernel.a(_SifSendCmd.o)
 .debug_line    0x000030ef      0x15b /usr/local/ps2dev/ps2sdk/ee/lib/libkernel.a(_SifCmdIntHandler.o)
 .debug_line    0x0000324a      0x181 /usr/local/ps2dev/ps2sdk/ee/lib/libkernel.a(_rpc_get_packet.o)
 .debug_line    0x000033cb      0x2a5 /usr/local/ps2dev/ps2sdk/ee/lib/libkernel.a(sceSifCallRpc.o)
 .debug_line    0x00003670       0x4d /usr/local/ps2dev/ps2sdk/ee/lib/libkernel.a(_ps2sdk_deinit_timer.o)
 .debug_line    0x000036bd       0x3a /usr/local/ps2dev/ps2sdk/ee/lib/libkernel.a(sceSifSetDma.o)
 .debug_line    0x000036f7       0x3a /usr/local/ps2dev/ps2sdk/ee/lib/libkernel.a(isceSifSetDma.o)
 .debug_line    0x00003731       0x3a /usr/local/ps2dev/ps2sdk/ee/lib/libkernel.a(isceSifSetDChain.o)
 .debug_line    0x0000376b       0x64 /usr/local/ps2dev/ps2sdk/ee/lib/libkernel.a(sceSifWriteBackDCache.o)

.debug_str      0x00000000     0x14c4
 .debug_str     0x00000000        0x0 /tmp/ccnj6elt.ltrans0.ltrans.o
                                0x10c (size before relaxing)
 .debug_str     0x00000000        0x0 /tmp/ccaLGZJR.debug.temp.o
                                0x1ed (size before relaxing)
 .debug_str     0x00000000     0x14c4 /usr/local/ps2dev/ee/mips64r5900el-ps2-elf/lib/libc.a(libc_a-strncpy.o)
                                0x1ec (size before relaxing)
 .debug_str     0x000014c4        0x0 /usr/local/ps2dev/ee/mips64r5900el-ps2-elf/lib/libc.a(libc_a-strcpy.o)
                                0x1dd (size before relaxing)
 .debug_str     0x000014c4        0x0 /usr/local/ps2dev/ee/mips64r5900el-ps2-elf/lib/libc.a(libc_a-strncat.o)
                                0x1cf (size before relaxing)
 .debug_str     0x000014c4        0x0 /usr/local/ps2dev/ps2sdk/ee/lib/libkernel.a(FlushCache.o)
                                 0x50 (size before relaxing)
 .debug_str     0x000014c4        0x0 /usr/local/ps2dev/ps2sdk/ee/lib/libkernel.a(SifRpcMain.o)
                                0x620 (size before relaxing)
 .debug_str     0x000014c4        0x0 /usr/local/ps2dev/ps2sdk/ee/lib/libkernel.a(SifLoadFileInit.o)
                                0x464 (size before relaxing)
 .debug_str     0x000014c4        0x0 /usr/local/ps2dev/ps2sdk/ee/lib/libkernel.a(SifLoadElf.o)
                                0x26e (size before relaxing)
 .debug_str     0x000014c4        0x0 /usr/local/ps2dev/ps2sdk/ee/lib/libkernel.a(__iop_control_internals.o)
                                0x168 (size before relaxing)
 .debug_str     0x000014c4        0x0 /usr/local/ps2dev/ps2sdk/ee/lib/libkernel.a(DIntr.o)
                                0x136 (size before relaxing)
 .debug_str     0x000014c4        0x0 /usr/local/ps2dev/ps2sdk/ee/lib/libkernel.a(EIntr.o)
                                0x136 (size before relaxing)