Archive member included to satisfy reference by file (symbol)

/usr/local/ps2dev/gsKit/lib/libgskit.a(gsCore.c.obj)
                              main.o (gsKit_sync_flip)
/usr/local/ps2dev/gsKit/lib/libgskit.a(gsCore.c.obj)
                              gsCore.c.obj (symbol from plugin) (gsKit_setactive)
/usr/local/ps2dev/gsKit/lib/libgskit.a(gsCore.c.obj)
                              gsCore.c.obj (symbol from plugin) (gsKit_vsync_wait)
/usr/local/ps2dev/gsKit/lib/libgskit.a(gsCore.c.obj)
                              main.o (gsKit_clear)
/usr/local/ps2dev/gsKit/lib/libgskit.a(gsCore.c.obj)
                              gsCore.c.obj (symbol from plugin) (gsKit_set_test)
/usr/local/ps2dev/gsKit/lib/libgskit.a(gsCore.c.obj)
                              main.o (gsKit_set_primalpha)
/usr/local/ps2dev/gsKit/lib/libgskit.a(gsCore.c.obj)
                              main.o (gsKit_queue_exec)
/usr/local/ps2dev/gsKit/lib/libgskit.a(gsCore.c.obj)
                              main.o (gsKit_mode_switch)
/usr/local/ps2dev/gsKit/lib/libgskit.a(gsInit.c.obj)
                              main.o (gsKit_init_global_custom)
/usr/local/ps2dev/gsKit/lib/libgskit.a(gsPrimitive.c.obj)
                              gsCore.c.obj (symbol from plugin) (gsKit_prim_list_sprite_flat)
/usr/local/ps2dev/gsKit/lib/libgskit.a(gsCore.c.obj)
                              gsCore.c.obj (symbol from plugin) (gsKit_queue_exec_real)
/usr/local/ps2dev/gsKit/lib/libgskit.a(gsCore.c.obj)
                              gsInit.c.obj (symbol from plugin) (gsKit_alloc_ucab)
/usr/local/ps2dev/gsKit/lib/libgskit.a(gsCore.c.obj)
                              gsInit.c.obj (symbol from plugin) (gsKit_queue_init)
/usr/local/ps2dev/gsKit/lib/libgskit.a(gsCore.c.obj)
                              gsCore.c.obj (symbol from plugin) (gsKit_queue_set)
/usr/local/ps2dev/gsKit/lib/libgskit.a(gsInit.c.obj)
                              gsInit.c.obj (symbol from plugin) (gsKit_check_rom)
/usr/local/ps2dev/gsKit/lib/libgskit.a(gsCore.c.obj)
                              gsCore.c.obj (symbol from plugin) (gsKit_finish)
/usr/local/ps2dev/gsKit/lib/libgskit.a(gsCore.c.obj)
                              gsCore.c.obj (symbol from plugin) (gsKit_set_finish)
/usr/local/ps2dev/gsKit/lib/libgskit.a(gsInit.c.obj)
                              gsInit.c.obj (symbol from plugin) (__modelSupportsGetGsDxDyOffset)
/usr/local/ps2dev/ps2sdk/ee/lib/libkernel.a(SetupHeap.o)
                              /usr/local/ps2dev/ee/bin/../lib/gcc/mips64r5900el-ps2-elf/15.2.0/../../../../mips64r5900el-ps2-elf/lib/crt0.o (symbol from plugin) (SetupHeap)
/usr/local/ps2dev/ps2sdk/ee/lib/libkernel.a(FlushCache.o)
                              /usr/local/ps2dev/ee/bin/../lib/gcc/mips64r5900el-ps2-elf/15.2.0/../../../../mips64r5900el-ps2-elf/lib/crt0.o (symbol from plugin) (FlushCache)
/usr/local/ps2dev/ps2sdk/ee/lib/libkernel.a(SifRpcMain.o)
                              main.o (sceSifInitRpc)
/usr/local/ps2dev/ps2sdk/ee/lib/libkernel.a(SifLoadFileInit.o)
                              main.o (SifLoadFileInit)
/usr/local/ps2dev/ps2sdk/ee/lib/libkernel.a(__iop_control_internals.o)
                              /usr/local/ps2dev/ps2sdk/ee/lib/libkernel.a(SifRpcMain.o) (_iop_reboot_count)
/usr/local/ps2dev/ps2sdk/ee/lib/libkernel.a(GetRomNameWithIODriver.o)
                              gsInit.c.obj (symbol from plugin) (GetRomNameWithIODriver)
/usr/local/ps2dev/ps2sdk/ee/lib/libkernel.a(configGetTvScreenTypeWithIODriver.o)
                              gsInit.c.obj (symbol from plugin) (configGetTvScreenTypeWithIODriver)
/usr/local/ps2dev/ps2sdk/ee/lib/libkernel.a(DIntr.o)
                              /usr/local/ps2dev/ps2sdk/ee/lib/libkernel.a(SifRpcMain.o) (DIntr)
/usr/local/ps2dev/ps2sdk/ee/lib/libkernel.a(EIntr.o)
                              /usr/local/ps2dev/ps2sdk/ee/lib/libkernel.a(SifRpcMain.o) (EIntr)
/usr/local/ps2dev/ps2sdk/ee/lib/libkernel.a(SyncDCache.o)
                              gsCore.c.obj (symbol from plugin) (SyncDCache)
/usr/local/ps2dev/ps2sdk/ee/lib/libkernel.a(_InitSys.o)
                              /usr/local/ps2dev/ee/bin/../lib/gcc/mips64r5900el-ps2-elf/15.2.0/../../../../mips64r5900el-ps2-elf/lib/crt0.o (symbol from plugin) (_InitSys)
/usr/local/ps2dev/ps2sdk/ee/lib/libkernel.a(_thread_internals.o)
                              /usr/local/ps2dev/ps2sdk/ee/lib/libkernel.a(_InitSys.o) (InitThread)
/usr/local/ps2dev/ps2sdk/ee/lib/libkernel.a(iWakeupThread.o)
                              /usr/local/ps2dev/ps2sdk/ee/lib/libkernel.a(SifRpcMain.o) (iWakeupThread)
/usr/local/ps2dev/ps2sdk/ee/lib/libkernel.a(libosd.o)
                              /usr/local/ps2dev/ps2sdk/ee/lib/libkernel.a(_InitSys.o) (InitExecPS2)
/usr/local/ps2dev/ps2sdk/ee/lib/libkernel.a(libosd_common.o)
                              /usr/local/ps2dev/ps2sdk/ee/lib/libkernel.a(libosd.o) (PatchIsNeeded)
/usr/local/ps2dev/ps2sdk/ee/lib/libkernel.a(osdsrc_bin.o)
[...]
Memory Configuration

Name             Origin             Length             Attributes
*default*        0x00000000         0xffffffff

Linker script and memory map

LOAD /usr/local/ps2dev/ee/bin/../lib/gcc/mips64r5900el-ps2-elf/15.2.0/../../../../mips64r5900el-ps2-elf/lib/crt0.o
LOAD /tmp/ccZE9a7X.ltrans0.ltrans.o
LOAD /tmp/ccWXvBCk.debug.temp.o
LOAD /tmp/cc0qnB1h.debug.temp.o
LOAD /tmp/ccafCxlp.debug.temp.o
LOAD /tmp/ccMYMDlS.debug.temp.o
LOAD /tmp/cciN9WT6.debug.temp.o
LOAD /tmp/ccEU9s0N.debug.temp.o
LOAD /tmp/ccEUst10.debug.temp.o
LOAD /tmp/cclfFYnG.debug.temp.o
LOAD /tmp/ccd6LoT5.debug.temp.o
LOAD /tmp/ccb1tQ1O.debug.temp.o
LOAD /tmp/cc7MFYZC.debug.temp.o
LOAD /tmp/ccpGiVFA.debug.temp.o
LOAD /tmp/ccZDyrx1.debug.temp.o
LOAD /tmp/ccvitTB1.debug.temp.o
LOAD /tmp/ccvH2Lz7.debug.temp.o
LOAD /tmp/ccVSys2R.debug.temp.o
LOAD /tmp/ccw9eF6w.debug.temp.o
LOAD /tmp/ccALOmgC.debug.temp.o
LOAD /tmp/ccUNHNFf.debug.temp.o
LOAD /tmp/ccgmTBKd.debug.temp.o
LOAD /tmp/cckKAaBg.debug.temp.o
LOAD /tmp/ccoSWuIY.debug.temp.o
LOAD /tmp/ccUuT2XM.debug.temp.o
LOAD /tmp/ccYoRB0H.debug.temp.o
LOAD /tmp/ccvrUH4U.debug.temp.o
LOAD /tmp/ccDVGolK.debug.temp.o
LOAD /tmp/cc7YWjLZ.debug.temp.o
LOAD /tmp/ccVm9tPl.debug.temp.o
LOAD /tmp/cctoul3h.debug.temp.o
LOAD /tmp/ccHoajPW.debug.temp.o
LOAD /tmp/ccjCZzl3.debug.temp.o
LOAD /tmp/ccL2UKjt.debug.temp.o
LOAD /tmp/cc3WgIhu.debug.temp.o
LOAD /tmp/ccwHkfxI.debug.temp.o
LOAD /tmp/cckW5ezW.debug.temp.o
LOAD /tmp/cciHlPdr.debug.temp.o
LOAD /tmp/ccUIMzYC.debug.temp.o
LOAD /tmp/ccq9RyrK.debug.temp.o
LOAD /tmp/ccMUp6VV.debug.temp.o
LOAD /tmp/ccE9hkIS.debug.temp.o
LOAD /tmp/ccQ3r6HJ.debug.temp.o
LOAD /tmp/ccu9oB1u.debug.temp.o
LOAD /tmp/ccUX3cNZ.debug.temp.o
LOAD /tmp/ccTVuvh7.debug.temp.o
LOAD /tmp/ccxKEnTl.debug.temp.o
LOAD /tmp/cc5VoCNI.debug.temp.o
LOAD /usr/local/ps2dev/ee/bin/../lib/gcc/mips64r5900el-ps2-elf/15.2.0/crti.o
LOAD /usr/local/ps2dev/ee/bin/../lib/gcc/mips64r5900el-ps2-elf/15.2.0/crtbegin.o
LOAD main.o
                0x01eff000                        _stack = 0x1eff000
LOAD /usr/local/ps2dev/gsKit/lib/libgskit.a
LOAD /usr/local/ps2dev/ps2sdk/ee/lib/libpatches.a
LOAD /usr/local/ps2dev/ps2sdk/ee/lib/libkernel.a
LOAD /usr/local/ps2dev/gsKit/lib/libdmakit.a
LOAD /usr/local/ps2dev/ps2sdk/ee/lib/libpoweroff.a
LOAD /usr/local/ps2dev/ps2sdk/ee/lib/libpad.a
LOAD /usr/local/ps2dev/ps2sdk/ee/lib/libaudsrv.a
LOAD /usr/local/ps2dev/ps2sdk/ee/lib/libcdvd.a
LOAD /usr/local/ps2dev/ee/bin/../lib/gcc/mips64r5900el-ps2-elf/15.2.0/libgcc.a
LOAD /usr/local/ps2dev/ee/bin/../lib/gcc/mips64r5900el-ps2-elf/15.2.0/../../../../mips64r5900el-ps2-elf/lib/libm.a
START GROUP
LOAD /usr/local/ps2dev/ee/bin/../lib/gcc/mips64r5900el-ps2-elf/15.2.0/../../../../mips64r5900el-ps2-elf/lib/libc.a
LOAD /usr/local/ps2dev/ps2sdk/ee/lib/libcdvd.a
LOAD /usr/local/ps2dev/ee/bin/../lib/gcc/mips64r5900el-ps2-elf/15.2.0/../../../../mips64r5900el-ps2-elf/lib/libpthread.a
LOAD /usr/local/ps2dev/ps2sdk/ee/lib/libpthreadglue.a
LOAD /usr/local/ps2dev/ps2sdk/ee/lib/libcglue.a
LOAD /usr/local/ps2dev/ps2sdk/ee/lib/libkernel.a
END GROUP
LOAD /usr/local/ps2dev/ee/bin/../lib/gcc/mips64r5900el-ps2-elf/15.2.0/libgcc.a
LOAD /usr/local/ps2dev/ee/bin/../lib/gcc/mips64r5900el-ps2-elf/15.2.0/crtend.o
LOAD /usr/local/ps2dev/ee/bin/../lib/gcc/mips64r5900el-ps2-elf/15.2.0/crtn.o

.text           0x00100000    0x23660
                0x00100000                        _ftext = .
 *(.text)
 .text          0x00100000     0x24a8 /tmp/ccZE9a7X.ltrans0.ltrans.o
                0x00100f18                __start
                0x00100f98                _exit
                0x00100fd0                gsKit_sync_flip
                0x001011a8                gsKit_clear
                0x001014c0                gsKit_set_primalpha
                0x001015a8                gsKit_queue_exec
                0x001016b0                gsKit_mode_switch
                0x001016c8                gsKit_init_global_custom
                0x00101a88                InitAlarm
                0x00101b60                dmaKit_init
                0x00101bc8                dmaKit_chan_init
                0x00101ce0                padInit
                0x00102018                audsrv_init
                0x001021a8                pthread_init
                0x001023c0                pthread_terminate
 .text          0x001024a8        0x0 /usr/local/ps2dev/ee/bin/../lib/gcc/mips64r5900el-ps2-elf/15.2.0/crti.o
 .text          0x001024a8      0x198 /usr/local/ps2dev/ee/bin/../lib/gcc/mips64r5900el-ps2-elf/15.2.0/crtbegin.o
 .text          0x00102640       0xd0 main.o
                0x00102640                ReconnectIOP
 .text          0x00102710       0x10 /usr/local/ps2dev/ps2sdk/ee/lib/libkernel.a(SetupHeap.o)
                0x00102710                SetupHeap
 .text          0x00102720       0x10 /usr/local/ps2dev/ps2sdk/ee/lib/libkernel.a(FlushCache.o)
                0x00102720                FlushCache
 .text          0x00102730      0x458 /usr/local/ps2dev/ps2sdk/ee/lib/libkernel.a(SifRpcMain.o)
                0x001029c8                sceSifInitRpc
                0x00102b60                sceSifExitRpc
 .text          0x00102b88      0x130 /usr/local/ps2dev/ps2sdk/ee/lib/libkernel.a(SifLoadFileInit.o)
                0x00102b88                SifLoadFileInit
 .text          0x00102cb8        0x0 /usr/local/ps2dev/ps2sdk/ee/lib/libkernel.a(__iop_control_internals.o)
 .text          0x00102cb8       0x68 /usr/local/ps2dev/ps2sdk/ee/lib/libkernel.a(GetRomNameWithIODriver.o)
                0x00102cb8                GetRomNameWithIODriver
 .text          0x00102d20       0x50 /usr/local/ps2dev/ps2sdk/ee/lib/libkernel.a(configGetTvScreenTypeWithIODriver.o)
                0x00102d20                configGetTvScreenTypeWithIODriver
 .text          0x00102d70       0x40 /usr/local/ps2dev/ps2sdk/ee/lib/libkernel.a(DIntr.o)
                0x00102d70                DIntr
 .text          0x00102db0       0x18 /usr/local/ps2dev/ps2sdk/ee/lib/libkernel.a(EIntr.o)
                0x00102db0                EIntr
 .text          0x00102dc8       0x58 /usr/local/ps2dev/ps2sdk/ee/lib/libkernel.a(SyncDCache.o)
                0x00102dc8                SyncDCache
 .text          0x00102e20       0x38 /usr/local/ps2dev/ps2sdk/ee/lib/libkernel.a(_InitSys.o)
                0x00102e20                _InitSys
 .text          0x00102e58      0x1a0 /usr/local/ps2dev/ps2sdk/ee/lib/libkernel.a(_thread_internals.o)
                0x00102f20                InitThread
 .text          0x00102ff8       0xa0 /usr/local/ps2dev/ps2sdk/ee/lib/libkernel.a(iWakeupThread.o)
                0x00102ff8                iWakeupThread
 .text          0x00103098       0x90 /usr/local/ps2dev/ps2sdk/ee/lib/libkernel.a(libosd.o)
                0x00103098                InitExecPS2
 .text          0x00103128       0x58 /usr/local/ps2dev/ps2sdk/ee/lib/libkernel.a(libosd_common.o)
                0x00103128                PatchIsNeeded
 .text          0x00103180        0x0 /usr/local/ps2dev/ps2sdk/ee/lib/libkernel.a(osdsrc_bin.o)
 .text          0x00103180      0x290 /usr/local/ps2dev/ps2sdk/ee/lib/libkernel.a(tlbfunc.o)
                0x00103180                InitTLBFunctions
                0x00103238                InitTLB
 .text          0x00103410        0x0 /usr/local/ps2dev/ps2sdk/ee/lib/libkernel.a(tlbsrc_bin.o)
 .text          0x00103410        0x0 /usr/local/ps2dev/ps2sdk/ee/lib/libkernel.a(srcfile_bin.o)
 .text          0x00103410        0x0 /usr/local/ps2dev/ps2sdk/ee/lib/libkernel.a(eenull_bin.o)
 .text          0x00103410        0x0 /usr/local/ps2dev/ps2sdk/ee/lib/libkernel.a(_exit_internals.o)
 .text          0x00103410       0x20 /usr/local/ps2dev/ps2sdk/ee/lib/libkernel.a(Exit.o)
                0x00103410                Exit
 .text          0x00103430       0x50 /usr/local/ps2dev/ps2sdk/ee/lib/libkernel.a(kCopy.o)
                0x00103430                kCopy
 .text          0x00103480       0x3c /usr/local/ps2dev/ps2sdk/ee/lib/libkernel.a(setup_syscalls.o)
                0x00103480                setup
                0x00103494                Copy
                0x001034a8                GetEntryAddress
 *fill*         0x001034bc        0x4 
 .text          0x001034c0       0x10 /usr/local/ps2dev/ps2sdk/ee/lib/libkernel.a(KExit.o)
                0x001034c0                KExit
 .text          0x001034d0       0x10 /usr/local/ps2dev/ps2sdk/ee/lib/libkernel.a(CreateThread.o)
                0x001034d0                CreateThread
 .text          0x001034e0       0x10 /usr/local/ps2dev/ps2sdk/ee/lib/libkernel.a(StartThread.o)
                0x001034e0                StartThread
 .text          0x001034f0       0x10 /usr/local/ps2dev/ps2sdk/ee/lib/libkernel.a(ChangeThreadPriority.o)
                0x001034f0                ChangeThreadPriority
 .text          0x00103500       0x10 /usr/local/ps2dev/ps2sdk/ee/lib/libkernel.a(RotateThreadReadyQueue.o)
                0x00103500                RotateThreadReadyQueue
 .text          0x00103510       0x10 /usr/local/ps2dev/ps2sdk/ee/lib/libkernel.a(GetThreadId.o)
                0x00103510                GetThreadId
 .text          0x00103520       0x10 /usr/local/ps2dev/ps2sdk/ee/lib/libkernel.a(_iGetThreadId.o)
                0x00103520                _iGetThreadId
 .text          0x00103530       0x10 /usr/local/ps2dev/ps2sdk/ee/lib/libkernel.a(WakeupThread.o)
                0x00103530                WakeupThread
 .text          0x00103540       0x10 /usr/local/ps2dev/ps2sdk/ee/lib/libkernel.a(_iWakeupThread.o)
                0x00103540                _iWakeupThread
 .text          0x00103550       0x10 /usr/local/ps2dev/ps2sdk/ee/lib/libkernel.a(SuspendThread.o)
                0x00103550                SuspendThread
 .text          0x00103560       0x10 /usr/local/ps2dev/ps2sdk/ee/lib/libkernel.a(CreateSema.o)
                0x00103560                CreateSema
 .text          0x00103570       0x10 /usr/local/ps2dev/ps2sdk/ee/lib/libkernel.a(DeleteSema.o)
                0x00103570                DeleteSema
 .text          0x00103580       0x10 /usr/local/ps2dev/ps2sdk/ee/lib/libkernel.a(iSignalSema.o)
                0x00103580                iSignalSema
 .text          0x00103590       0x10 /usr/local/ps2dev/ps2sdk/ee/lib/libkernel.a(WaitSema.o)
                0x00103590                WaitSema
 .text          0x001035a0       0x10 /usr/local/ps2dev/ps2sdk/ee/lib/libkernel.a(SetOsdConfigParam.o)
                0x001035a0                SetOsdConfigParam
 .text          0x001035b0       0x10 /usr/local/ps2dev/ps2sdk/ee/lib/libkernel.a(GetOsdConfigParam.o)
                0x001035b0                GetOsdConfigParam
 .text          0x001035c0       0x10 /usr/local/ps2dev/ps2sdk/ee/lib/libkernel.a(_SetTLBEntry.o)
                0x001035c0                _SetTLBEntry
 .text          0x001035d0       0x10 /usr/local/ps2dev/ps2sdk/ee/lib/libkernel.a(sceSifSetReg.o)
                0x001035d0                sceSifSetReg
 .text          0x001035e0       0x10 /usr/local/ps2dev/ps2sdk/ee/lib/libkernel.a(sceSifGetReg.o)
                0x001035e0                sceSifGetReg
 .text          0x001035f0       0x10 /usr/local/ps2dev/ps2sdk/ee/lib/libkernel.a(GetMemorySize.o)
                0x001035f0                GetMemorySize
 .text          0x00103600       0x10 /usr/local/ps2dev/ps2sdk/ee/lib/libkernel.a(_InitTLB.o)
                0x00103600                _InitTLB
 .text          0x00103610       0xa8 /usr/local/ps2dev/ps2sdk/ee/lib/libkernel.a(_SyncDCache.o)
                0x00103610                _SyncDCache
 .text          0x001036b8       0x20 /usr/local/ps2dev/ps2sdk/ee/lib/libkernel.a(sceSifSendCmd.o)
                0x001036b8                sceSifSendCmd
 .text          0x001036d8       0x20 /usr/local/ps2dev/ps2sdk/ee/lib/libkernel.a(isceSifSendCmd.o)
                0x001036d8                isceSifSendCmd
 .text          0x001036f8      0x318 /usr/local/ps2dev/ps2sdk/ee/lib/libkernel.a(sif_cmd_main.o)
                0x00103728                sceSifInitCmd
                0x001039d8                sceSifExitCmd
 .text          0x00103a10       0x58 /usr/local/ps2dev/ps2sdk/ee/lib/libkernel.a(sceSifAddCmdHandler.o)
                0x00103a10                sceSifAddCmdHandler
 .text          0x00103a68       0x18 /usr/local/ps2dev/ps2sdk/ee/lib/libkernel.a(sceSifGetSreg.o)
                0x00103a68                sceSifGetSreg
 .text          0x00103a80       0x30 /usr/local/ps2dev/ps2sdk/ee/lib/libkernel.a(_rpc_get_fpacket.o)
                0x00103a80                _rpc_get_fpacket
 .text          0x00103ab0      0x178 /usr/local/ps2dev/ps2sdk/ee/lib/libkernel.a(sceSifBindRpc.o)
                0x00103ab0                sceSifBindRpc
 .text          0x00103c28       0x98 /usr/local/ps2dev/ps2sdk/ee/lib/libkernel.a(IsT10KWithIODriver.o)
                0x00103c28                IsT10KWithIODriver
 .text          0x00103cc0        0x0 /usr/local/ps2dev/ps2sdk/ee/lib/libkernel.a(_config_internals.o)
 .text          0x00103cc0       0x78 /usr/local/ps2dev/ps2sdk/ee/lib/libkernel.a(EnableDmac.o)
                0x00103cc0                EnableDmac
 .text          0x00103d38       0x78 /usr/local/ps2dev/ps2sdk/ee/lib/libkernel.a(DisableDmac.o)
                0x00103d38                DisableDmac
 .text          0x00103db0       0x20 /usr/local/ps2dev/ps2sdk/ee/lib/libkernel.a(_ps2sdk_init_timer.o)
                0x00103db0                _ps2sdk_init_timer
 .text          0x00103dd0       0x20 /usr/local/ps2dev/ps2sdk/ee/lib/libkernel.a(TerminateLibrary.o)
                0x00103dd0                TerminateLibrary
 .text          0x00103df0       0x10 /usr/local/ps2dev/ps2sdk/ee/lib/libkernel.a(AddDmacHandler.o)
                0x00103df0                AddDmacHandler
 .text          0x00103e00       0x10 /usr/local/ps2dev/ps2sdk/ee/lib/libkernel.a(RemoveDmacHandler.o)
                0x00103e00                RemoveDmacHandler
 .text          0x00103e10       0x10 /usr/local/ps2dev/ps2sdk/ee/lib/libkernel.a(_EnableDmac.o)
                0x00103e10                _EnableDmac
 .text          0x00103e20       0x10 /usr/local/ps2dev/ps2sdk/ee/lib/libkernel.a(_DisableDmac.o)
                0x00103e20                _DisableDmac
 .text          0x00103e30       0x10 /usr/local/ps2dev/ps2sdk/ee/lib/libkernel.a(sceSifSetDChain.o)
                0x00103e30                sceSifSetDChain
 .text          0x00103e40       0xc0 /usr/local/ps2dev/ps2sdk/ee/lib/libkernel.a(memset.o)
                0x00103e40                memset
 .text          0x00103f00      0x140 /usr/local/ps2dev/ps2sdk/ee/lib/libkernel.a(_SifSendCmd.o)
                0x00103f00                _SifSendCmd
 .text          0x00104040      0x108 /usr/local/ps2dev/ps2sdk/ee/lib/libkernel.a(_SifCmdIntHandler.o)
                0x00104040                _SifCmdIntHandler
 .text          0x00104148       0xd0 /usr/local/ps2dev/ps2sdk/ee/lib/libkernel.a(_rpc_get_packet.o)
                0x00104148                _rpc_get_packet
 .text          0x00104218        0x0 /usr/local/ps2dev/ps2sdk/ee/lib/libkernel.a(_info_internals.o)
 .text          0x00104218       0x20 /usr/local/ps2dev/ps2sdk/ee/lib/libkernel.a(_ps2sdk_deinit_timer.o)
                0x00104218                _ps2sdk_deinit_timer
 *fill*         0x00104238        0x8 
 .text          0x00104240       0x10 /usr/local/ps2dev/ps2sdk/ee/lib/libkernel.a(sceSifSetDma.o)
                0x00104240                sceSifSetDma
 .text          0x00104250       0x10 /usr/local/ps2dev/ps2sdk/ee/lib/libkernel.a(isceSifSetDma.o)
                0x00104250                isceSifSetDma
 .text          0x00104260       0x10 /usr/local/ps2dev/ps2sdk/ee/lib/libkernel.a(isceSifSetDChain.o)
                0x00104260                isceSifSetDChain
 .text          0x00104270       0xb0 /usr/local/ps2dev/ps2sdk/ee/lib/libkernel.a(sceSifWriteBackDCache.o)
                0x00104270                sceSifWriteBackDCache
 .text          0x00104320       0x10 /usr/local/ps2dev/ps2sdk/ee/lib/libkernel.a(ExitThread.o)
                0x00104320                ExitThread
 .text          0x00104330       0x10 /usr/local/ps2dev/ee/bin/../lib/gcc/mips64r5900el-ps2-elf/15.2.0/../../../../mips64r5900el-ps2-elf/lib/libc.a(libc_a-sysclose.o)
                0x00104330                close
 .text          0x00104340        0x0 /usr/local/ps2dev/ee/bin/../lib/gcc/mips64r5900el-ps2-elf/15.2.0/../../../../mips64r5900el-ps2-elf/lib/libc.a(libc_a-impure.o)
 .text          0x00104340       0x50 /usr/local/ps2dev/ee/bin/../lib/gcc/mips64r5900el-ps2-elf/15.2.0/../../../../mips64r5900el-ps2-elf/lib/libc.a(libc_a-sysopen.o)
                0x00104340                open
 .text          0x00104390      0x538 /usr/local/ps2dev/ee/bin/../lib/gcc/mips64r5900el-ps2-elf/15.2.0/../../../../mips64r5900el-ps2-elf/lib/libc.a(libc_a-findfp.o)
                0x00104640                __sfp
                0x001047b8                __sinit
                0x00104838                __sfp_lock_acquire
                0x00104848                __sfp_lock_release
                0x00104858                __fp_lock_all
                0x00104890                __fp_unlock_all
 .text          0x001048c8      0x1c8 /usr/local/ps2dev/ee/bin/../lib/gcc/mips64r5900el-ps2-elf/15.2.0/../../../../mips64r5900el-ps2-elf/lib/libc.a(libc_a-fclose.o)
                0x001048c8                _fclose_r
                0x00104a80                fclose
 .text          0x00104a90       0x18 /usr/local/ps2dev/ee/bin/../lib/gcc/mips64r5900el-ps2-elf/15.2.0/../../../../mips64r5900el-ps2-elf/lib/libc.a(libc_a-sysread.o)
                0x00104a90                read
 .text          0x00104aa8       0x78 /usr/local/ps2dev/ee/bin/../lib/gcc/mips64r5900el-ps2-elf/15.2.0/../../../../mips64r5900el-ps2-elf/lib/libc.a(libc_a-openr.o)
                0x00104aa8                _open_r
 .text          0x00104b20      0xa58 /usr/local/ps2dev/ee/bin/../lib/gcc/mips64r5900el-ps2-elf/15.2.0/../../../../mips64r5900el-ps2-elf/lib/libc.a(libc_a-mallocr.o)
                0x00104b20                _malloc_r
 .text          0x00105578      0x4b0 /usr/local/ps2dev/ee/bin/../lib/gcc/mips64r5900el-ps2-elf/15.2.0/../../../../mips64r5900el-ps2-elf/lib/libc.a(libc_a-freer.o)
                0x00105578                _malloc_trim_r
                0x001056c0                _free_r
 .text          0x00105a28       0x20 /usr/local/ps2dev/ee/bin/../lib/gcc/mips64r5900el-ps2-elf/15.2.0/../../../../mips64r5900el-ps2-elf/lib/libc.a(libc_a-atoi.o)
                0x00105a28                atoi
                0x00105a38                _atoi_r
 .text          0x00105a48      0x2c8 /usr/local/ps2dev/ee/bin/../lib/gcc/mips64r5900el-ps2-elf/15.2.0/../../../../mips64r5900el-ps2-elf/lib/libc.a(libc_a-strtol.o)
                0x00105cd8                _strtol_r
                0x00105ce0                strtol_l
                0x00105cf8                strtol
 .text          0x00105d10       0x10 /usr/local/ps2dev/ee/bin/../lib/gcc/mips64r5900el-ps2-elf/15.2.0/../../../../mips64r5900el-ps2-elf/lib/libc.a(libc_a-errno.o)
                0x00105d10                __errno
 .text          0x00105d20       0x70 /usr/local/ps2dev/ee/bin/../lib/gcc/mips64r5900el-ps2-elf/15.2.0/../../../../mips64r5900el-ps2-elf/lib/libc.a(libc_a-closer.o)
                0x00105d20                _close_r
 .text          0x00105d90       0x78 /usr/local/ps2dev/ee/bin/../lib/gcc/mips64r5900el-ps2-elf/15.2.0/../../../../mips64r5900el-ps2-elf/lib/libc.a(libc_a-readr.o)
                0x00105d90                _read_r
 .text          0x00105e08       0x20 /usr/local/ps2dev/ee/bin/../lib/gcc/mips64r5900el-ps2-elf/15.2.0/../../../../mips64r5900el-ps2-elf/lib/libc.a(libc_a-mlock.o)
                0x00105e08                __malloc_lock
                0x00105e18                __malloc_unlock
 .text          0x00105e28       0x70 /usr/local/ps2dev/ee/bin/../lib/gcc/mips64r5900el-ps2-elf/15.2.0/../../../../mips64r5900el-ps2-elf/lib/libc.a(libc_a-sbrkr.o)
                0x00105e28                _sbrk_r
 .text          0x00105e98        0x0 /usr/local/ps2dev/ee/bin/../lib/gcc/mips64r5900el-ps2-elf/15.2.0/../../../../mips64r5900el-ps2-elf/lib/libc.a(libc_a-ctype_.o)
 .text          0x00105e98      0x178 /usr/local/ps2dev/ee/bin/../lib/gcc/mips64r5900el-ps2-elf/15.2.0/../../../../mips64r5900el-ps2-elf/lib/libc.a(libc_a-stdio.o)
                0x00105e98                __sread
                0x00105f00                __seofread
                0x00105f08                __swrite
                0x00105fa0                __sseek
                0x00106008                __sclose
 .text          0x00106010      0x4b0 /usr/local/ps2dev/ee/bin/../lib/gcc/mips64r5900el-ps2-elf/15.2.0/../../../../mips64r5900el-ps2-elf/lib/libc.a(libc_a-fflush.o)
                0x00106010                __sflush_r
                0x00106290                _fflush_r
                0x001063a0                fflush
 .text          0x001064c0       0x18 /usr/local/ps2dev/ee/bin/../lib/gcc/mips64r5900el-ps2-elf/15.2.0/../../../../mips64r5900el-ps2-elf/lib/libc.a(libc_a-malign.o)
                0x001064c0                memalign
 .text          0x001064d8       0xc8 /usr/local/ps2dev/ee/bin/../lib/gcc/mips64r5900el-ps2-elf/15.2.0/../../../../mips64r5900el-ps2-elf/lib/libc.a(libc_a-fwalk.o)
                0x001064d8                _fwalk_sglue
 .text          0x001065a0      0x120 /usr/local/ps2dev/ee/bin/../lib/gcc/mips64r5900el-ps2-elf/15.2.0/../../../../mips64r5900el-ps2-elf/lib/libc.a(libc_a-reent.o)
                0x001065a0                _reclaim_reent
 .text          0x001066c0      0x208 /usr/local/ps2dev/ee/bin/../lib/gcc/mips64r5900el-ps2-elf/15.2.0/../../../../mips64r5900el-ps2-elf/lib/libc.a(libc_a-malignr.o)
                0x001066c0                _memalign_r
 .text          0x001068c8       0x78 /usr/local/ps2dev/ee/bin/../lib/gcc/mips64r5900el-ps2-elf/15.2.0/../../../../mips64r5900el-ps2-elf/lib/libc.a(libc_a-writer.o)
                0x001068c8                _write_r
 .text          0x00106940       0x78 /usr/local/ps2dev/ee/bin/../lib/gcc/mips64r5900el-ps2-elf/15.2.0/../../../../mips64r5900el-ps2-elf/lib/libc.a(libc_a-lseekr.o)
                0x00106940                _lseek_r
 .text          0x001069b8      0x1c0 /usr/local/ps2dev/ee/bin/../lib/gcc/mips64r5900el-ps2-elf/15.2.0/../../../../mips64r5900el-ps2-elf/lib/libc.a(libc_a-puts.o)
                0x001069b8                _puts_r
                0x00106b68                puts
 .text          0x00106b78       0x98 /usr/local/ps2dev/ee/bin/../lib/gcc/mips64r5900el-ps2-elf/15.2.0/../../../../mips64r5900el-ps2-elf/lib/libc.a(libc_a-printf.o)
                0x00106b78                _printf_r
                0x00106bc0                printf
 .text          0x00106c10     0x3918 /usr/local/ps2dev/ee/bin/../lib/gcc/mips64r5900el-ps2-elf/15.2.0/../../../../mips64r5900el-ps2-elf/lib/libc.a(libc_a-vfprintf.o)
                0x00106c10                _vfprintf_r
                0x0010a428                vfprintf
 .text          0x0010a528       0x40 /usr/local/ps2dev/ps2sdk/ee/lib/libcglue.a(_libcglue_init.o)
                0x0010a528                _libcglue_init
 .text          0x0010a568       0x30 /usr/local/ps2dev/ps2sdk/ee/lib/libcglue.a(_libcglue_deinit.o)
                0x0010a568                _libcglue_deinit
 .text          0x0010a598        0x8 /usr/local/ps2dev/ps2sdk/ee/lib/libcglue.a(_libcglue_args_parse.o)
                0x0010a598                _libcglue_args_parse
 .text          0x0010a5a0       0xa8 /usr/local/ps2dev/ps2sdk/ee/lib/libcglue.a(__init_cwd.o)
                0x0010a5a0                __init_cwd
 .text          0x0010a648      0x170 /usr/local/ps2dev/ps2sdk/ee/lib/libcglue.a(_open.o)
                0x0010a648                _open
 .text          0x0010a7b8       0xc8 /usr/local/ps2dev/ps2sdk/ee/lib/libcglue.a(_close.o)
                0x0010a7b8                _close
 .text          0x0010a880       0x90 /usr/local/ps2dev/ps2sdk/ee/lib/libcglue.a(_read.o)
                0x0010a880                _read
 .text          0x0010a910       0x90 /usr/local/ps2dev/ps2sdk/ee/lib/libcglue.a(_write.o)
                0x0010a910                _write
 .text          0x0010a9a0       0x90 /usr/local/ps2dev/ps2sdk/ee/lib/libcglue.a(_lseek.o)
                0x0010a9a0                _lseek
 .text          0x0010aa30       0x78 /usr/local/ps2dev/ps2sdk/ee/lib/libcglue.a(chdir.o)
                0x0010aa30                chdir
 .text          0x0010aaa8       0x68 /usr/local/ps2dev/ps2sdk/ee/lib/libcglue.a(_sbrk.o)
                0x0010aaa8                _sbrk
 .text          0x0010ab10        0x0 /usr/local/ps2dev/ps2sdk/ee/lib/libcglue.a(__lock___sfp_recursive_mutex.o)
 .text          0x0010ab10        0x0 /usr/local/ps2dev/ps2sdk/ee/lib/libcglue.a(__lock___malloc_recursive_mutex.o)
 .text          0x0010ab10       0x68 /usr/local/ps2dev/ps2sdk/ee/lib/libcglue.a(__retarget_lock_init_recursive.o)
                0x0010ab10                __retarget_lock_init_recursive
 .text          0x0010ab78       0x30 /usr/local/ps2dev/ps2sdk/ee/lib/libcglue.a(__retarget_lock_close_recursive.o)
                0x0010ab78                __retarget_lock_close_recursive
 .text          0x0010aba8       0x98 /usr/local/ps2dev/ps2sdk/ee/lib/libcglue.a(__retarget_lock_acquire_recursive.o)
                0x0010aba8                __retarget_lock_acquire_recursive
 .text          0x0010ac40       0x78 /usr/local/ps2dev/ps2sdk/ee/lib/libcglue.a(__retarget_lock_release_recursive.o)
                0x0010ac40                __retarget_lock_release_recursive
 .text          0x0010acb8      0x170 /usr/local/ps2dev/ps2sdk/ee/lib/libcglue.a(__locks_init.o)
                0x0010acb8                __locks_init
 .text          0x0010ae28       0x78 /usr/local/ps2dev/ps2sdk/ee/lib/libcglue.a(__locks_deinit.o)
                0x0010ae28                __locks_deinit
 .text          0x0010aea0       0x20 /usr/local/ps2dev/ps2sdk/ee/lib/libcglue.a(_libcglue_rtc_update.o)
                0x0010aea0                _libcglue_rtc_update
 .text          0x0010aec0       0x20 /usr/local/ps2dev/ps2sdk/ee/lib/libcglue.a(_libcglue_timezone_update.o)
                0x0010aec0                _libcglue_timezone_update
 .text          0x0010aee0        0x0 /usr/local/ps2dev/ps2sdk/ee/lib/libcglue.a(__descriptormap.o)
 .text          0x0010aee0       0xd0 /usr/local/ps2dev/ps2sdk/ee/lib/libcglue.a(__fdman_init.o)
                0x0010aee0                __fdman_init
 .text          0x0010afb0       0x20 /usr/local/ps2dev/ps2sdk/ee/lib/libcglue.a(__fdman_deinit.o)
                0x0010afb0                __fdman_deinit
 .text          0x0010afd0       0xd0 /usr/local/ps2dev/ps2sdk/ee/lib/libcglue.a(__fdman_get_new_descriptor.o)
                0x0010afd0                __fdman_get_new_descriptor
 .text          0x0010b0a0       0x90 /usr/local/ps2dev/ps2sdk/ee/lib/libcglue.a(__fdman_release_descriptor.o)
                0x0010b0a0                __fdman_release_descriptor
 .text          0x0010b130        0x8 /usr/local/ps2dev/ps2sdk/ee/lib/libcglue.a(__gprof_init.o)
                0x0010b130                __gprof_init
 .text          0x0010b138        0x8 /usr/local/ps2dev/ps2sdk/ee/lib/libcglue.a(__gprof_cleanup.o)
                0x0010b138                __gprof_cleanup
 .text          0x0010b140        0x8 /usr/local/ps2dev/ps2sdk/ee/lib/libcglue.a(__libpthreadglue_init.o)
                0x0010b140                __libpthreadglue_init
 .text          0x0010b148        0x8 /usr/local/ps2dev/ps2sdk/ee/lib/libcglue.a(__libpthreadglue_deinit.o)
                0x0010b148                __libpthreadglue_deinit
 .text          0x0010b150        0x0 /usr/local/ps2dev/ps2sdk/ee/lib/libcglue.a(__cwd.o)
 .text          0x0010b150        0x0 /usr/local/ps2dev/ps2sdk/ee/lib/libcglue.a(__cwd_len.o)
 .text          0x0010b150      0x578 /usr/local/ps2dev/ps2sdk/ee/lib/libcglue.a(__path_absolute.o)
                0x0010b150                __path_absolute
 .text          0x0010b6c8       0x78 /usr/local/ps2dev/ps2sdk/ee/lib/libcglue.a(__libcglue_init_stdio.o)
                0x0010b6c8                __libcglue_init_stdio
 .text          0x0010b740        0x0 /usr/local/ps2dev/ps2sdk/ee/lib/libcglue.a(_libcglue_fdman_path_ops.o)
 .text          0x0010b740       0x28 /usr/local/ps2dev/ps2sdk/ee/lib/libcglue.a(__transform_errno.o)
                0x0010b740                __transform_errno
 .text          0x0010b768        0x0 /usr/local/ps2dev/ps2sdk/ee/lib/libcglue.a(__lock___atexit_recursive_mutex.o)
 .text          0x0010b768        0x0 /usr/local/ps2dev/ps2sdk/ee/lib/libcglue.a(__lock___at_quick_exit_mutex.o)
 .text          0x0010b768        0x0 /usr/local/ps2dev/ps2sdk/ee/lib/libcglue.a(__lock___env_recursive_mutex.o)
 .text          0x0010b768        0x0 /usr/local/ps2dev/ps2sdk/ee/lib/libcglue.a(__lock___tz_mutex.o)
 .text          0x0010b768        0x0 /usr/local/ps2dev/ps2sdk/ee/lib/libcglue.a(__lock___dd_hash_mutex.o)
 .text          0x0010b768        0x0 /usr/local/ps2dev/ps2sdk/ee/lib/libcglue.a(__lock___arc4random_mutex.o)
 .text          0x0010b768      0x110 /usr/local/ps2dev/ps2sdk/ee/lib/libcglue.a(_libcglue_timezone_update_impl.o)
                0x0010b768                _libcglue_timezone_update_impl
 .text          0x0010b878        0x0 /usr/local/ps2dev/ps2sdk/ee/lib/libcglue.a(__fdman_sema.o)
 .text          0x0010b878        0x0 /usr/local/ps2dev/ps2sdk/ee/lib/libcglue.a(__descriptor_data_pool.o)
 .text          0x0010b878      0x188 /usr/local/ps2dev/ps2sdk/ee/lib/libcglue.a(__get_drive.o)
                0x0010b878                __get_drive
 .text          0x0010ba00        0x0 /usr/local/ps2dev/ps2sdk/ee/lib/libcglue.a(__fioOpsInitialize.o)
 .text          0x0010ba00      0x238 /usr/local/ps2dev/ps2sdk/ee/lib/libcglue.a(__fioOpsInitializeImpl.o)
                0x0010ba00                __fioOpsInitializeImpl
 .text          0x0010bc38      0x1c8 /usr/local/ps2dev/ps2sdk/ee/lib/libcglue.a(__fioOpenHelper.o)
                0x0010bc38                __fioOpenHelper
 .text          0x0010be00       0x18 /usr/local/ps2dev/ps2sdk/ee/lib/libcglue.a(__fioGetFdHelper.o)
                0x0010be00                __fioGetFdHelper
 .text          0x0010be18       0x18 /usr/local/ps2dev/ps2sdk/ee/lib/libcglue.a(__fioGetFilenameHelper.o)
                0x0010be18                __fioGetFilenameHelper
 .text          0x0010be30       0x48 /usr/local/ps2dev/ps2sdk/ee/lib/libcglue.a(__fioCloseHelper.o)
                0x0010be30                __fioCloseHelper
 .text          0x0010be78       0x48 /usr/local/ps2dev/ps2sdk/ee/lib/libcglue.a(__fioDcloseHelper.o)
                0x0010be78                __fioDcloseHelper
 .text          0x0010bec0       0x48 /usr/local/ps2dev/ps2sdk/ee/lib/libcglue.a(__fioReadHelper.o)
                0x0010bec0                __fioReadHelper
 .text          0x0010bf08       0x48 /usr/local/ps2dev/ps2sdk/ee/lib/libcglue.a(__fioLseekHelper.o)
                0x0010bf08                __fioLseekHelper
 .text          0x0010bf50       0x48 /usr/local/ps2dev/ps2sdk/ee/lib/libcglue.a(__fioWriteHelper.o)
                0x0010bf50                __fioWriteHelper
 .text          0x0010bf98       0x48 /usr/local/ps2dev/ps2sdk/ee/lib/libcglue.a(__fioIoctlHelper.o)
                0x0010bf98                __fioIoctlHelper
 .text          0x0010bfe0      0x108 /usr/local/ps2dev/ps2sdk/ee/lib/libcglue.a(__fioDreadHelper.o)
                0x0010bfe0                __fioDreadHelper
 .text          0x0010c0e8       0xb8 /usr/local/ps2dev/ps2sdk/ee/lib/libcglue.a(__fioLseekDirHelper.o)
                0x0010c0e8                __fioLseekDirHelper
 .text          0x0010c1a0        0x8 /usr/local/ps2dev/ps2sdk/ee/lib/libcglue.a(__fioMkdirHelper.o)
                0x0010c1a0                __fioMkdirHelper
 .text          0x0010c1a8      0x248 /usr/local/ps2dev/ps2sdk/ee/lib/libcglue.a(__fioGetstatHelper.o)
                0x0010c1a8                __fioGetstatHelper
 .text          0x0010c3f0       0x10 /usr/local/ps2dev/ps2sdk/ee/lib/libkernel.a(DeleteThread.o)
                0x0010c3f0                DeleteThread
 .text          0x0010c400       0x10 /usr/local/ps2dev/ps2sdk/ee/lib/libkernel.a(TerminateThread.o)
                0x0010c400                TerminateThread
 .text          0x0010c410       0x10 /usr/local/ps2dev/ps2sdk/ee/lib/libkernel.a(EndOfHeap.o)
                0x0010c410                EndOfHeap
 .text          0x0010c420       0x10 /usr/local/ps2dev/ps2sdk/ee/lib/libkernel.a(SignalSema.o)
                0x0010c420                SignalSema
 .text          0x0010c430       0x10 /usr/local/ps2dev/ps2sdk/ee/lib/libkernel.a(sceSifDmaStat.o)
                0x0010c430                sceSifDmaStat
 .text          0x0010c440      0x1c0 /usr/local/ps2dev/ps2sdk/ee/lib/libkernel.a(strncpy.o)
                0x0010c440                strncpy
 .text          0x0010c600      0x138 /usr/local/ps2dev/ps2sdk/ee/lib/libkernel.a(strlen.o)
                0x0010c600                strlen
 .text          0x0010c738       0xb0 /usr/local/ps2dev/ps2sdk/ee/lib/libkernel.a(memcpy.o)
                0x0010c738                memcpy
 .text          0x0010c7e8      0x260 /usr/local/ps2dev/ps2sdk/ee/lib/libkernel.a(sceSifCallRpc.o)
                0x0010c7e8                sceSifCallRpc
 .text          0x0010ca48       0xa8 /usr/local/ps2dev/ps2sdk/ee/lib/libkernel.a(sceSifRegisterRpc.o)
                0x0010ca48                sceSifRegisterRpc
 .text          0x0010caf0       0xb0 /usr/local/ps2dev/ps2sdk/ee/lib/libkernel.a(sceSifRemoveRpc.o)
                0x0010caf0                sceSifRemoveRpc
 .text          0x0010cba0       0x78 /usr/local/ps2dev/ps2sdk/ee/lib/libkernel.a(sceSifSetRpcQueue.o)
                0x0010cba0                sceSifSetRpcQueue
 .text          0x0010cc18       0xb0 /usr/local/ps2dev/ps2sdk/ee/lib/libkernel.a(sceSifRemoveRpcQueue.o)
                0x0010cc18                sceSifRemoveRpcQueue
 .text          0x0010ccc8       0x48 /usr/local/ps2dev/ps2sdk/ee/lib/libkernel.a(sceSifRpcLoop.o)
                0x0010ccc8                sceSifRpcLoop
 .text          0x0010cd10      0x138 /usr/local/ps2dev/ps2sdk/ee/lib/libkernel.a(fio_open.o)
                0x0010cd10                fioOpen
 .text          0x0010ce48       0xe0 /usr/local/ps2dev/ps2sdk/ee/lib/libkernel.a(fio_close.o)
                0x0010ce48                fioClose
 .text          0x0010cf28      0x168 /usr/local/ps2dev/ps2sdk/ee/lib/libkernel.a(fio_read.o)
                0x0010cf28                fioRead
 .text          0x0010d090      0x1b0 /usr/local/ps2dev/ps2sdk/ee/lib/libkernel.a(fio_write.o)
                0x0010d090                fioWrite
 .text          0x0010d240      0x100 /usr/local/ps2dev/ps2sdk/ee/lib/libkernel.a(fio_lseek.o)
                0x0010d240                fioLseek
 .text          0x0010d340       0xf0 /usr/local/ps2dev/ps2sdk/ee/lib/libkernel.a(fio_mkdir.o)
                0x0010d340                fioMkdir
 .text          0x0010d430       0x70 /usr/local/ps2dev/ps2sdk/ee/lib/libkernel.a(_fio_read_intr.o)
                0x0010d430                _fio_read_intr
 .text          0x0010d4a0      0x158 /usr/local/ps2dev/ps2sdk/ee/lib/libkernel.a(fio_ioctl.o)
                0x0010d4a0                fioIoctl
 .text          0x0010d5f8       0xf0 /usr/local/ps2dev/ps2sdk/ee/lib/libkernel.a(fio_dopen.o)
                0x0010d5f8                fioDopen
 .text          0x0010d6e8       0xe0 /usr/local/ps2dev/ps2sdk/ee/lib/libkernel.a(fio_dclose.o)
                0x0010d6e8                fioDclose
 .text          0x0010d7c8      0x150 /usr/local/ps2dev/ps2sdk/ee/lib/libkernel.a(fio_dread.o)
                0x0010d7c8                fioDread
 .text          0x0010d918      0x160 /usr/local/ps2dev/ps2sdk/ee/lib/libkernel.a(fio_getstat.o)
                0x0010d918                fioGetstat
 .text          0x0010da78       0xf0 /usr/local/ps2dev/ps2sdk/ee/lib/libkernel.a(fio_remove.o)
                0x0010da78                fioRemove
 .text          0x0010db68       0xf0 /usr/local/ps2dev/ps2sdk/ee/lib/libkernel.a(fio_rmdir.o)
                0x0010db68                fioRmdir
 .text          0x0010dc58      0x138 /usr/local/ps2dev/ps2sdk/ee/lib/libkernel.a(SifInitIopHeap.o)
                0x0010dc58                SifInitIopHeap
 .text          0x0010dd90       0x80 /usr/local/ps2dev/ps2sdk/ee/lib/libkernel.a(SifAllocIopHeap.o)
                0x0010dd90                SifAllocIopHeap
 .text          0x0010de10       0x80 /usr/local/ps2dev/ps2sdk/ee/lib/libkernel.a(SifFreeIopHeap.o)
                0x0010de10                SifFreeIopHeap
 .text          0x0010de90       0x88 /usr/local/ps2dev/ps2sdk/ee/lib/libkernel.a(configGetTimezoneWithIODriver.o)
                0x0010de90                configGetTimezoneWithIODriver
 .text          0x0010df18       0x78 /usr/local/ps2dev/ps2sdk/ee/lib/libkernel.a(configIsDaylightSavingEnabledWithIODriver.o)
                0x0010df18                configIsDaylightSavingEnabledWithIODriver
 .text          0x0010df90       0x10 /usr/local/ps2dev/ps2sdk/ee/lib/libkernel.a(SleepThread.o)
                0x0010df90                SleepThread
 .text          0x0010dfa0       0x10 /usr/local/ps2dev/ps2sdk/ee/lib/libkernel.a(GetOsdConfigParam2.o)
                0x0010dfa0                GetOsdConfigParam2
 .text          0x0010dfb0       0x70 /usr/local/ps2dev/ps2sdk/ee/lib/libkernel.a(sceSifGetNextRequest.o)
                0x0010dfb0                sceSifGetNextRequest
 .text          0x0010e020      0x1d0 /usr/local/ps2dev/ps2sdk/ee/lib/libkernel.a(sceSifExecRequest.o)
                0x0010e020                sceSifExecRequest
 .text          0x0010e1f0        0x0 /usr/local/ps2dev/ps2sdk/ee/lib/libkernel.a(__fio_internals.o)
 .text          0x0010e1f0      0x130 /usr/local/ps2dev/ps2sdk/ee/lib/libkernel.a(fio_init.o)
                0x0010e1f0                fioInit
 .text          0x0010e320       0x10 /usr/local/ps2dev/ps2sdk/ee/lib/libkernel.a(_fio_intr.o)
                0x0010e320                _fio_intr
 .text          0x0010e330       0xb0 /usr/local/ps2dev/ps2sdk/ee/lib/libkernel.a(fio_exit.o)
                0x0010e330                fioExit
 .text          0x0010e3e0       0x10 /usr/local/ps2dev/ps2sdk/ee/lib/libkernel.a(IsEarlyJap.o)
                0x0010e3e0                IsEarlyJap
 .text          0x0010e3f0      0x198 /usr/local/ps2dev/ee/bin/../lib/gcc/mips64r5900el-ps2-elf/15.2.0/../../../../mips64r5900el-ps2-elf/lib/libc.a(libc_a-strchr.o)
                0x0010e3f0                strchr
 .text          0x0010e588       0x18 /usr/local/ps2dev/ee/bin/../lib/gcc/mips64r5900el-ps2-elf/15.2.0/../../../../mips64r5900el-ps2-elf/lib/libc.a(libc_a-abort.o)
                0x0010e588                abort
 .text          0x0010e5a0       0x28 /usr/local/ps2dev/ee/bin/../lib/gcc/mips64r5900el-ps2-elf/15.2.0/../../../../mips64r5900el-ps2-elf/lib/libc.a(libc_a-setenv.o)
                0x0010e5a0                setenv
                0x0010e5b8                unsetenv
 .text          0x0010e5c8      0x100 /usr/local/ps2dev/ee/bin/../lib/gcc/mips64r5900el-ps2-elf/15.2.0/../../../../mips64r5900el-ps2-elf/lib/libc.a(libc_a-sprintf.o)
                0x0010e5c8                _sprintf_r
                0x0010e640                sprintf
 .text          0x0010e6c8       0x90 /usr/local/ps2dev/ee/bin/../lib/gcc/mips64r5900el-ps2-elf/15.2.0/../../../../mips64r5900el-ps2-elf/lib/libc.a(libc_a-memcmp.o)
                0x0010e6c8                memcmp
 .text          0x0010e758       0x20 /usr/local/ps2dev/ee/bin/../lib/gcc/mips64r5900el-ps2-elf/15.2.0/../../../../mips64r5900el-ps2-elf/lib/libc.a(libc_a-malloc.o)
                0x0010e758                malloc
                0x0010e768                free
 .text          0x0010e778      0x290 /usr/local/ps2dev/ee/bin/../lib/gcc/mips64r5900el-ps2-elf/15.2.0/../../../../mips64r5900el-ps2-elf/lib/libc.a(libc_a-perror.o)
                0x0010e778                _perror_r
                0x0010e9f8                perror
 .text          0x0010ea08      0xb40 /usr/local/ps2dev/ee/bin/../lib/gcc/mips64r5900el-ps2-elf/15.2.0/../../../../mips64r5900el-ps2-elf/lib/libc.a(libc_a-mktime.o)
                0x0010eea0                mktime
 .text          0x0010f548       0xd0 /usr/local/ps2dev/ee/bin/../lib/gcc/mips64r5900el-ps2-elf/15.2.0/../../../../mips64r5900el-ps2-elf/lib/libc.a(libc_a-strncat.o)
                0x0010f548                strncat
 .text          0x0010f618      0x460 /usr/local/ps2dev/ee/bin/../lib/gcc/mips64r5900el-ps2-elf/15.2.0/../../../../mips64r5900el-ps2-elf/lib/libc.a(libc_a-strerror.o)
                0x0010f618                _strerror_r
                0x0010fa48                strerror
                0x0010fa60                strerror_l
 .text          0x0010fa78       0x20 /usr/local/ps2dev/ee/bin/../lib/gcc/mips64r5900el-ps2-elf/15.2.0/../../../../mips64r5900el-ps2-elf/lib/libc.a(libc_a-tzlock.o)
                0x0010fa78                __tz_lock
                0x0010fa88                __tz_unlock
 .text          0x0010fa98       0x38 /usr/local/ps2dev/ee/bin/../lib/gcc/mips64r5900el-ps2-elf/15.2.0/../../../../mips64r5900el-ps2-elf/lib/libc.a(libc_a-exit.o)
                0x0010fa98                exit
 .text          0x0010fad0       0x40 /usr/local/ps2dev/ee/bin/../lib/gcc/mips64r5900el-ps2-elf/15.2.0/../../../../mips64r5900el-ps2-elf/lib/libc.a(libc_a-strnlen.o)
                0x0010fad0                strnlen
 .text          0x0010fb10      0x598 /usr/local/ps2dev/ee/bin/../lib/gcc/mips64r5900el-ps2-elf/15.2.0/../../../../mips64r5900el-ps2-elf/lib/libc.a(libc_a-signal.o)
                0x0010fb10                _init_signal_r
                0x0010fb78                _signal_r
                0x0010fc28                _raise_r
                0x0010fce0                __sigtramp_r
                0x0010fdc0                raise
                0x0010fe80                signal
                0x0010ff40                _init_signal
                0x0010ffb8                __sigtramp
 .text          0x001100a8      0x108 /usr/local/ps2dev/ee/bin/../lib/gcc/mips64r5900el-ps2-elf/15.2.0/../../../../mips64r5900el-ps2-elf/lib/libc.a(libc_a-fileno.o)
                0x001100a8                fileno
 .text          0x001101b0      0x3c0 /usr/local/ps2dev/ee/bin/../lib/gcc/mips64r5900el-ps2-elf/15.2.0/../../../../mips64r5900el-ps2-elf/lib/libc.a(libc_a-setenv_r.o)
                0x001101b0                _setenv_r
                0x00110480                _unsetenv_r
 .text          0x00110570       0x30 /usr/local/ps2dev/ee/bin/../lib/gcc/mips64r5900el-ps2-elf/15.2.0/../../../../mips64r5900el-ps2-elf/lib/libc.a(libc_a-div.o)
                0x00110570                div
 .text          0x001105a0     0x37b8 /usr/local/ps2dev/ee/bin/../lib/gcc/mips64r5900el-ps2-elf/15.2.0/../../../../mips64r5900el-ps2-elf/lib/libc.a(libc_a-svfprintf.o)
                0x001105a0                _svfprintf_r
 .text          0x00113d58        0x0 /usr/local/ps2dev/ee/bin/../lib/gcc/mips64r5900el-ps2-elf/15.2.0/../../../../mips64r5900el-ps2-elf/lib/libc.a(libc_a-environ.o)
 .text          0x00113d58        0x8 /usr/local/ps2dev/ee/bin/../lib/gcc/mips64r5900el-ps2-elf/15.2.0/../../../../mips64r5900el-ps2-elf/lib/libc.a(libc_a-u_strerr.o)
                0x00113d58                _user_strerror
 .text          0x00113d60       0x38 /usr/local/ps2dev/ee/bin/../lib/gcc/mips64r5900el-ps2-elf/15.2.0/../../../../mips64r5900el-ps2-elf/lib/libc.a(libc_a-tzset.o)
                0x00113d60                _tzset_unlocked
                0x00113d70                tzset
 .text          0x00113d98     0x1d08 /usr/local/ps2dev/ee/bin/../lib/gcc/mips64r5900el-ps2-elf/15.2.0/../../../../mips64r5900el-ps2-elf/lib/libc.a(libc_a-dtoa.o)
                0x00113fc8                _dtoa_r
 .text          0x00115aa0       0x10 /usr/local/ps2dev/ee/bin/../lib/gcc/mips64r5900el-ps2-elf/15.2.0/../../../../mips64r5900el-ps2-elf/lib/libc.a(libc_a-gettzinfo.o)
                0x00115aa0                __gettzinfo
 .text          0x00115ab0      0x1b8 /usr/local/ps2dev/ee/bin/../lib/gcc/mips64r5900el-ps2-elf/15.2.0/../../../../mips64r5900el-ps2-elf/lib/libc.a(libc_a-__call_atexit.o)
                0x00115ab0                __call_exitprocs
 .text          0x00115c68        0x0 /usr/local/ps2dev/ee/bin/../lib/gcc/mips64r5900el-ps2-elf/15.2.0/../../../../mips64r5900el-ps2-elf/lib/libc.a(libc_a-tzvars.o)
 .text          0x00115c68      0x3e0 /usr/local/ps2dev/ee/bin/../lib/gcc/mips64r5900el-ps2-elf/15.2.0/../../../../mips64r5900el-ps2-elf/lib/libc.a(libc_a-tzcalc_limits.o)
                0x00115c68                __tzcalc_limits
 .text          0x00116048      0x178 /usr/local/ps2dev/ee/bin/../lib/gcc/mips64r5900el-ps2-elf/15.2.0/../../../../mips64r5900el-ps2-elf/lib/libc.a(libc_a-getenv_r.o)
                0x00116048                _findenv_r
                0x001161a0                _getenv_r
 .text          0x001161c0      0x6f0 /usr/local/ps2dev/ee/bin/../lib/gcc/mips64r5900el-ps2-elf/15.2.0/../../../../mips64r5900el-ps2-elf/lib/libc.a(libc_a-reallocr.o)
                0x001161c0                _realloc_r
 .text          0x001168b0       0xe8 /usr/local/ps2dev/ee/bin/../lib/gcc/mips64r5900el-ps2-elf/15.2.0/../../../../mips64r5900el-ps2-elf/lib/libc.a(libc_a-memchr.o)
                0x001168b0                memchr
 .text          0x00116998       0xd8 /usr/local/ps2dev/ee/bin/../lib/gcc/mips64r5900el-ps2-elf/15.2.0/../../../../mips64r5900el-ps2-elf/lib/libc.a(libc_a-ssprint_r.o)
                0x00116998                __ssprint_r
 .text          0x00116a70       0x80 /usr/local/ps2dev/ee/bin/../lib/gcc/mips64r5900el-ps2-elf/15.2.0/../../../../mips64r5900el-ps2-elf/lib/libc.a(libc_a-signalr.o)
                0x00116a70                _kill_r
                0x00116ae8                _getpid_r
 .text          0x00116af0       0xf8 /usr/local/ps2dev/ee/bin/../lib/gcc/mips64r5900el-ps2-elf/15.2.0/../../../../mips64r5900el-ps2-elf/lib/libc.a(libm_a-s_frexp.o)
                0x00116af0                frexp
 .text          0x00116be8       0x20 /usr/local/ps2dev/ee/bin/../lib/gcc/mips64r5900el-ps2-elf/15.2.0/../../../../mips64r5900el-ps2-elf/lib/libc.a(libc_a-envlock.o)
                0x00116be8                __env_lock
                0x00116bf8                __env_unlock
 .text          0x00116c08       0x78 /usr/local/ps2dev/ee/bin/../lib/gcc/mips64r5900el-ps2-elf/15.2.0/../../../../mips64r5900el-ps2-elf/lib/libc.a(libc_a-assert.o)
                0x00116c08                __assert_func
                0x00116c68                __assert
 .text          0x00116c80     0x15e0 /usr/local/ps2dev/ee/bin/../lib/gcc/mips64r5900el-ps2-elf/15.2.0/../../../../mips64r5900el-ps2-elf/lib/libc.a(libc_a-mprec.o)
                0x00116c80                _Balloc
                0x00116d40                _Bfree
                0x00116d70                __multadd
                0x00116ed8                __s2b
                0x00117070                __hi0bits
                0x00117138                __lo0bits
                0x00117280                __i2b
                0x00117368                __multiply
                0x00117600                __pow5mult
                0x00117780                __lshift
                0x00117940                __mcmp
                0x001179b0                __mdiff
                0x00117c30                __ulp
                0x00117ce0                __b2d
                0x00117e88                __d2b
                0x00117ff8                __ratio
                0x001180b0                _mprec_log10
                0x00118140                __copybits
                0x001181d8                __any_on
 .text          0x00118260       0x28 /usr/local/ps2dev/ee/bin/../lib/gcc/mips64r5900el-ps2-elf/15.2.0/../../../../mips64r5900el-ps2-elf/lib/libc.a(libc_a-localeconv.o)
                0x00118260                __localeconv_l
                0x00118268                _localeconv_r
                0x00118278                localeconv
 .text          0x00118288      0x140 /usr/local/ps2dev/ee/bin/../lib/gcc/mips64r5900el-ps2-elf/15.2.0/../../../../mips64r5900el-ps2-elf/lib/libc.a(libc_a-locale.o)
                0x00118288                _setlocale_r
                0x00118320                __locale_mb_cur_max
                0x00118330                setlocale
 .text          0x001183c8       0x60 /usr/local/ps2dev/ee/bin/../lib/gcc/mips64r5900el-ps2-elf/15.2.0/../../../../mips64r5900el-ps2-elf/lib/libc.a(libc_a-mbtowc_r.o)
                0x001183c8                _mbtowc_r
                0x001183d8                __ascii_mbtowc
 .text          0x00118428       0xe0 /usr/local/ps2dev/ee/bin/../lib/gcc/mips64r5900el-ps2-elf/15.2.0/../../../../mips64r5900el-ps2-elf/lib/libc.a(libc_a-strncmp.o)
                0x00118428                strncmp
 .text          0x00118508      0x7c0 /usr/local/ps2dev/ee/bin/../lib/gcc/mips64r5900el-ps2-elf/15.2.0/../../../../mips64r5900el-ps2-elf/lib/libc.a(libc_a-tzset_r.o)
                0x00118508                _tzset_unlocked_r
                0x00118ca0                _tzset_r
 .text          0x00118cc8      0x178 /usr/local/ps2dev/ee/bin/../lib/gcc/mips64r5900el-ps2-elf/15.2.0/../../../../mips64r5900el-ps2-elf/lib/libc.a(libc_a-memmove.o)
                0x00118cc8                memmove
 .text          0x00118e40      0x138 /usr/local/ps2dev/ee/bin/../lib/gcc/mips64r5900el-ps2-elf/15.2.0/../../../../mips64r5900el-ps2-elf/lib/libc.a(libc_a-callocr.o)
                0x00118e40                _calloc_r
 .text          0x00118f78      0x1a0 /usr/local/ps2dev/ee/bin/../lib/gcc/mips64r5900el-ps2-elf/15.2.0/../../../../mips64r5900el-ps2-elf/lib/libc.a(libc_a-ssputs_r.o)
                0x00118f78                __ssputs_r
 .text          0x00119118        0x0 /usr/local/ps2dev/ee/bin/../lib/gcc/mips64r5900el-ps2-elf/15.2.0/../../../../mips64r5900el-ps2-elf/lib/libc.a(libc_a-month_lengths.o)
 .text          0x00119118       0x88 /usr/local/ps2dev/ee/bin/../lib/gcc/mips64r5900el-ps2-elf/15.2.0/../../../../mips64r5900el-ps2-elf/lib/libc.a(libc_a-fiprintf.o)
                0x00119118                _fiprintf_r
                0x00119150                fiprintf
 .text          0x001191a0       0x48 /usr/local/ps2dev/ee/bin/../lib/gcc/mips64r5900el-ps2-elf/15.2.0/../../../../mips64r5900el-ps2-elf/lib/libc.a(libc_a-wctomb_r.o)
                0x001191a0                _wctomb_r
                0x001191b0                __ascii_wctomb
 .text          0x001191e8       0xb8 /usr/local/ps2dev/ee/bin/../lib/gcc/mips64r5900el-ps2-elf/15.2.0/../../../../mips64r5900el-ps2-elf/lib/libc.a(libc_a-strcpy.o)
                0x001191e8                strcpy
 .text          0x001192a0       0xb8 /usr/local/ps2dev/ee/bin/../lib/gcc/mips64r5900el-ps2-elf/15.2.0/../../../../mips64r5900el-ps2-elf/lib/libc.a(libc_a-strcmp.o)
                0x001192a0                strcmp
 .text          0x00119358      0x118 /usr/local/ps2dev/ee/bin/../lib/gcc/mips64r5900el-ps2-elf/15.2.0/../../../../mips64r5900el-ps2-elf/lib/libc.a(libc_a-siscanf.o)
                0x00119358                siscanf
                0x001193e0                _siscanf_r
 .text          0x00119470      0x298 /usr/local/ps2dev/ee/bin/../lib/gcc/mips64r5900el-ps2-elf/15.2.0/../../../../mips64r5900el-ps2-elf/lib/libc.a(libc_a-strtoul.o)
                0x001196d0                _strtoul_r
                0x001196d8                strtoul_l
                0x001196f0                strtoul
 .text          0x00119708     0x1910 /usr/local/ps2dev/ee/bin/../lib/gcc/mips64r5900el-ps2-elf/15.2.0/../../../../mips64r5900el-ps2-elf/lib/libc.a(libc_a-vfiprintf.o)
                0x00119708                _vfiprintf_r
                0x0011af18                vfiprintf
 .text          0x0011b018      0x1c0 /usr/local/ps2dev/ee/bin/../lib/gcc/mips64r5900el-ps2-elf/15.2.0/../../../../mips64r5900el-ps2-elf/lib/libc.a(libc_a-wsetup.o)
                0x0011b018                __swsetup_r
 .text          0x0011b1d8      0x258 /usr/local/ps2dev/ee/bin/../lib/gcc/mips64r5900el-ps2-elf/15.2.0/../../../../mips64r5900el-ps2-elf/lib/libc.a(libc_a-makebuf.o)
                0x0011b1d8                __smakebuf_r
                0x0011b340                __swhatbuf_r
 .text          0x0011b430     0x25d8 /usr/local/ps2dev/ee/bin/../lib/gcc/mips64r5900el-ps2-elf/15.2.0/../../../../mips64r5900el-ps2-elf/lib/libc.a(libc_a-svfiscanf.o)
                0x0011b430                _sungetc_r
                0x0011b568                __ssrefill_r
                0x0011b628                _sfread_r
                0x0011b7c0                __ssvfiscanf_r
 .text          0x0011da08      0x378 /usr/local/ps2dev/ee/bin/../lib/gcc/mips64r5900el-ps2-elf/15.2.0/../../../../mips64r5900el-ps2-elf/lib/libc.a(libc_a-strtoll.o)
                0x0011dd48                _strtoll_r
                0x0011dd50                strtoll_l
                0x0011dd68                strtoll
 .text          0x0011dd80       0x40 /usr/local/ps2dev/ee/bin/../lib/gcc/mips64r5900el-ps2-elf/15.2.0/../../../../mips64r5900el-ps2-elf/lib/libc.a(libc_a-sprint_r.o)
                0x0011dd80                __sprint_r
 .text          0x0011ddc0       0x78 /usr/local/ps2dev/ee/bin/../lib/gcc/mips64r5900el-ps2-elf/15.2.0/../../../../mips64r5900el-ps2-elf/lib/libc.a(libc_a-fstatr.o)
                0x0011ddc0                _fstat_r
 .text          0x0011de38      0x110 /usr/local/ps2dev/ee/bin/../lib/gcc/mips64r5900el-ps2-elf/15.2.0/../../../../mips64r5900el-ps2-elf/lib/libc.a(libc_a-sccl.o)
                0x0011de38                __sccl
 .text          0x0011df48       0x70 /usr/local/ps2dev/ee/bin/../lib/gcc/mips64r5900el-ps2-elf/15.2.0/../../../../mips64r5900el-ps2-elf/lib/libc.a(libc_a-isattyr.o)
                0x0011df48                _isatty_r
 .text          0x0011dfb8      0x348 /usr/local/ps2dev/ee/bin/../lib/gcc/mips64r5900el-ps2-elf/15.2.0/../../../../mips64r5900el-ps2-elf/lib/libc.a(libc_a-strtoull.o)
                0x0011e2c8                _strtoull_r
                0x0011e2d0                strtoull_l
                0x0011e2e8                strtoull
 .text          0x0011e300       0x18 /usr/local/ps2dev/ee/bin/../lib/gcc/mips64r5900el-ps2-elf/15.2.0/../../../../mips64r5900el-ps2-elf/lib/libc.a(libc_a-realloc.o)
                0x0011e300                realloc
 .text          0x0011e318        0x8 /usr/local/ps2dev/ee/bin/../lib/gcc/mips64r5900el-ps2-elf/15.2.0/../../../../mips64r5900el-ps2-elf/lib/libc.a(libc_a-iswspace.o)
                0x0011e318                iswspace
 .text          0x0011e320      0x140 /usr/local/ps2dev/ee/bin/../lib/gcc/mips64r5900el-ps2-elf/15.2.0/../../../../mips64r5900el-ps2-elf/lib/libc.a(libc_a-mbrtowc.o)
                0x0011e320                _mbrtowc_r
                0x0011e3b8                mbrtowc
 .text          0x0011e460      0x3c0 /usr/local/ps2dev/ee/bin/../lib/gcc/mips64r5900el-ps2-elf/15.2.0/../../../../mips64r5900el-ps2-elf/lib/libc.a(libc_a-ungetc.o)
                0x0011e460                __submore
                0x0011e538                _ungetc_r
                0x0011e808                ungetc
 .text          0x0011e820      0x570 /usr/local/ps2dev/ee/bin/../lib/gcc/mips64r5900el-ps2-elf/15.2.0/../../../../mips64r5900el-ps2-elf/lib/libc.a(libc_a-fvwrite.o)
                0x0011e820                __sfvwrite_r
 .text          0x0011ed90       0x78 /usr/local/ps2dev/ee/bin/../lib/gcc/mips64r5900el-ps2-elf/15.2.0/../../../../mips64r5900el-ps2-elf/lib/libc.a(libc_a-_isatty.o)
                0x0011ed90                _isatty
 .text          0x0011ee08       0x28 /usr/local/ps2dev/ee/bin/../lib/gcc/mips64r5900el-ps2-elf/15.2.0/../../../../mips64r5900el-ps2-elf/lib/libc.a(libc_a-iswspace_l.o)
                0x0011ee08                iswspace_l
 .text          0x0011ee30       0x18 /usr/local/ps2dev/ee/bin/../lib/gcc/mips64r5900el-ps2-elf/15.2.0/../../../../mips64r5900el-ps2-elf/lib/libc.a(libc_a-sysfstat.o)
                0x0011ee30                fstat
 .text          0x0011ee48       0xd8 /usr/local/ps2dev/ps2sdk/ee/lib/libpthreadglue.a(pte_osInit.o)
                0x0011ee48                pte_osInit
 .text          0x0011ef20       0x20 /usr/local/ps2dev/ps2sdk/ee/lib/libpthreadglue.a(pte_osTerminate.o)
                0x0011ef20                pte_osTerminate
 .text          0x0011ef40        0x8 /usr/local/ps2dev/ps2sdk/ee/lib/libpthreadglue.a(pte_osThreadGetHandle.o)
                0x0011ef40                pte_osThreadGetHandle
 .text          0x0011ef48       0x10 /usr/local/ps2dev/ps2sdk/ee/lib/libpthreadglue.a(pte_osThreadSleep.o)
                0x0011ef48                pte_osThreadSleep
 .text          0x0011ef58       0x20 /usr/local/ps2dev/ps2sdk/ee/lib/libpthreadglue.a(pte_osThreadGetMinPriority.o)
                0x0011ef58                pte_osThreadGetMinPriority
 .text          0x0011ef78        0x8 /usr/local/ps2dev/ps2sdk/ee/lib/libpthreadglue.a(pte_osThreadGetDefaultPriority.o)
                0x0011ef78                pte_osThreadGetDefaultPriority
 .text          0x0011ef80       0xa0 /usr/local/ps2dev/ps2sdk/ee/lib/libpthreadglue.a(pte_osMutexCreate.o)
                0x0011ef80                pte_osMutexCreate
 .text          0x0011f020       0x20 /usr/local/ps2dev/ps2sdk/ee/lib/libpthreadglue.a(pte_osMutexLock.o)
                0x0011f020                pte_osMutexLock
 .text          0x0011f040       0x20 /usr/local/ps2dev/ps2sdk/ee/lib/libpthreadglue.a(pte_osMutexUnlock.o)
                0x0011f040                pte_osMutexUnlock
 .text          0x0011f060       0x68 /usr/local/ps2dev/ps2sdk/ee/lib/libpthreadglue.a(pte_osSemaphoreCreate.o)
                0x0011f060                pte_osSemaphoreCreate
 .text          0x0011f0c8       0x20 /usr/local/ps2dev/ps2sdk/ee/lib/libpthreadglue.a(pte_osSemaphoreDelete.o)
                0x0011f0c8                pte_osSemaphoreDelete
 .text          0x0011f0e8       0x60 /usr/local/ps2dev/ps2sdk/ee/lib/libpthreadglue.a(pte_osSemaphorePost.o)
                0x0011f0e8                pte_osSemaphorePost
 .text          0x0011f148       0xa0 /usr/local/ps2dev/ps2sdk/ee/lib/libpthreadglue.a(pte_osSemaphorePend.o)
                0x0011f148                pte_osSemaphorePend
 .text          0x0011f1e8       0x60 /usr/local/ps2dev/ps2sdk/ee/lib/libpthreadglue.a(pte_osAtomicExchange.o)
                0x0011f1e8                pte_osAtomicExchange
 .text          0x0011f248       0x70 /usr/local/ps2dev/ps2sdk/ee/lib/libpthreadglue.a(pte_osAtomicCompareExchange.o)
                0x0011f248                pte_osAtomicCompareExchange
 .text          0x0011f2b8        0x0 /usr/local/ps2dev/ps2sdk/ee/lib/libpthreadglue.a(__globalTls.o)
 .text          0x0011f2b8       0x60 /usr/local/ps2dev/ps2sdk/ee/lib/libpthreadglue.a(pteTlsGlobalInit.o)
                0x0011f2b8                pteTlsGlobalInit
 .text          0x0011f318       0x50 /usr/local/ps2dev/ps2sdk/ee/lib/libpthreadglue.a(pteTlsThreadInit.o)
                0x0011f318                pteTlsThreadInit
 .text          0x0011f368       0xc0 /usr/local/ps2dev/ps2sdk/ee/lib/libpthreadglue.a(__pteTlsAlloc.o)
                0x0011f368                __pteTlsAlloc
 .text          0x0011f428       0x28 /usr/local/ps2dev/ps2sdk/ee/lib/libpthreadglue.a(__pteTlsSetValue.o)
                0x0011f428                __pteTlsSetValue
 .text          0x0011f450       0x30 /usr/local/ps2dev/ps2sdk/ee/lib/libpthreadglue.a(pteTlsGlobalDestroy.o)
                0x0011f450                pteTlsGlobalDestroy
 .text          0x0011f480       0x40 /usr/local/ps2dev/ps2sdk/ee/lib/libpthreadglue.a(pte_osTlsSetValue.o)
                0x0011f480                pte_osTlsSetValue
 .text          0x0011f4c0       0x30 /usr/local/ps2dev/ps2sdk/ee/lib/libpthreadglue.a(pte_osTlsGetValue.o)
                0x0011f4c0                pte_osTlsGetValue
 .text          0x0011f4f0       0x30 /usr/local/ps2dev/ps2sdk/ee/lib/libpthreadglue.a(pte_osTlsAlloc.o)
                0x0011f4f0                pte_osTlsAlloc
 .text          0x0011f520        0x8 /usr/local/ps2dev/ps2sdk/ee/lib/libpthreadglue.a(pte_osTlsFree.o)
                0x0011f520                pte_osTlsFree
 .text          0x0011f528        0x0 /usr/local/ps2dev/ps2sdk/ee/lib/libpthreadglue.a(__threadDataKey.o)
 .text          0x0011f528       0x20 /usr/local/ps2dev/ps2sdk/ee/lib/libpthreadglue.a(pte_osMutexDelete.o)
                0x0011f528                pte_osMutexDelete
 .text          0x0011f548        0x0 /usr/local/ps2dev/ps2sdk/ee/lib/libpthreadglue.a(__keysUsed.o)
 .text          0x0011f548        0x0 /usr/local/ps2dev/ps2sdk/ee/lib/libpthreadglue.a(__maxTlsValues.o)
 .text          0x0011f548        0x0 /usr/local/ps2dev/ps2sdk/ee/lib/libpthreadglue.a(__globalTlsLock.o)
 .text          0x0011f548       0x48 /usr/local/ps2dev/ps2sdk/ee/lib/libpthreadglue.a(pteTlsGetValue.o)
                0x0011f548                pteTlsGetValue
 .text          0x0011f590       0x38 /usr/local/ps2dev/ps2sdk/ee/lib/libpthreadglue.a(__getTlsStructFromThread.o)
                0x0011f590                __getTlsStructFromThread
 .text          0x0011f5c8       0x70 /usr/local/ps2dev/ps2sdk/ee/lib/libpthreadglue.a(pteTlsFree.o)
                0x0011f5c8                pteTlsFree
 .text          0x0011f638        0x0 /usr/local/ps2dev/ps2sdk/ee/lib/libpthreadglue.a(__threadInfo.o)
 .text          0x0011f638       0xe8 /usr/local/ps2dev/ps2sdk/ee/lib/libcglue.a(_fstat.o)
                0x0011f638                _fstat
 .text          0x0011f720        0x8 /usr/local/ps2dev/ps2sdk/ee/lib/libcglue.a(_getpid.o)
                0x0011f720                _getpid
 .text          0x0011f728       0x18 /usr/local/ps2dev/ps2sdk/ee/lib/libcglue.a(_kill.o)
                0x0011f728                _kill
 .text          0x0011f740        0x8 /usr/local/ps2dev/ps2sdk/ee/lib/libcglue.a(__retarget_lock_acquire.o)
                0x0011f740                __retarget_lock_acquire
 .text          0x0011f748        0x8 /usr/local/ps2dev/ps2sdk/ee/lib/libcglue.a(__retarget_lock_release.o)
                0x0011f748                __retarget_lock_release
 .text          0x0011f750       0x10 /usr/local/ps2dev/ps2sdk/ee/lib/libkernel.a(PollSema.o)
                0x0011f750                PollSema
 .text          0x0011f760      0x110 /usr/local/ps2dev/ps2sdk/ee/lib/libkernel.a(DelayThread.o)
                0x0011f788                DelayThread
 .text          0x0011f870      0x110 /usr/local/ps2dev/ps2sdk/ee/lib/libkernel.a(WaitSemaEx.o)
                0x0011f890                WaitSemaEx
 .text          0x0011f980       0x10 /usr/local/ps2dev/ps2sdk/ee/lib/libkernel.a(iReleaseWaitThread.o)
                0x0011f980                iReleaseWaitThread
 .text          0x0011f990       0x68 /usr/local/ps2dev/ps2sdk/ee/lib/libkernel.a(TimerUSec2BusClock.o)
                0x0011f990                TimerUSec2BusClock
 .text          0x0011f9f8       0x70 /usr/local/ps2dev/ps2sdk/ee/lib/libkernel.a(SetTimerAlarm.o)
                0x0011f9f8                SetTimerAlarm
 .text          0x0011fa68       0xe0 /usr/local/ps2dev/ps2sdk/ee/lib/libkernel.a(ReleaseTimerAlarm.o)
                0x0011fa68                ReleaseTimerAlarm
 .text          0x0011fb48       0x60 /usr/local/ps2dev/ps2sdk/ee/lib/libkernel.a(FreeTimerCounter.o)
                0x0011fb48                FreeTimerCounter
 .text          0x0011fba8        0x0 /usr/local/ps2dev/ps2sdk/ee/lib/libkernel.a(alarm_data.o)
 .text          0x0011fba8      0x130 /usr/local/ps2dev/ps2sdk/ee/lib/libkernel.a(iSetTimerAlarm.o)
                0x0011fba8                iSetTimerAlarm
 .text          0x0011fcd8       0x70 /usr/local/ps2dev/ps2sdk/ee/lib/libkernel.a(iAllocTimerCounter.o)
                0x0011fcd8                iAllocTimerCounter
 .text          0x0011fd48       0xe0 /usr/local/ps2dev/ps2sdk/ee/lib/libkernel.a(iFreeTimerCounter.o)
                0x0011fd48                iFreeTimerCounter
 .text          0x0011fe28       0xd8 /usr/local/ps2dev/ps2sdk/ee/lib/libkernel.a(iStartTimerCounter.o)
                0x0011fe28                iStartTimerCounter
 .text          0x0011ff00      0x150 /usr/local/ps2dev/ps2sdk/ee/lib/libkernel.a(iSetTimerHandler.o)
                0x0011ff00                iSetTimerHandler
 .text          0x00120050       0x70 /usr/local/ps2dev/ps2sdk/ee/lib/libkernel.a(AlarmHandler.o)
                0x00120050                AlarmHandler
 .text          0x001200c0       0x28 /usr/local/ps2dev/ps2sdk/ee/lib/libkernel.a(GPfuncs.o)
                0x001200c0                ChangeGP
                0x001200cc                SetGP
                0x001200d8                GetGP
 .text          0x001200e8        0x0 /usr/local/ps2dev/ps2sdk/ee/lib/libkernel.a(timer_data.o)
 .text          0x001200e8      0x158 /usr/local/ps2dev/ps2sdk/ee/lib/libkernel.a(SetNextComp.o)
                0x001200e8                SetNextComp
 .text          0x00120240       0xa0 /usr/local/ps2dev/ps2sdk/ee/lib/libkernel.a(InsertAlarm_ForTimer.o)
                0x00120240                InsertAlarm_ForTimer
 .text          0x001202e0       0x38 /usr/local/ps2dev/ps2sdk/ee/lib/libkernel.a(UnlinkAlarm_ForTimer.o)
                0x001202e0                UnlinkAlarm_ForTimer
 .text          0x00120318       0x88 /usr/local/ps2dev/ps2sdk/ee/lib/libkernel.a(iGetTimerSystemTime.o)
                0x00120318                iGetTimerSystemTime
                0x00120360                _ps2sdk_init_timer_impl
                0x00120380                _ps2sdk_deinit_timer_impl
 .text          0x001203a0       0x10 /usr/local/ps2dev/ps2sdk/ee/lib/libkernel.a(SetT2_MODE.o)
                0x001203a0                SetT2_MODE
 .text          0x001203b0       0x10 /usr/local/ps2dev/ps2sdk/ee/lib/libkernel.a(SetT2_COMP.o)
                0x001203b0                SetT2_COMP
 .text          0x001203c0      0x130 /usr/local/ps2dev/ps2sdk/ee/lib/libkernel.a(InitTimer.o)
                0x001203c0                InitTimer
 .text          0x001204f0       0xc8 /usr/local/ps2dev/ps2sdk/ee/lib/libkernel.a(EndTimer.o)
                0x001204f0                EndTimer
 .text          0x001205b8       0xa8 /usr/local/ps2dev/ps2sdk/ee/lib/libkernel.a(StartTimerSystemTime.o)
                0x001205b8                StartTimerSystemTime
 .text          0x00120660       0x90 /usr/local/ps2dev/ps2sdk/ee/lib/libkernel.a(StopTimerSystemTime.o)
                0x00120660                StopTimerSystemTime
 .text          0x001206f0      0x280 /usr/local/ps2dev/ps2sdk/ee/lib/libkernel.a(TimerHandler_callback.o)
                0x001206f0                TimerHandler_callback
 .text          0x00120970       0x30 /usr/local/ps2dev/ps2sdk/ee/lib/libkernel.a(ForTimer_InitAlarm.o)
                0x00120970                ForTimer_InitAlarm
 .text          0x001209a0       0x10 /usr/local/ps2dev/ps2sdk/ee/lib/libkernel.a(AddIntcHandler2.o)
                0x001209a0                AddIntcHandler2
 .text          0x001209b0       0x10 /usr/local/ps2dev/ps2sdk/ee/lib/libkernel.a(RemoveIntcHandler.o)
                0x001209b0                RemoveIntcHandler
 .text          0x001209c0       0x78 /usr/local/ps2dev/ps2sdk/ee/lib/libkernel.a(EnableIntc.o)
                0x001209c0                EnableIntc
 .text          0x00120a38       0x78 /usr/local/ps2dev/ps2sdk/ee/lib/libkernel.a(DisableIntc.o)
                0x00120a38                DisableIntc
 .text          0x00120ab0       0x30 /usr/local/ps2dev/ps2sdk/ee/lib/libkernel.a(SetT2.o)
                0x00120ab0                SetT2
 .text          0x00120ae0       0x10 /usr/local/ps2dev/ps2sdk/ee/lib/libkernel.a(SetT2_COUNT.o)
                0x00120ae0                SetT2_COUNT
 .text          0x00120af0       0x10 /usr/local/ps2dev/ps2sdk/ee/lib/libkernel.a(_EnableIntc.o)
                0x00120af0                _EnableIntc
 .text          0x00120b00       0x10 /usr/local/ps2dev/ps2sdk/ee/lib/libkernel.a(_DisableIntc.o)
                0x00120b00                _DisableIntc
 .text          0x00120b10       0x18 /usr/local/ps2dev/ee/bin/../lib/gcc/mips64r5900el-ps2-elf/15.2.0/../../../../mips64r5900el-ps2-elf/lib/libc.a(libc_a-calloc.o)
                0x00120b10                calloc
 .text          0x00120b28      0x318 /usr/local/ps2dev/ee/bin/../lib/gcc/mips64r5900el-ps2-elf/15.2.0/libgcc.a(_addsub_df.o)
                0x00120d90                __adddf3
                0x00120de0                __subdf3
 .text          0x00120e40      0x2b0 /usr/local/ps2dev/ee/bin/../lib/gcc/mips64r5900el-ps2-elf/15.2.0/libgcc.a(_mul_df.o)
                0x00120e40                __muldf3
 .text          0x001210f0      0x188 /usr/local/ps2dev/ee/bin/../lib/gcc/mips64r5900el-ps2-elf/15.2.0/libgcc.a(_div_df.o)
                0x001210f0                __divdf3
 .text          0x00121278       0x78 /usr/local/ps2dev/ee/bin/../lib/gcc/mips64r5900el-ps2-elf/15.2.0/libgcc.a(_eq_df.o)
                0x00121278                __eqdf2
 .text          0x001212f0       0x78 /usr/local/ps2dev/ee/bin/../lib/gcc/mips64r5900el-ps2-elf/15.2.0/libgcc.a(_ne_df.o)
                0x001212f0                __nedf2
 .text          0x00121368       0x78 /usr/local/ps2dev/ee/bin/../lib/gcc/mips64r5900el-ps2-elf/15.2.0/libgcc.a(_gt_df.o)
                0x00121368                __gtdf2
 .text          0x001213e0       0x78 /usr/local/ps2dev/ee/bin/../lib/gcc/mips64r5900el-ps2-elf/15.2.0/libgcc.a(_lt_df.o)
                0x001213e0                __ltdf2
 .text          0x00121458       0x78 /usr/local/ps2dev/ee/bin/../lib/gcc/mips64r5900el-ps2-elf/15.2.0/libgcc.a(_le_df.o)
                0x00121458                __ledf2
 .text          0x001214d0       0x60 /usr/local/ps2dev/ee/bin/../lib/gcc/mips64r5900el-ps2-elf/15.2.0/libgcc.a(_unord_df.o)
                0x001214d0                __unorddf2
 .text          0x00121530       0x98 /usr/local/ps2dev/ee/bin/../lib/gcc/mips64r5900el-ps2-elf/15.2.0/libgcc.a(_si_to_df.o)
                0x00121530                __floatsidf
 .text          0x001215c8       0xc8 /usr/local/ps2dev/ee/bin/../lib/gcc/mips64r5900el-ps2-elf/15.2.0/libgcc.a(_df_to_si.o)
                0x001215c8                __fixdfsi
 .text          0x00121690        0x0 /usr/local/ps2dev/ee/bin/../lib/gcc/mips64r5900el-ps2-elf/15.2.0/libgcc.a(_thenan_df.o)
 .text          0x00121690       0x78 /usr/local/ps2dev/ee/bin/../lib/gcc/mips64r5900el-ps2-elf/15.2.0/libgcc.a(_usi_to_df.o)
                0x00121690                __floatunsidf
 .text          0x00121708     0x19b8 /usr/local/ps2dev/ee/bin/../lib/gcc/mips64r5900el-ps2-elf/15.2.0/libgcc.a(lib2funcs.o)
                0x00121708                __muldi3
                0x00121748                __divdi3
                0x00121e28                __moddi3
                0x001224d0                __umoddi3
                0x00122a90                __udivdi3
 .text          0x001230c0        0x0 /usr/local/ps2dev/ee/bin/../lib/gcc/mips64r5900el-ps2-elf/15.2.0/libgcc.a(_clz.o)
 .text          0x001230c0       0x80 /usr/local/ps2dev/ee/bin/../lib/gcc/mips64r5900el-ps2-elf/15.2.0/libgcc.a(_clzsi2.o)
                0x001230c0                __clzdi2
 .text          0x00123140      0x1d8 /usr/local/ps2dev/ee/bin/../lib/gcc/mips64r5900el-ps2-elf/15.2.0/libgcc.a(_pack_df.o)
                0x00123140                __pack_d
 .text          0x00123318       0xf0 /usr/local/ps2dev/ee/bin/../lib/gcc/mips64r5900el-ps2-elf/15.2.0/libgcc.a(_unpack_df.o)
                0x00123318                __unpack_d
 .text          0x00123408      0x138 /usr/local/ps2dev/ee/bin/../lib/gcc/mips64r5900el-ps2-elf/15.2.0/libgcc.a(_fpcmp_parts_df.o)
                0x00123408                __fpcmp_parts_d
 .text          0x00123540       0x60 /usr/local/ps2dev/ee/bin/../lib/gcc/mips64r5900el-ps2-elf/15.2.0/crtend.o
 .text          0x001235a0        0x0 /usr/local/ps2dev/ee/bin/../lib/gcc/mips64r5900el-ps2-elf/15.2.0/crtn.o
 *(.text.*)
 .text.startup  0x001235a0       0x40 main.o
                0x001235a0                main
 .text.startup  0x001235e0        0x8 /usr/local/ps2dev/ps2sdk/ee/lib/libcglue.a(__fioOpsInitialize.o)
 *(.gnu.linkonce.t*)
 *(.init)
 .init          0x001235e8        0x8 /usr/local/ps2dev/ee/bin/../lib/gcc/mips64r5900el-ps2-elf/15.2.0/crti.o
                0x001235e8                _init
 .init          0x001235f0       0x18 /usr/local/ps2dev/ee/bin/../lib/gcc/mips64r5900el-ps2-elf/15.2.0/crtbegin.o
 .init          0x00123608       0x18 /usr/local/ps2dev/ee/bin/../lib/gcc/mips64r5900el-ps2-elf/15.2.0/crtend.o
 .init          0x00123620        0xc /usr/local/ps2dev/ee/bin/../lib/gcc/mips64r5900el-ps2-elf/15.2.0/crtn.o
 *(.fini)
 .fini          0x0012362c        0x8 /usr/local/ps2dev/ee/bin/../lib/gcc/mips64r5900el-ps2-elf/15.2.0/crti.o
                0x0012362c                _fini
 .fini          0x00123634       0x18 /usr/local/ps2dev/ee/bin/../lib/gcc/mips64r5900el-ps2-elf/15.2.0/crtbegin.o
 .fini          0x0012364c        0xc /usr/local/ps2dev/ee/bin/../lib/gcc/mips64r5900el-ps2-elf/15.2.0/crtn.o
                0x00123658        0x8 QUAD 0x0
                [!provide]                        PROVIDE (_etext = .)
                [!provide]                        PROVIDE (etext = .)

.ctors          0x00123660        0xc
 *crtbegin*.o(.ctors)
 .ctors         0x00123660        0x4 /usr/local/ps2dev/ee/bin/../lib/gcc/mips64r5900el-ps2-elf/15.2.0/crtbegin.o
 *(EXCLUDE_FILE(*crtend*.o) .ctors)
 .ctors         0x00123664        0x4 /usr/local/ps2dev/ps2sdk/ee/lib/libcglue.a(__fioOpsInitialize.o)
 *(SORT_BY_NAME(.ctors.*))
 *(.ctors)
 .ctors         0x00123668        0x4 /usr/local/ps2dev/ee/bin/../lib/gcc/mips64r5900el-ps2-elf/15.2.0/crtend.o

.dtors          0x00123670        0x8
 *crtbegin*.o(.dtors)
 .dtors         0x00123670        0x4 /usr/local/ps2dev/ee/bin/../lib/gcc/mips64r5900el-ps2-elf/15.2.0/crtbegin.o
 *(EXCLUDE_FILE(*crtend*.o) .dtors)
 *(SORT_BY_NAME(.dtors.*))
 *(.dtors)
 .dtors         0x00123674        0x4 /usr/local/ps2dev/ee/bin/../lib/gcc/mips64r5900el-ps2-elf/15.2.0/crtend.o
                0x00123674                __DTOR_END__

.reginfo        0x00123678       0x18
 *(.reginfo)
 .reginfo       0x00123678       0x18 /usr/local/ps2dev/ee/bin/../lib/gcc/mips64r5900el-ps2-elf/15.2.0/crti.o

.data           0x00123700     0x18a8
                0x00123700                        _fdata = .
 *(.data)
 .data          0x00123700       0x20 /tmp/ccZE9a7X.ltrans0.ltrans.o
 .data          0x00123720        0x0 /usr/local/ps2dev/ee/bin/../lib/gcc/mips64r5900el-ps2-elf/15.2.0/crti.o
 .data          0x00123720        0x0 /usr/local/ps2dev/ee/bin/../lib/gcc/mips64r5900el-ps2-elf/15.2.0/crtbegin.o
 .data          0x00123720        0x0 main.o
 .data          0x00123720        0x0 /usr/local/ps2dev/ps2sdk/ee/lib/libkernel.a(SetupHeap.o)
 .data          0x00123720        0x0 /usr/local/ps2dev/ps2sdk/ee/lib/libkernel.a(FlushCache.o)
 *fill*         0x00123720       0x20 
 .data          0x00123740       0x40 /usr/local/ps2dev/ps2sdk/ee/lib/libkernel.a(SifRpcMain.o)
                0x00123740                _sif_rpc_data
 .data          0x00123780        0x0 /usr/local/ps2dev/ps2sdk/ee/lib/libkernel.a(SifLoadFileInit.o)
 .data          0x00123780        0x0 /usr/local/ps2dev/ps2sdk/ee/lib/libkernel.a(__iop_control_internals.o)
 .data          0x00123780        0x0 /usr/local/ps2dev/ps2sdk/ee/lib/libkernel.a(GetRomNameWithIODriver.o)
 .data          0x00123780        0x0 /usr/local/ps2dev/ps2sdk/ee/lib/libkernel.a(configGetTvScreenTypeWithIODriver.o)
 .data          0x00123780        0x0 /usr/local/ps2dev/ps2sdk/ee/lib/libkernel.a(DIntr.o)
 .data          0x00123780        0x0 /usr/local/ps2dev/ps2sdk/ee/lib/libkernel.a(EIntr.o)
 .data          0x00123780        0x0 /usr/local/ps2dev/ps2sdk/ee/lib/libkernel.a(SyncDCache.o)
 .data          0x00123780        0x0 /usr/local/ps2dev/ps2sdk/ee/lib/libkernel.a(_InitSys.o)
 .data          0x00123780        0x0 /usr/local/ps2dev/ps2sdk/ee/lib/libkernel.a(_thread_internals.o)
 .data          0x00123780        0x0 /usr/local/ps2dev/ps2sdk/ee/lib/libkernel.a(iWakeupThread.o)
 .data          0x00123780        0x0 /usr/local/ps2dev/ps2sdk/ee/lib/libkernel.a(libosd.o)
 .data          0x00123780        0x0 /usr/local/ps2dev/ps2sdk/ee/lib/libkernel.a(libosd_common.o)
 .data          0x00123780      0x42c /usr/local/ps2dev/ps2sdk/ee/lib/libkernel.a(osdsrc_bin.o)
                0x00123780                osdsrc
                0x00123ba8                size_osdsrc
 *fill*         0x00123bac        0x4 
 .data          0x00123bb0       0x1c /usr/local/ps2dev/ps2sdk/ee/lib/libkernel.a(tlbfunc.o)
 *fill*         0x00123bcc        0x4 
 .data          0x00123bd0      0x408 /usr/local/ps2dev/ps2sdk/ee/lib/libkernel.a(tlbsrc_bin.o)
                0x00123bd0                tlbsrc
                0x00123fd4                size_tlbsrc
 *fill*         0x00123fd8        0x8 
 .data          0x00123fe0      0x814 /usr/local/ps2dev/ps2sdk/ee/lib/libkernel.a(srcfile_bin.o)
                0x00123fe0                srcfile
                0x001247f0                size_srcfile
 *fill*         0x001247f4        0xc 
 .data          0x00124800       0x2c /usr/local/ps2dev/ps2sdk/ee/lib/libkernel.a(eenull_bin.o)
                0x00124800                eenull
                0x00124828                size_eenull
 .data          0x0012482c        0x0 /usr/local/ps2dev/ps2sdk/ee/lib/libkernel.a(_exit_internals.o)
 .data          0x0012482c        0x0 /usr/local/ps2dev/ps2sdk/ee/lib/libkernel.a(Exit.o)
 .data          0x0012482c        0x0 /usr/local/ps2dev/ps2sdk/ee/lib/libkernel.a(kCopy.o)
 .data          0x0012482c        0x0 /usr/local/ps2dev/ps2sdk/ee/lib/libkernel.a(setup_syscalls.o)
 .data          0x0012482c        0x0 /usr/local/ps2dev/ps2sdk/ee/lib/libkernel.a(KExit.o)
 .data          0x0012482c        0x0 /usr/local/ps2dev/ps2sdk/ee/lib/libkernel.a(CreateThread.o)
 .data          0x0012482c        0x0 /usr/local/ps2dev/ps2sdk/ee/lib/libkernel.a(StartThread.o)
 .data          0x0012482c        0x0 /usr/local/ps2dev/ps2sdk/ee/lib/libkernel.a(ChangeThreadPriority.o)
 .data          0x0012482c        0x0 /usr/local/ps2dev/ps2sdk/ee/lib/libkernel.a(RotateThreadReadyQueue.o)
 .data          0x0012482c        0x0 /usr/local/ps2dev/ps2sdk/ee/lib/libkernel.a(GetThreadId.o)
 .data          0x0012482c        0x0 /usr/local/ps2dev/ps2sdk/ee/lib/libkernel.a(_iGetThreadId.o)
 .data          0x0012482c        0x0 /usr/local/ps2dev/ps2sdk/ee/lib/libkernel.a(WakeupThread.o)
 .data          0x0012482c        0x0 /usr/local/ps2dev/ps2sdk/ee/lib/libkernel.a(_iWakeupThread.o)
 .data          0x0012482c        0x0 /usr/local/ps2dev/ps2sdk/ee/lib/libkernel.a(SuspendThread.o)
 .data          0x0012482c        0x0 /usr/local/ps2dev/ps2sdk/ee/lib/libkernel.a(CreateSema.o)
 .data          0x0012482c        0x0 /usr/local/ps2dev/ps2sdk/ee/lib/libkernel.a(DeleteSema.o)
 .data          0x0012482c        0x0 /usr/local/ps2dev/ps2sdk/ee/lib/libkernel.a(iSignalSema.o)
 .data          0x0012482c        0x0 /usr/local/ps2dev/ps2sdk/ee/lib/libkernel.a(WaitSema.o)
 .data          0x0012482c        0x0 /usr/local/ps2dev/ps2sdk/ee/lib/libkernel.a(SetOsdConfigParam.o)
 .data          0x0012482c        0x0 /usr/local/ps2dev/ps2sdk/ee/lib/libkernel.a(GetOsdConfigParam.o)
 .data          0x0012482c        0x0 /usr/local/ps2dev/ps2sdk/ee/lib/libkernel.a(_SetTLBEntry.o)
 .data          0x0012482c        0x0 /usr/local/ps2dev/ps2sdk/ee/lib/libkernel.a(sceSifSetReg.o)
 .data          0x0012482c        0x0 /usr/local/ps2dev/ps2sdk/ee/lib/libkernel.a(sceSifGetReg.o)
 .data          0x0012482c        0x0 /usr/local/ps2dev/ps2sdk/ee/lib/libkernel.a(GetMemorySize.o)
 .data          0x0012482c        0x0 /usr/local/ps2dev/ps2sdk/ee/lib/libkernel.a(_InitTLB.o)
 .data          0x0012482c        0x0 /usr/local/ps2dev/ps2sdk/ee/lib/libkernel.a(_SyncDCache.o)
 .data          0x0012482c        0x0 /usr/local/ps2dev/ps2sdk/ee/lib/libkernel.a(sceSifSendCmd.o)
 .data          0x0012482c        0x0 /usr/local/ps2dev/ps2sdk/ee/lib/libkernel.a(isceSifSendCmd.o)
 .data          0x0012482c        0x4 /usr/local/ps2dev/ps2sdk/ee/lib/libkernel.a(sif_cmd_main.o)
 .data          0x00124830        0x0 /usr/local/ps2dev/ps2sdk/ee/lib/libkernel.a(sceSifAddCmdHandler.o)
 .data          0x00124830        0x0 /usr/local/ps2dev/ps2sdk/ee/lib/libkernel.a(sceSifGetSreg.o)
 .data          0x00124830        0x0 /usr/local/ps2dev/ps2sdk/ee/lib/libkernel.a(_rpc_get_fpacket.o)
 .data          0x00124830        0x0 /usr/local/ps2dev/ps2sdk/ee/lib/libkernel.a(sceSifBindRpc.o)
 .data          0x00124830        0x0 /usr/local/ps2dev/ps2sdk/ee/lib/libkernel.a(IsT10KWithIODriver.o)
 .data          0x00124830        0x8 /usr/local/ps2dev/ps2sdk/ee/lib/libkernel.a(_config_internals.o)
                0x00124830                g_t10KConfig
 .data          0x00124838        0x0 /usr/local/ps2dev/ps2sdk/ee/lib/libkernel.a(EnableDmac.o)
 .data          0x00124838        0x0 /usr/local/ps2dev/ps2sdk/ee/lib/libkernel.a(DisableDmac.o)
 .data          0x00124838        0x0 /usr/local/ps2dev/ps2sdk/ee/lib/libkernel.a(_ps2sdk_init_timer.o)
 .data          0x00124838        0x0 /usr/local/ps2dev/ps2sdk/ee/lib/libkernel.a(TerminateLibrary.o)
 .data          0x00124838        0x0 /usr/local/ps2dev/ps2sdk/ee/lib/libkernel.a(AddDmacHandler.o)
 .data          0x00124838        0x0 /usr/local/ps2dev/ps2sdk/ee/lib/libkernel.a(RemoveDmacHandler.o)
 .data          0x00124838        0x0 /usr/local/ps2dev/ps2sdk/ee/lib/libkernel.a(_EnableDmac.o)
 .data          0x00124838        0x0 /usr/local/ps2dev/ps2sdk/ee/lib/libkernel.a(_DisableDmac.o)
 .data          0x00124838        0x0 /usr/local/ps2dev/ps2sdk/ee/lib/libkernel.a(sceSifSetDChain.o)
 .data          0x00124838        0x0 /usr/local/ps2dev/ps2sdk/ee/lib/libkernel.a(memset.o)
 .data          0x00124838        0x0 /usr/local/ps2dev/ps2sdk/ee/lib/libkernel.a(_SifSendCmd.o)
 .data          0x00124838        0x0 /usr/local/ps2dev/ps2sdk/ee/lib/libkernel.a(_SifCmdIntHandler.o)
 .data          0x00124838        0x0 /usr/local/ps2dev/ps2sdk/ee/lib/libkernel.a(_rpc_get_packet.o)
 .data          0x00124838        0x0 /usr/local/ps2dev/ps2sdk/ee/lib/libkernel.a(_info_internals.o)
 .data          0x00124838        0x0 /usr/local/ps2dev/ps2sdk/ee/lib/libkernel.a(_ps2sdk_deinit_timer.o)
 .data          0x00124838        0x0 /usr/local/ps2dev/ps2sdk/ee/lib/libkernel.a(sceSifSetDma.o)
 .data          0x00124838        0x0 /usr/local/ps2dev/ps2sdk/ee/lib/libkernel.a(isceSifSetDma.o)
 .data          0x00124838        0x0 /usr/local/ps2dev/ps2sdk/ee/lib/libkernel.a(isceSifSetDChain.o)
 .data          0x00124838        0x0 /usr/local/ps2dev/ps2sdk/ee/lib/libkernel.a(sceSifWriteBackDCache.o)
 .data          0x00124838        0x0 /usr/local/ps2dev/ps2sdk/ee/lib/libkernel.a(ExitThread.o)
 .data          0x00124838        0x0 /usr/local/ps2dev/ee/bin/../lib/gcc/mips64r5900el-ps2-elf/15.2.0/../../../../mips64r5900el-ps2-elf/lib/libc.a(libc_a-sysclose.o)
 .data          0x00124838      0x140 /usr/local/ps2dev/ee/bin/../lib/gcc/mips64r5900el-ps2-elf/15.2.0/../../../../mips64r5900el-ps2-elf/lib/libc.a(libc_a-impure.o)
                0x00124838                _impure_data
 .data          0x00124978        0x0 /usr/local/ps2dev/ee/bin/../lib/gcc/mips64r5900el-ps2-elf/15.2.0/../../../../mips64r5900el-ps2-elf/lib/libc.a(libc_a-sysopen.o)
 .data          0x00124978        0xc /usr/local/ps2dev/ee/bin/../lib/gcc/mips64r5900el-ps2-elf/15.2.0/../../../../mips64r5900el-ps2-elf/lib/libc.a(libc_a-findfp.o)
                0x00124978                __sglue
 .data          0x00124984        0x0 /usr/local/ps2dev/ee/bin/../lib/gcc/mips64r5900el-ps2-elf/15.2.0/../../../../mips64r5900el-ps2-elf/lib/libc.a(libc_a-fclose.o)
 .data          0x00124984        0x0 /usr/local/ps2dev/ee/bin/../lib/gcc/mips64r5900el-ps2-elf/15.2.0/../../../../mips64r5900el-ps2-elf/lib/libc.a(libc_a-sysread.o)
 .data          0x00124984        0x0 /usr/local/ps2dev/ee/bin/../lib/gcc/mips64r5900el-ps2-elf/15.2.0/../../../../mips64r5900el-ps2-elf/lib/libc.a(libc_a-openr.o)
 *fill*         0x00124984        0x4 
 .data          0x00124988      0x410 /usr/local/ps2dev/ee/bin/../lib/gcc/mips64r5900el-ps2-elf/15.2.0/../../../../mips64r5900el-ps2-elf/lib/libc.a(libc_a-mallocr.o)
                0x00124988                __malloc_sbrk_base
                0x0012498c                __malloc_trim_threshold
                0x00124990                __malloc_av_
 .data          0x00124d98        0x0 /usr/local/ps2dev/ee/bin/../lib/gcc/mips64r5900el-ps2-elf/15.2.0/../../../../mips64r5900el-ps2-elf/lib/libc.a(libc_a-freer.o)
 .data          0x00124d98        0x0 /usr/local/ps2dev/ee/bin/../lib/gcc/mips64r5900el-ps2-elf/15.2.0/../../../../mips64r5900el-ps2-elf/lib/libc.a(libc_a-atoi.o)
 .data          0x00124d98        0x0 /usr/local/ps2dev/ee/bin/../lib/gcc/mips64r5900el-ps2-elf/15.2.0/../../../../mips64r5900el-ps2-elf/lib/libc.a(libc_a-strtol.o)
 .data          0x00124d98        0x0 /usr/local/ps2dev/ee/bin/../lib/gcc/mips64r5900el-ps2-elf/15.2.0/../../../../mips64r5900el-ps2-elf/lib/libc.a(libc_a-errno.o)
 .data          0x00124d98        0x0 /usr/local/ps2dev/ee/bin/../lib/gcc/mips64r5900el-ps2-elf/15.2.0/../../../../mips64r5900el-ps2-elf/lib/libc.a(libc_a-closer.o)
 .data          0x00124d98        0x0 /usr/local/ps2dev/ee/bin/../lib/gcc/mips64r5900el-ps2-elf/15.2.0/../../../../mips64r5900el-ps2-elf/lib/libc.a(libc_a-readr.o)
 .data          0x00124d98        0x0 /usr/local/ps2dev/ee/bin/../lib/gcc/mips64r5900el-ps2-elf/15.2.0/../../../../mips64r5900el-ps2-elf/lib/libc.a(libc_a-mlock.o)
 .data          0x00124d98        0x0 /usr/local/ps2dev/ee/bin/../lib/gcc/mips64r5900el-ps2-elf/15.2.0/../../../../mips64r5900el-ps2-elf/lib/libc.a(libc_a-sbrkr.o)
 .data          0x00124d98        0x0 /usr/local/ps2dev/ee/bin/../lib/gcc/mips64r5900el-ps2-elf/15.2.0/../../../../mips64r5900el-ps2-elf/lib/libc.a(libc_a-ctype_.o)
 .data          0x00124d98        0x0 /usr/local/ps2dev/ee/bin/../lib/gcc/mips64r5900el-ps2-elf/15.2.0/../../../../mips64r5900el-ps2-elf/lib/libc.a(libc_a-stdio.o)
 .data          0x00124d98        0x0 /usr/local/ps2dev/ee/bin/../lib/gcc/mips64r5900el-ps2-elf/15.2.0/../../../../mips64r5900el-ps2-elf/lib/libc.a(libc_a-fflush.o)
 .data          0x00124d98        0x0 /usr/local/ps2dev/ee/bin/../lib/gcc/mips64r5900el-ps2-elf/15.2.0/../../../../mips64r5900el-ps2-elf/lib/libc.a(libc_a-malign.o)
 .data          0x00124d98        0x0 /usr/local/ps2dev/ee/bin/../lib/gcc/mips64r5900el-ps2-elf/15.2.0/../../../../mips64r5900el-ps2-elf/lib/libc.a(libc_a-fwalk.o)
 .data          0x00124d98        0x0 /usr/local/ps2dev/ee/bin/../lib/gcc/mips64r5900el-ps2-elf/15.2.0/../../../../mips64r5900el-ps2-elf/lib/libc.a(libc_a-reent.o)
 .data          0x00124d98        0x0 /usr/local/ps2dev/ee/bin/../lib/gcc/mips64r5900el-ps2-elf/15.2.0/../../../../mips64r5900el-ps2-elf/lib/libc.a(libc_a-malignr.o)
 .data          0x00124d98        0x0 /usr/local/ps2dev/ee/bin/../lib/gcc/mips64r5900el-ps2-elf/15.2.0/../../../../mips64r5900el-ps2-elf/lib/libc.a(libc_a-writer.o)
 .data          0x00124d98        0x0 /usr/local/ps2dev/ee/bin/../lib/gcc/mips64r5900el-ps2-elf/15.2.0/../../../../mips64r5900el-ps2-elf/lib/libc.a(libc_a-lseekr.o)
 .data          0x00124d98        0x0 /usr/local/ps2dev/ee/bin/../lib/gcc/mips64r5900el-ps2-elf/15.2.0/../../../../mips64r5900el-ps2-elf/lib/libc.a(libc_a-puts.o)
 .data          0x00124d98        0x0 /usr/local/ps2dev/ee/bin/../lib/gcc/mips64r5900el-ps2-elf/15.2.0/../../../../mips64r5900el-ps2-elf/lib/libc.a(libc_a-printf.o)
 .data          0x00124d98        0x0 /usr/local/ps2dev/ee/bin/../lib/gcc/mips64r5900el-ps2-elf/15.2.0/../../../../mips64r5900el-ps2-elf/lib/libc.a(libc_a-vfprintf.o)
 .data          0x00124d98        0x0 /usr/local/ps2dev/ps2sdk/ee/lib/libcglue.a(_libcglue_init.o)
 .data          0x00124d98        0x0 /usr/local/ps2dev/ps2sdk/ee/lib/libcglue.a(_libcglue_deinit.o)
 .data          0x00124d98        0x0 /usr/local/ps2dev/ps2sdk/ee/lib/libcglue.a(_libcglue_args_parse.o)
 .data          0x00124d98        0x0 /usr/local/ps2dev/ps2sdk/ee/lib/libcglue.a(__init_cwd.o)
 .data          0x00124d98        0x0 /usr/local/ps2dev/ps2sdk/ee/lib/libcglue.a(_open.o)
 .data          0x00124d98        0x0 /usr/local/ps2dev/ps2sdk/ee/lib/libcglue.a(_close.o)
 .data          0x00124d98        0x0 /usr/local/ps2dev/ps2sdk/ee/lib/libcglue.a(_read.o)
 .data          0x00124d98        0x0 /usr/local/ps2dev/ps2sdk/ee/lib/libcglue.a(_write.o)
 .data          0x00124d98        0x0 /usr/local/ps2dev/ps2sdk/ee/lib/libcglue.a(_lseek.o)
 .data          0x00124d98        0x0 /usr/local/ps2dev/ps2sdk/ee/lib/libcglue.a(chdir.o)
 .data          0x00124d98        0x4 /usr/local/ps2dev/ps2sdk/ee/lib/libcglue.a(_sbrk.o)
 .data          0x00124d9c        0x0 /usr/local/ps2dev/ps2sdk/ee/lib/libcglue.a(__lock___sfp_recursive_mutex.o)
 .data          0x00124d9c        0x0 /usr/local/ps2dev/ps2sdk/ee/lib/libcglue.a(__lock___malloc_recursive_mutex.o)
 .data          0x00124d9c        0x0 /usr/local/ps2dev/ps2sdk/ee/lib/libcglue.a(__retarget_lock_init_recursive.o)
 .data          0x00124d9c        0x0 /usr/local/ps2dev/ps2sdk/ee/lib/libcglue.a(__retarget_lock_close_recursive.o)
 .data          0x00124d9c        0x0 /usr/local/ps2dev/ps2sdk/ee/lib/libcglue.a(__retarget_lock_acquire_recursive.o)
 .data          0x00124d9c        0x0 /usr/local/ps2dev/ps2sdk/ee/lib/libcglue.a(__retarget_lock_release_recursive.o)
 .data          0x00124d9c        0x0 /usr/local/ps2dev/ps2sdk/ee/lib/libcglue.a(__locks_init.o)
 .data          0x00124d9c        0x0 /usr/local/ps2dev/ps2sdk/ee/lib/libcglue.a(__locks_deinit.o)
 .data          0x00124d9c        0x0 /usr/local/ps2dev/ps2sdk/ee/lib/libcglue.a(_libcglue_rtc_update.o)
 .data          0x00124d9c        0x0 /usr/local/ps2dev/ps2sdk/ee/lib/libcglue.a(_libcglue_timezone_update.o)
 .data          0x00124d9c        0x0 /usr/local/ps2dev/ps2sdk/ee/lib/libcglue.a(__descriptormap.o)
 .data          0x00124d9c        0x0 /usr/local/ps2dev/ps2sdk/ee/lib/libcglue.a(__fdman_init.o)
 .data          0x00124d9c        0x0 /usr/local/ps2dev/ps2sdk/ee/lib/libcglue.a(__fdman_deinit.o)
 .data          0x00124d9c        0x0 /usr/local/ps2dev/ps2sdk/ee/lib/libcglue.a(__fdman_get_new_descriptor.o)
 .data          0x00124d9c        0x0 /usr/local/ps2dev/ps2sdk/ee/lib/libcglue.a(__fdman_release_descriptor.o)
 .data          0x00124d9c        0x0 /usr/local/ps2dev/ps2sdk/ee/lib/libcglue.a(__gprof_init.o)
 .data          0x00124d9c        0x0 /usr/local/ps2dev/ps2sdk/ee/lib/libcglue.a(__gprof_cleanup.o)
 .data          0x00124d9c        0x0 /usr/local/ps2dev/ps2sdk/ee/lib/libcglue.a(__libpthreadglue_init.o)
 .data          0x00124d9c        0x0 /usr/local/ps2dev/ps2sdk/ee/lib/libcglue.a(__libpthreadglue_deinit.o)
 .data          0x00124d9c        0x0 /usr/local/ps2dev/ps2sdk/ee/lib/libcglue.a(__cwd.o)
 .data          0x00124d9c        0x0 /usr/local/ps2dev/ps2sdk/ee/lib/libcglue.a(__cwd_len.o)
 .data          0x00124d9c        0x0 /usr/local/ps2dev/ps2sdk/ee/lib/libcglue.a(__path_absolute.o)
 .data          0x00124d9c        0x0 /usr/local/ps2dev/ps2sdk/ee/lib/libcglue.a(__libcglue_init_stdio.o)
 .data          0x00124d9c        0x4 /usr/local/ps2dev/ps2sdk/ee/lib/libcglue.a(_libcglue_fdman_path_ops.o)
                0x00124d9c                _libcglue_fdman_path_ops
 .data          0x00124da0        0x0 /usr/local/ps2dev/ps2sdk/ee/lib/libcglue.a(__transform_errno.o)
 .data          0x00124da0        0x0 /usr/local/ps2dev/ps2sdk/ee/lib/libcglue.a(__lock___atexit_recursive_mutex.o)
 .data          0x00124da0        0x0 /usr/local/ps2dev/ps2sdk/ee/lib/libcglue.a(__lock___at_quick_exit_mutex.o)
 .data          0x00124da0        0x0 /usr/local/ps2dev/ps2sdk/ee/lib/libcglue.a(__lock___env_recursive_mutex.o)
 .data          0x00124da0        0x0 /usr/local/ps2dev/ps2sdk/ee/lib/libcglue.a(__lock___tz_mutex.o)
 .data          0x00124da0        0x0 /usr/local/ps2dev/ps2sdk/ee/lib/libcglue.a(__lock___dd_hash_mutex.o)
 .data          0x00124da0        0x0 /usr/local/ps2dev/ps2sdk/ee/lib/libcglue.a(__lock___arc4random_mutex.o)
 .data          0x00124da0        0x0 /usr/local/ps2dev/ps2sdk/ee/lib/libcglue.a(_libcglue_timezone_update_impl.o)
 .data          0x00124da0        0x4 /usr/local/ps2dev/ps2sdk/ee/lib/libcglue.a(__fdman_sema.o)
                0x00124da0                __fdman_sema
 .data          0x00124da4        0x0 /usr/local/ps2dev/ps2sdk/ee/lib/libcglue.a(__descriptor_data_pool.o)
 .data          0x00124da4        0x0 /usr/local/ps2dev/ps2sdk/ee/lib/libcglue.a(__get_drive.o)
 .data          0x00124da4        0x0 /usr/local/ps2dev/ps2sdk/ee/lib/libcglue.a(__fioOpsInitialize.o)
 .data          0x00124da4        0x0 /usr/local/ps2dev/ps2sdk/ee/lib/libcglue.a(__fioOpsInitializeImpl.o)
 .data          0x00124da4        0x0 /usr/local/ps2dev/ps2sdk/ee/lib/libcglue.a(__fioOpenHelper.o)
 .data          0x00124da4        0x0 /usr/local/ps2dev/ps2sdk/ee/lib/libcglue.a(__fioGetFdHelper.o)
 .data          0x00124da4        0x0 /usr/local/ps2dev/ps2sdk/ee/lib/libcglue.a(__fioGetFilenameHelper.o)
 .data          0x00124da4        0x0 /usr/local/ps2dev/ps2sdk/ee/lib/libcglue.a(__fioCloseHelper.o)
 .data          0x00124da4        0x0 /usr/local/ps2dev/ps2sdk/ee/lib/libcglue.a(__fioDcloseHelper.o)
 .data          0x00124da4        0x0 /usr/local/ps2dev/ps2sdk/ee/lib/libcglue.a(__fioReadHelper.o)
 .data          0x00124da4        0x0 /usr/local/ps2dev/ps2sdk/ee/lib/libcglue.a(__fioLseekHelper.o)
 .data          0x00124da4        0x0 /usr/local/ps2dev/ps2sdk/ee/lib/libcglue.a(__fioWriteHelper.o)
 .data          0x00124da4        0x0 /usr/local/ps2dev/ps2sdk/ee/lib/libcglue.a(__fioIoctlHelper.o)
 .data          0x00124da4        0x0 /usr/local/ps2dev/ps2sdk/ee/lib/libcglue.a(__fioDreadHelper.o)
 .data          0x00124da4        0x0 /usr/local/ps2dev/ps2sdk/ee/lib/libcglue.a(__fioLseekDirHelper.o)
 .data          0x00124da4        0x0 /usr/local/ps2dev/ps2sdk/ee/lib/libcglue.a(__fioMkdirHelper.o)
 .data          0x00124da4        0x0 /usr/local/ps2dev/ps2sdk/ee/lib/libcglue.a(__fioGetstatHelper.o)
 .data          0x00124da4        0x0 /usr/local/ps2dev/ps2sdk/ee/lib/libkernel.a(DeleteThread.o)
 .data          0x00124da4        0x0 /usr/local/ps2dev/ps2sdk/ee/lib/libkernel.a(TerminateThread.o)