Archive member included to satisfy reference by file (symbol)

/usr/local/ps2dev/ee/mips64r5900el-ps2-elf/lib/libc.a(libc_a-strncpy.o)
                              loader.o (strncpy)
/usr/local/ps2dev/ee/mips64r5900el-ps2-elf/lib/libc.a(libc_a-strncat.o)
                              loader.o (strncat)
/usr/local/ps2dev/ps2sdk/ee/lib/libkernel.a(FlushCache.o)
                              loader.o (FlushCache)
/usr/local/ps2dev/ps2sdk/ee/lib/libkernel.a(SifRpcMain.o)
                              loader.o (sceSifInitRpc)
/usr/local/ps2dev/ps2sdk/ee/lib/libkernel.a(SifLoadFileInit.o)
                              loader.o (SifLoadFileInit)
/usr/local/ps2dev/ps2sdk/ee/lib/libkernel.a(SifLoadElf.o)
                              loader.o (SifLoadElf)
/usr/local/ps2dev/ps2sdk/ee/lib/libkernel.a(__iop_control_internals.o)
                              /usr/local/ps2dev/ps2sdk/ee/lib/libkernel.a(SifRpcMain.o) (_iop_reboot_count)
/usr/local/ps2dev/ps2sdk/ee/lib/libkernel.a(DIntr.o)
                              /usr/local/ps2dev/ps2sdk/ee/lib/libkernel.a(SifRpcMain.o) (DIntr)
/usr/local/ps2dev/ps2sdk/ee/lib/libkernel.a(EIntr.o)
                              /usr/local/ps2dev/ps2sdk/ee/lib/libkernel.a(SifRpcMain.o) (EIntr)
/usr/local/ps2dev/ps2sdk/ee/lib/libkernel.a(iWakeupThread.o)
                              /usr/local/ps2dev/ps2sdk/ee/lib/libkernel.a(SifRpcMain.o) (iWakeupThread)
/usr/local/ps2dev/ps2sdk/ee/lib/libkernel.a(ExecPS2.o)
                              loader.o (ExecPS2)
/usr/local/ps2dev/ps2sdk/ee/lib/libkernel.a(_ExecPS2.o)
                              /usr/local/ps2dev/ps2sdk/ee/lib/libkernel.a(ExecPS2.o) (_ExecPS2)
/usr/local/ps2dev/ps2sdk/ee/lib/libkernel.a(_iGetThreadId.o)
                              /usr/local/ps2dev/ps2sdk/ee/lib/libkernel.a(iWakeupThread.o) (_iGetThreadId)
/usr/local/ps2dev/ps2sdk/ee/lib/libkernel.a(_iWakeupThread.o)
                              /usr/local/ps2dev/ps2sdk/ee/lib/libkernel.a(iWakeupThread.o) (_iWakeupThread)
/usr/local/ps2dev/ps2sdk/ee/lib/libkernel.a(iSignalSema.o)
                              /usr/local/ps2dev/ps2sdk/ee/lib/libkernel.a(SifRpcMain.o) (iSignalSema)
/usr/local/ps2dev/ps2sdk/ee/lib/libkernel.a(sceSifSetReg.o)
                              /usr/local/ps2dev/ps2sdk/ee/lib/libkernel.a(SifRpcMain.o) (sceSifSetReg)
/usr/local/ps2dev/ps2sdk/ee/lib/libkernel.a(sceSifGetReg.o)
                              /usr/local/ps2dev/ps2sdk/ee/lib/libkernel.a(SifRpcMain.o) (sceSifGetReg)
/usr/local/ps2dev/ps2sdk/ee/lib/libkernel.a(sceSifSendCmd.o)
                              /usr/local/ps2dev/ps2sdk/ee/lib/libkernel.a(SifRpcMain.o) (sceSifSendCmd)
/usr/local/ps2dev/ps2sdk/ee/lib/libkernel.a(isceSifSendCmd.o)
                              /usr/local/ps2dev/ps2sdk/ee/lib/libkernel.a(SifRpcMain.o) (isceSifSendCmd)
/usr/local/ps2dev/ps2sdk/ee/lib/libkernel.a(sif_cmd_main.o)
                              /usr/local/ps2dev/ps2sdk/ee/lib/libkernel.a(SifRpcMain.o) (sceSifInitCmd)
/usr/local/ps2dev/ps2sdk/ee/lib/libkernel.a(sceSifAddCmdHandler.o)
                              /usr/local/ps2dev/ps2sdk/ee/lib/libkernel.a(SifRpcMain.o) (sceSifAddCmdHandler)
/usr/local/ps2dev/ps2sdk/ee/lib/libkernel.a(sceSifGetSreg.o)
                              /usr/local/ps2dev/ps2sdk/ee/lib/libkernel.a(SifRpcMain.o) (sceSifGetSreg)
/usr/local/ps2dev/ps2sdk/ee/lib/libkernel.a(_rpc_get_fpacket.o)
                              /usr/local/ps2dev/ps2sdk/ee/lib/libkernel.a(SifRpcMain.o) (_rpc_get_fpacket)
/usr/local/ps2dev/ps2sdk/ee/lib/libkernel.a(sceSifBindRpc.o)
                              /usr/local/ps2dev/ps2sdk/ee/lib/libkernel.a(SifLoadFileInit.o) (sceSifBindRpc)
/usr/local/ps2dev/ps2sdk/ee/lib/libkernel.a(_SifLoadElfPart.o)
                              /usr/local/ps2dev/ps2sdk/ee/lib/libkernel.a(SifLoadElf.o) (_SifLoadElfPart)
/usr/local/ps2dev/ps2sdk/ee/lib/libkernel.a(EnableDmac.o)
                              /usr/local/ps2dev/ps2sdk/ee/lib/libkernel.a(sif_cmd_main.o) (EnableDmac)
/usr/local/ps2dev/ps2sdk/ee/lib/libkernel.a(DisableDmac.o)
                              /usr/local/ps2dev/ps2sdk/ee/lib/libkernel.a(sif_cmd_main.o) (DisableDmac)
/usr/local/ps2dev/ps2sdk/ee/lib/libkernel.a(TerminateLibrary.o)
                              /usr/local/ps2dev/ps2sdk/ee/lib/libkernel.a(ExecPS2.o) (TerminateLibrary)
/usr/local/ps2dev/ps2sdk/ee/lib/libkernel.a(_thread_internals.o)
                              /usr/local/ps2dev/ps2sdk/ee/lib/libkernel.a(iWakeupThread.o) (topArg)
/usr/local/ps2dev/ps2sdk/ee/lib/libkernel.a(tlbfunc.o)
                              /usr/local/ps2dev/ps2sdk/ee/lib/libkernel.a(TerminateLibrary.o) (InitTLB)
/usr/local/ps2dev/ps2sdk/ee/lib/libkernel.a(tlbsrc_bin.o)
                              /usr/local/ps2dev/ps2sdk/ee/lib/libkernel.a(tlbfunc.o) (tlbsrc)
/usr/local/ps2dev/ps2sdk/ee/lib/libkernel.a(_exit_internals.o)
                              /usr/local/ps2dev/ps2sdk/ee/lib/libkernel.a(ExecPS2.o) (_kExecArg)
[...]
Memory Configuration

Name             Origin             Length             Attributes
*default*        0x00000000         0xffffffff

Linker script and memory map

LOAD crt0.o
LOAD loader.o
START GROUP
LOAD /usr/local/ps2dev/ee/mips64r5900el-ps2-elf/lib/libc.a
LOAD /usr/local/ps2dev/ps2sdk/ee/lib/libcdvd.a
LOAD /usr/local/ps2dev/ps2sdk/ee/lib/libcglue.a
LOAD /usr/local/ps2dev/ee/mips64r5900el-ps2-elf/lib/libpthread.a
LOAD /usr/local/ps2dev/ps2sdk/ee/lib/libpthreadglue.a
LOAD /usr/local/ps2dev/ps2sdk/ee/lib/libkernel.a
LOAD /usr/local/ps2dev/ee/bin/../lib/gcc/mips64r5900el-ps2-elf/15.2.0/libgcc.a
END GROUP
                0x01f00000                        . = 0x1f00000
                0x01f07ff0                        _gp = (. + 0x7ff0)

.text           0x01f00000     0x21a0
 *(.text.start)
 .text.start    0x01f00000       0x5c crt0.o
                0x01f00000                _start
 *(.text*)
 .text          0x01f0005c        0x0 crt0.o
 *fill*         0x01f0005c        0x4 
 .text          0x01f00060        0x8 loader.o
                0x01f00060                _exit
 .text.startup  0x01f00068       0xd0 loader.o
                0x01f00068                main
 .text          0x01f00138       0xc8 /usr/local/ps2dev/ee/mips64r5900el-ps2-elf/lib/libc.a(libc_a-strncpy.o)
                0x01f00138                strncpy
 .text          0x01f00200       0xd0 /usr/local/ps2dev/ee/mips64r5900el-ps2-elf/lib/libc.a(libc_a-strncat.o)
                0x01f00200                strncat
 .text          0x01f002d0       0x10 /usr/local/ps2dev/ps2sdk/ee/lib/libkernel.a(FlushCache.o)
                0x01f002d0                FlushCache
 .text          0x01f002e0      0x458 /usr/local/ps2dev/ps2sdk/ee/lib/libkernel.a(SifRpcMain.o)
                0x01f00578                sceSifInitRpc
                0x01f00710                sceSifExitRpc
 .text          0x01f00738      0x130 /usr/local/ps2dev/ps2sdk/ee/lib/libkernel.a(SifLoadFileInit.o)
                0x01f00738                SifLoadFileInit
 .text          0x01f00868       0x30 /usr/local/ps2dev/ps2sdk/ee/lib/libkernel.a(SifLoadElf.o)
                0x01f00868                SifLoadElf
 .text          0x01f00898        0x0 /usr/local/ps2dev/ps2sdk/ee/lib/libkernel.a(__iop_control_internals.o)
 .text          0x01f00898       0x40 /usr/local/ps2dev/ps2sdk/ee/lib/libkernel.a(DIntr.o)
                0x01f00898                DIntr
 .text          0x01f008d8       0x18 /usr/local/ps2dev/ps2sdk/ee/lib/libkernel.a(EIntr.o)
                0x01f008d8                EIntr
 .text          0x01f008f0       0xa0 /usr/local/ps2dev/ps2sdk/ee/lib/libkernel.a(iWakeupThread.o)
                0x01f008f0                iWakeupThread
 .text          0x01f00990       0x70 /usr/local/ps2dev/ps2sdk/ee/lib/libkernel.a(ExecPS2.o)
                0x01f00990                ExecPS2
 .text          0x01f00a00       0x10 /usr/local/ps2dev/ps2sdk/ee/lib/libkernel.a(_ExecPS2.o)
                0x01f00a00                _ExecPS2
 .text          0x01f00a10       0x10 /usr/local/ps2dev/ps2sdk/ee/lib/libkernel.a(_iGetThreadId.o)
                0x01f00a10                _iGetThreadId
 .text          0x01f00a20       0x10 /usr/local/ps2dev/ps2sdk/ee/lib/libkernel.a(_iWakeupThread.o)
                0x01f00a20                _iWakeupThread
 .text          0x01f00a30       0x10 /usr/local/ps2dev/ps2sdk/ee/lib/libkernel.a(iSignalSema.o)
                0x01f00a30                iSignalSema
 .text          0x01f00a40       0x10 /usr/local/ps2dev/ps2sdk/ee/lib/libkernel.a(sceSifSetReg.o)
                0x01f00a40                sceSifSetReg
 .text          0x01f00a50       0x10 /usr/local/ps2dev/ps2sdk/ee/lib/libkernel.a(sceSifGetReg.o)
                0x01f00a50                sceSifGetReg
 .text          0x01f00a60       0x20 /usr/local/ps2dev/ps2sdk/ee/lib/libkernel.a(sceSifSendCmd.o)
                0x01f00a60                sceSifSendCmd
 .text          0x01f00a80       0x20 /usr/local/ps2dev/ps2sdk/ee/lib/libkernel.a(isceSifSendCmd.o)
                0x01f00a80                isceSifSendCmd
 .text          0x01f00aa0      0x318 /usr/local/ps2dev/ps2sdk/ee/lib/libkernel.a(sif_cmd_main.o)
                0x01f00ad0                sceSifInitCmd
                0x01f00d80                sceSifExitCmd
 .text          0x01f00db8       0x58 /usr/local/ps2dev/ps2sdk/ee/lib/libkernel.a(sceSifAddCmdHandler.o)
                0x01f00db8                sceSifAddCmdHandler
 .text          0x01f00e10       0x18 /usr/local/ps2dev/ps2sdk/ee/lib/libkernel.a(sceSifGetSreg.o)
                0x01f00e10                sceSifGetSreg
 .text          0x01f00e28       0x30 /usr/local/ps2dev/ps2sdk/ee/lib/libkernel.a(_rpc_get_fpacket.o)
                0x01f00e28                _rpc_get_fpacket
 .text          0x01f00e58      0x178 /usr/local/ps2dev/ps2sdk/ee/lib/libkernel.a(sceSifBindRpc.o)
                0x01f00e58                sceSifBindRpc
 .text          0x01f00fd0       0xf0 /usr/local/ps2dev/ps2sdk/ee/lib/libkernel.a(_SifLoadElfPart.o)
                0x01f00fd0                _SifLoadElfPart
 .text          0x01f010c0       0x78 /usr/local/ps2dev/ps2sdk/ee/lib/libkernel.a(EnableDmac.o)
                0x01f010c0                EnableDmac
 .text          0x01f01138       0x78 /usr/local/ps2dev/ps2sdk/ee/lib/libkernel.a(DisableDmac.o)
                0x01f01138                DisableDmac
 .text          0x01f011b0       0x20 /usr/local/ps2dev/ps2sdk/ee/lib/libkernel.a(TerminateLibrary.o)
                0x01f011b0                TerminateLibrary
 .text          0x01f011d0      0x1a0 /usr/local/ps2dev/ps2sdk/ee/lib/libkernel.a(_thread_internals.o)
                0x01f01298                InitThread
 .text          0x01f01370      0x290 /usr/local/ps2dev/ps2sdk/ee/lib/libkernel.a(tlbfunc.o)
                0x01f01370                InitTLBFunctions
                0x01f01428                InitTLB
 .text          0x01f01600        0x0 /usr/local/ps2dev/ps2sdk/ee/lib/libkernel.a(tlbsrc_bin.o)
 .text          0x01f01600        0x0 /usr/local/ps2dev/ps2sdk/ee/lib/libkernel.a(_exit_internals.o)
 .text          0x01f01600      0x120 /usr/local/ps2dev/ps2sdk/ee/lib/libkernel.a(SetArg.o)
                0x01f01600                SetArg
 .text          0x01f01720       0x20 /usr/local/ps2dev/ps2sdk/ee/lib/libkernel.a(Exit.o)
                0x01f01720                Exit
 .text          0x01f01740       0x50 /usr/local/ps2dev/ps2sdk/ee/lib/libkernel.a(kCopy.o)
                0x01f01740                kCopy
 .text          0x01f01790       0x30 /usr/local/ps2dev/ps2sdk/ee/lib/libkernel.a(kCopyBytes.o)
                0x01f01790                kCopyBytes
 .text          0x01f017c0       0x3c /usr/local/ps2dev/ps2sdk/ee/lib/libkernel.a(setup_syscalls.o)
                0x01f017c0                setup
                0x01f017d4                Copy
                0x01f017e8                GetEntryAddress
 *fill*         0x01f017fc        0x4 
 .text          0x01f01800       0x10 /usr/local/ps2dev/ps2sdk/ee/lib/libkernel.a(KExit.o)
                0x01f01800                KExit
 .text          0x01f01810       0x10 /usr/local/ps2dev/ps2sdk/ee/lib/libkernel.a(AddDmacHandler.o)
                0x01f01810                AddDmacHandler
 .text          0x01f01820       0x10 /usr/local/ps2dev/ps2sdk/ee/lib/libkernel.a(RemoveDmacHandler.o)
                0x01f01820                RemoveDmacHandler
 .text          0x01f01830       0x10 /usr/local/ps2dev/ps2sdk/ee/lib/libkernel.a(_EnableDmac.o)
                0x01f01830                _EnableDmac
 .text          0x01f01840       0x10 /usr/local/ps2dev/ps2sdk/ee/lib/libkernel.a(_DisableDmac.o)
                0x01f01840                _DisableDmac
 .text          0x01f01850       0x10 /usr/local/ps2dev/ps2sdk/ee/lib/libkernel.a(CreateThread.o)
                0x01f01850                CreateThread
 .text          0x01f01860       0x10 /usr/local/ps2dev/ps2sdk/ee/lib/libkernel.a(StartThread.o)
                0x01f01860                StartThread
 .text          0x01f01870       0x10 /usr/local/ps2dev/ps2sdk/ee/lib/libkernel.a(ChangeThreadPriority.o)
                0x01f01870                ChangeThreadPriority
 .text          0x01f01880       0x10 /usr/local/ps2dev/ps2sdk/ee/lib/libkernel.a(RotateThreadReadyQueue.o)
                0x01f01880                RotateThreadReadyQueue
 .text          0x01f01890       0x10 /usr/local/ps2dev/ps2sdk/ee/lib/libkernel.a(GetThreadId.o)
                0x01f01890                GetThreadId
 .text          0x01f018a0       0x10 /usr/local/ps2dev/ps2sdk/ee/lib/libkernel.a(WakeupThread.o)
                0x01f018a0                WakeupThread
 .text          0x01f018b0       0x10 /usr/local/ps2dev/ps2sdk/ee/lib/libkernel.a(SuspendThread.o)
                0x01f018b0                SuspendThread
 .text          0x01f018c0       0x10 /usr/local/ps2dev/ps2sdk/ee/lib/libkernel.a(CreateSema.o)
                0x01f018c0                CreateSema
 .text          0x01f018d0       0x10 /usr/local/ps2dev/ps2sdk/ee/lib/libkernel.a(DeleteSema.o)
                0x01f018d0                DeleteSema
 .text          0x01f018e0       0x10 /usr/local/ps2dev/ps2sdk/ee/lib/libkernel.a(WaitSema.o)
                0x01f018e0                WaitSema
 .text          0x01f018f0       0x10 /usr/local/ps2dev/ps2sdk/ee/lib/libkernel.a(_SetTLBEntry.o)
                0x01f018f0                _SetTLBEntry
 .text          0x01f01900       0x10 /usr/local/ps2dev/ps2sdk/ee/lib/libkernel.a(sceSifSetDChain.o)
                0x01f01900                sceSifSetDChain
 .text          0x01f01910       0x10 /usr/local/ps2dev/ps2sdk/ee/lib/libkernel.a(GetMemorySize.o)
                0x01f01910                GetMemorySize
 .text          0x01f01920       0x10 /usr/local/ps2dev/ps2sdk/ee/lib/libkernel.a(_InitTLB.o)
                0x01f01920                _InitTLB
 .text          0x01f01930      0x138 /usr/local/ps2dev/ps2sdk/ee/lib/libkernel.a(strlen.o)
                0x01f01930                strlen
 .text          0x01f01a68       0xc0 /usr/local/ps2dev/ps2sdk/ee/lib/libkernel.a(memset.o)
                0x01f01a68                memset
 .text          0x01f01b28      0x140 /usr/local/ps2dev/ps2sdk/ee/lib/libkernel.a(_SifSendCmd.o)
                0x01f01b28                _SifSendCmd
 .text          0x01f01c68      0x108 /usr/local/ps2dev/ps2sdk/ee/lib/libkernel.a(_SifCmdIntHandler.o)
                0x01f01c68                _SifCmdIntHandler
 .text          0x01f01d70       0xd0 /usr/local/ps2dev/ps2sdk/ee/lib/libkernel.a(_rpc_get_packet.o)
                0x01f01d70                _rpc_get_packet
 .text          0x01f01e40      0x260 /usr/local/ps2dev/ps2sdk/ee/lib/libkernel.a(sceSifCallRpc.o)
                0x01f01e40                sceSifCallRpc
 .text          0x01f020a0       0x20 /usr/local/ps2dev/ps2sdk/ee/lib/libkernel.a(_ps2sdk_deinit_timer.o)
                0x01f020a0                _ps2sdk_deinit_timer
 .text          0x01f020c0       0x10 /usr/local/ps2dev/ps2sdk/ee/lib/libkernel.a(sceSifSetDma.o)
                0x01f020c0                sceSifSetDma
 .text          0x01f020d0       0x10 /usr/local/ps2dev/ps2sdk/ee/lib/libkernel.a(isceSifSetDma.o)
                0x01f020d0                isceSifSetDma
 .text          0x01f020e0       0x10 /usr/local/ps2dev/ps2sdk/ee/lib/libkernel.a(isceSifSetDChain.o)
                0x01f020e0                isceSifSetDChain
 .text          0x01f020f0       0xb0 /usr/local/ps2dev/ps2sdk/ee/lib/libkernel.a(sceSifWriteBackDCache.o)
                0x01f020f0                sceSifWriteBackDCache

.rodata         0x01f021a0      0x2c8
 *(.rodata*)
 .rodata.str1.8
                0x01f021a0       0x18 /usr/local/ps2dev/ps2sdk/ee/lib/libkernel.a(ExecPS2.o)
                                  0x1 (size before relaxing)
 .rodata.str1.8
                0x01f021b8        0x0 /usr/local/ps2dev/ps2sdk/ee/lib/libkernel.a(_thread_internals.o)
                                 0x10 (size before relaxing)
 .rodata        0x01f021b8      0x2b0 /usr/local/ps2dev/ps2sdk/ee/lib/libkernel.a(tlbfunc.o)

.MIPS.abiflags  0x01f02468       0x18
 .MIPS.abiflags
                0x01f02468       0x18 crt0.o

.data           0x01f02480      0x480
 *(.data*)
 .data          0x01f02480        0x0 crt0.o
 .data          0x01f02480        0x0 loader.o
 .data          0x01f02480        0x0 /usr/local/ps2dev/ee/mips64r5900el-ps2-elf/lib/libc.a(libc_a-strncpy.o)
 .data          0x01f02480        0x0 /usr/local/ps2dev/ee/mips64r5900el-ps2-elf/lib/libc.a(libc_a-strncat.o)
 .data          0x01f02480        0x0 /usr/local/ps2dev/ps2sdk/ee/lib/libkernel.a(FlushCache.o)
 .data          0x01f02480       0x40 /usr/local/ps2dev/ps2sdk/ee/lib/libkernel.a(SifRpcMain.o)
                0x01f02480                _sif_rpc_data
 .data          0x01f024c0        0x0 /usr/local/ps2dev/ps2sdk/ee/lib/libkernel.a(SifLoadFileInit.o)
 .data          0x01f024c0        0x0 /usr/local/ps2dev/ps2sdk/ee/lib/libkernel.a(SifLoadElf.o)
 .data          0x01f024c0        0x0 /usr/local/ps2dev/ps2sdk/ee/lib/libkernel.a(__iop_control_internals.o)
 .data          0x01f024c0        0x0 /usr/local/ps2dev/ps2sdk/ee/lib/libkernel.a(DIntr.o)
 .data          0x01f024c0        0x0 /usr/local/ps2dev/ps2sdk/ee/lib/libkernel.a(EIntr.o)
 .data          0x01f024c0        0x0 /usr/local/ps2dev/ps2sdk/ee/lib/libkernel.a(iWakeupThread.o)
 .data          0x01f024c0        0x0 /usr/local/ps2dev/ps2sdk/ee/lib/libkernel.a(ExecPS2.o)
 .data          0x01f024c0        0x0 /usr/local/ps2dev/ps2sdk/ee/lib/libkernel.a(_ExecPS2.o)
 .data          0x01f024c0        0x0 /usr/local/ps2dev/ps2sdk/ee/lib/libkernel.a(_iGetThreadId.o)
 .data          0x01f024c0        0x0 /usr/local/ps2dev/ps2sdk/ee/lib/libkernel.a(_iWakeupThread.o)
 .data          0x01f024c0        0x0 /usr/local/ps2dev/ps2sdk/ee/lib/libkernel.a(iSignalSema.o)
 .data          0x01f024c0        0x0 /usr/local/ps2dev/ps2sdk/ee/lib/libkernel.a(sceSifSetReg.o)
 .data          0x01f024c0        0x0 /usr/local/ps2dev/ps2sdk/ee/lib/libkernel.a(sceSifGetReg.o)
 .data          0x01f024c0        0x0 /usr/local/ps2dev/ps2sdk/ee/lib/libkernel.a(sceSifSendCmd.o)
 .data          0x01f024c0        0x0 /usr/local/ps2dev/ps2sdk/ee/lib/libkernel.a(isceSifSendCmd.o)
 .data          0x01f024c0        0x4 /usr/local/ps2dev/ps2sdk/ee/lib/libkernel.a(sif_cmd_main.o)
 .data          0x01f024c4        0x0 /usr/local/ps2dev/ps2sdk/ee/lib/libkernel.a(sceSifAddCmdHandler.o)
 .data          0x01f024c4        0x0 /usr/local/ps2dev/ps2sdk/ee/lib/libkernel.a(sceSifGetSreg.o)
 .data          0x01f024c4        0x0 /usr/local/ps2dev/ps2sdk/ee/lib/libkernel.a(_rpc_get_fpacket.o)
 .data          0x01f024c4        0x0 /usr/local/ps2dev/ps2sdk/ee/lib/libkernel.a(sceSifBindRpc.o)
 .data          0x01f024c4        0x0 /usr/local/ps2dev/ps2sdk/ee/lib/libkernel.a(_SifLoadElfPart.o)
 .data          0x01f024c4        0x0 /usr/local/ps2dev/ps2sdk/ee/lib/libkernel.a(EnableDmac.o)
 .data          0x01f024c4        0x0 /usr/local/ps2dev/ps2sdk/ee/lib/libkernel.a(DisableDmac.o)
 .data          0x01f024c4        0x0 /usr/local/ps2dev/ps2sdk/ee/lib/libkernel.a(TerminateLibrary.o)
 .data          0x01f024c4        0x0 /usr/local/ps2dev/ps2sdk/ee/lib/libkernel.a(_thread_internals.o)
 *fill*         0x01f024c4        0x4 
 .data          0x01f024c8       0x1c /usr/local/ps2dev/ps2sdk/ee/lib/libkernel.a(tlbfunc.o)
 *fill*         0x01f024e4        0xc 
 .data          0x01f024f0      0x408 /usr/local/ps2dev/ps2sdk/ee/lib/libkernel.a(tlbsrc_bin.o)
                0x01f024f0                tlbsrc
                0x01f028f4                size_tlbsrc
 .data          0x01f028f8        0x0 /usr/local/ps2dev/ps2sdk/ee/lib/libkernel.a(_exit_internals.o)
 .data          0x01f028f8        0x8 /usr/local/ps2dev/ps2sdk/ee/lib/libkernel.a(SetArg.o)
                0x01f028f8                SysEntry
 .data          0x01f02900        0x0 /usr/local/ps2dev/ps2sdk/ee/lib/libkernel.a(Exit.o)
 .data          0x01f02900        0x0 /usr/local/ps2dev/ps2sdk/ee/lib/libkernel.a(kCopy.o)
 .data          0x01f02900        0x0 /usr/local/ps2dev/ps2sdk/ee/lib/libkernel.a(kCopyBytes.o)
 .data          0x01f02900        0x0 /usr/local/ps2dev/ps2sdk/ee/lib/libkernel.a(setup_syscalls.o)
 .data          0x01f02900        0x0 /usr/local/ps2dev/ps2sdk/ee/lib/libkernel.a(KExit.o)
 .data          0x01f02900        0x0 /usr/local/ps2dev/ps2sdk/ee/lib/libkernel.a(AddDmacHandler.o)
 .data          0x01f02900        0x0 /usr/local/ps2dev/ps2sdk/ee/lib/libkernel.a(RemoveDmacHandler.o)
 .data          0x01f02900        0x0 /usr/local/ps2dev/ps2sdk/ee/lib/libkernel.a(_EnableDmac.o)
 .data          0x01f02900        0x0 /usr/local/ps2dev/ps2sdk/ee/lib/libkernel.a(_DisableDmac.o)
 .data          0x01f02900        0x0 /usr/local/ps2dev/ps2sdk/ee/lib/libkernel.a(CreateThread.o)
 .data          0x01f02900        0x0 /usr/local/ps2dev/ps2sdk/ee/lib/libkernel.a(StartThread.o)
 .data          0x01f02900        0x0 /usr/local/ps2dev/ps2sdk/ee/lib/libkernel.a(ChangeThreadPriority.o)
 .data          0x01f02900        0x0 /usr/local/ps2dev/ps2sdk/ee/lib/libkernel.a(RotateThreadReadyQueue.o)
 .data          0x01f02900        0x0 /usr/local/ps2dev/ps2sdk/ee/lib/libkernel.a(GetThreadId.o)
 .data          0x01f02900        0x0 /usr/local/ps2dev/ps2sdk/ee/lib/libkernel.a(WakeupThread.o)
 .data          0x01f02900        0x0 /usr/local/ps2dev/ps2sdk/ee/lib/libkernel.a(SuspendThread.o)
 .data          0x01f02900        0x0 /usr/local/ps2dev/ps2sdk/ee/lib/libkernel.a(CreateSema.o)
 .data          0x01f02900        0x0 /usr/local/ps2dev/ps2sdk/ee/lib/libkernel.a(DeleteSema.o)
 .data          0x01f02900        0x0 /usr/local/ps2dev/ps2sdk/ee/lib/libkernel.a(WaitSema.o)
 .data          0x01f02900        0x0 /usr/local/ps2dev/ps2sdk/ee/lib/libkernel.a(_SetTLBEntry.o)
 .data          0x01f02900        0x0 /usr/local/ps2dev/ps2sdk/ee/lib/libkernel.a(sceSifSetDChain.o)
 .data          0x01f02900        0x0 /usr/local/ps2dev/ps2sdk/ee/lib/libkernel.a(GetMemorySize.o)
 .data          0x01f02900        0x0 /usr/local/ps2dev/ps2sdk/ee/lib/libkernel.a(_InitTLB.o)
 .data          0x01f02900        0x0 /usr/local/ps2dev/ps2sdk/ee/lib/libkernel.a(strlen.o)
 .data          0x01f02900        0x0 /usr/local/ps2dev/ps2sdk/ee/lib/libkernel.a(memset.o)
 .data          0x01f02900        0x0 /usr/local/ps2dev/ps2sdk/ee/lib/libkernel.a(_SifSendCmd.o)
 .data          0x01f02900        0x0 /usr/local/ps2dev/ps2sdk/ee/lib/libkernel.a(_SifCmdIntHandler.o)
 .data          0x01f02900        0x0 /usr/local/ps2dev/ps2sdk/ee/lib/libkernel.a(_rpc_get_packet.o)
 .data          0x01f02900        0x0 /usr/local/ps2dev/ps2sdk/ee/lib/libkernel.a(sceSifCallRpc.o)
 .data          0x01f02900        0x0 /usr/local/ps2dev/ps2sdk/ee/lib/libkernel.a(_ps2sdk_deinit_timer.o)
 .data          0x01f02900        0x0 /usr/local/ps2dev/ps2sdk/ee/lib/libkernel.a(sceSifSetDma.o)
 .data          0x01f02900        0x0 /usr/local/ps2dev/ps2sdk/ee/lib/libkernel.a(isceSifSetDma.o)
 .data          0x01f02900        0x0 /usr/local/ps2dev/ps2sdk/ee/lib/libkernel.a(isceSifSetDChain.o)
 .data          0x01f02900        0x0 /usr/local/ps2dev/ps2sdk/ee/lib/libkernel.a(sceSifWriteBackDCache.o)
                0x01f02900                        _fbss = ALIGN (0x10)

.bss            0x01f02900     0x23d4
 *(.bss*)
 .bss           0x01f02900        0x0 crt0.o
 .bss           0x01f02900        0x0 loader.o
 .bss           0x01f02900        0x0 /usr/local/ps2dev/ee/mips64r5900el-ps2-elf/lib/libc.a(libc_a-strncpy.o)
 .bss           0x01f02900        0x0 /usr/local/ps2dev/ee/mips64r5900el-ps2-elf/lib/libc.a(libc_a-strncat.o)
 .bss           0x01f02900        0x0 /usr/local/ps2dev/ps2sdk/ee/lib/libkernel.a(FlushCache.o)
 .bss           0x01f02900     0x1840 /usr/local/ps2dev/ps2sdk/ee/lib/libkernel.a(SifRpcMain.o)
 .bss           0x01f04140       0x34 /usr/local/ps2dev/ps2sdk/ee/lib/libkernel.a(SifLoadFileInit.o)
                0x01f04140                _lf_init
                0x01f04148                _lf_cd
 .bss           0x01f04174        0x0 /usr/local/ps2dev/ps2sdk/ee/lib/libkernel.a(SifLoadElf.o)
 .bss           0x01f04174        0x4 /usr/local/ps2dev/ps2sdk/ee/lib/libkernel.a(__iop_control_internals.o)
                0x01f04174                _iop_reboot_count
 .bss           0x01f04178        0x0 /usr/local/ps2dev/ps2sdk/ee/lib/libkernel.a(DIntr.o)
 .bss           0x01f04178        0x0 /usr/local/ps2dev/ps2sdk/ee/lib/libkernel.a(EIntr.o)
 .bss           0x01f04178        0x0 /usr/local/ps2dev/ps2sdk/ee/lib/libkernel.a(iWakeupThread.o)
 .bss           0x01f04178        0x0 /usr/local/ps2dev/ps2sdk/ee/lib/libkernel.a(ExecPS2.o)
 .bss           0x01f04178        0x0 /usr/local/ps2dev/ps2sdk/ee/lib/libkernel.a(_ExecPS2.o)
 .bss           0x01f04178        0x0 /usr/local/ps2dev/ps2sdk/ee/lib/libkernel.a(_iGetThreadId.o)
 .bss           0x01f04178        0x0 /usr/local/ps2dev/ps2sdk/ee/lib/libkernel.a(_iWakeupThread.o)
 .bss           0x01f04178        0x0 /usr/local/ps2dev/ps2sdk/ee/lib/libkernel.a(iSignalSema.o)
 .bss           0x01f04178        0x0 /usr/local/ps2dev/ps2sdk/ee/lib/libkernel.a(sceSifSetReg.o)
 .bss           0x01f04178        0x0 /usr/local/ps2dev/ps2sdk/ee/lib/libkernel.a(sceSifGetReg.o)
 .bss           0x01f04178        0x0 /usr/local/ps2dev/ps2sdk/ee/lib/libkernel.a(sceSifSendCmd.o)
 .bss           0x01f04178        0x0 /usr/local/ps2dev/ps2sdk/ee/lib/libkernel.a(isceSifSendCmd.o)
 *fill*         0x01f04178        0x8 
 .bss           0x01f04180      0x340 /usr/local/ps2dev/ps2sdk/ee/lib/libkernel.a(sif_cmd_main.o)
                0x01f04180                _sif_cmd_data
 .bss           0x01f044c0        0x0 /usr/local/ps2dev/ps2sdk/ee/lib/libkernel.a(sceSifAddCmdHandler.o)
 .bss           0x01f044c0        0x0 /usr/local/ps2dev/ps2sdk/ee/lib/libkernel.a(sceSifGetSreg.o)
 .bss           0x01f044c0        0x0 /usr/local/ps2dev/ps2sdk/ee/lib/libkernel.a(_rpc_get_fpacket.o)
 .bss           0x01f044c0        0x0 /usr/local/ps2dev/ps2sdk/ee/lib/libkernel.a(sceSifBindRpc.o)
 .bss           0x01f044c0        0x0 /usr/local/ps2dev/ps2sdk/ee/lib/libkernel.a(_SifLoadElfPart.o)
 .bss           0x01f044c0        0x0 /usr/local/ps2dev/ps2sdk/ee/lib/libkernel.a(EnableDmac.o)
 .bss           0x01f044c0        0x0 /usr/local/ps2dev/ps2sdk/ee/lib/libkernel.a(DisableDmac.o)
 .bss           0x01f044c0        0x0 /usr/local/ps2dev/ps2sdk/ee/lib/libkernel.a(TerminateLibrary.o)
 .bss           0x01f044c0      0x810 /usr/local/ps2dev/ps2sdk/ee/lib/libkernel.a(_thread_internals.o)
                0x01f044c0                topArg
                0x01f048c8                topSema
                0x01f048cc                topId
                0x01f048d0                stack
 .bss           0x01f04cd0        0x0 /usr/local/ps2dev/ps2sdk/ee/lib/libkernel.a(tlbfunc.o)
 .bss           0x01f04cd0        0x0 /usr/local/ps2dev/ps2sdk/ee/lib/libkernel.a(tlbsrc_bin.o)
 .bss           0x01f04cd0        0x4 /usr/local/ps2dev/ps2sdk/ee/lib/libkernel.a(_exit_internals.o)
                0x01f04cd0                _kExecArg
 .bss           0x01f04cd4        0x0 /usr/local/ps2dev/ps2sdk/ee/lib/libkernel.a(SetArg.o)
 .bss           0x01f04cd4        0x0 /usr/local/ps2dev/ps2sdk/ee/lib/libkernel.a(Exit.o)
 .bss           0x01f04cd4        0x0 /usr/local/ps2dev/ps2sdk/ee/lib/libkernel.a(kCopy.o)
 .bss           0x01f04cd4        0x0 /usr/local/ps2dev/ps2sdk/ee/lib/libkernel.a(kCopyBytes.o)
 .bss           0x01f04cd4        0x0 /usr/local/ps2dev/ps2sdk/ee/lib/libkernel.a(setup_syscalls.o)
 .bss           0x01f04cd4        0x0 /usr/local/ps2dev/ps2sdk/ee/lib/libkernel.a(KExit.o)
 .bss           0x01f04cd4        0x0 /usr/local/ps2dev/ps2sdk/ee/lib/libkernel.a(AddDmacHandler.o)
 .bss           0x01f04cd4        0x0 /usr/local/ps2dev/ps2sdk/ee/lib/libkernel.a(RemoveDmacHandler.o)
 .bss           0x01f04cd4        0x0 /usr/local/ps2dev/ps2sdk/ee/lib/libkernel.a(_EnableDmac.o)
 .bss           0x01f04cd4        0x0 /usr/local/ps2dev/ps2sdk/ee/lib/libkernel.a(_DisableDmac.o)
 .bss           0x01f04cd4        0x0 /usr/local/ps2dev/ps2sdk/ee/lib/libkernel.a(CreateThread.o)
 .bss           0x01f04cd4        0x0 /usr/local/ps2dev/ps2sdk/ee/lib/libkernel.a(StartThread.o)
 .bss           0x01f04cd4        0x0 /usr/local/ps2dev/ps2sdk/ee/lib/libkernel.a(ChangeThreadPriority.o)
 .bss           0x01f04cd4        0x0 /usr/local/ps2dev/ps2sdk/ee/lib/libkernel.a(RotateThreadReadyQueue.o)
 .bss           0x01f04cd4        0x0 /usr/local/ps2dev/ps2sdk/ee/lib/libkernel.a(GetThreadId.o)
 .bss           0x01f04cd4        0x0 /usr/local/ps2dev/ps2sdk/ee/lib/libkernel.a(WakeupThread.o)
 .bss           0x01f04cd4        0x0 /usr/local/ps2dev/ps2sdk/ee/lib/libkernel.a(SuspendThread.o)
 .bss           0x01f04cd4        0x0 /usr/local/ps2dev/ps2sdk/ee/lib/libkernel.a(CreateSema.o)
 .bss           0x01f04cd4        0x0 /usr/local/ps2dev/ps2sdk/ee/lib/libkernel.a(DeleteSema.o)
 .bss           0x01f04cd4        0x0 /usr/local/ps2dev/ps2sdk/ee/lib/libkernel.a(WaitSema.o)
 .bss           0x01f04cd4        0x0 /usr/local/ps2dev/ps2sdk/ee/lib/libkernel.a(_SetTLBEntry.o)
 .bss           0x01f04cd4        0x0 /usr/local/ps2dev/ps2sdk/ee/lib/libkernel.a(sceSifSetDChain.o)
 .bss           0x01f04cd4        0x0 /usr/local/ps2dev/ps2sdk/ee/lib/libkernel.a(GetMemorySize.o)
 .bss           0x01f04cd4        0x0 /usr/local/ps2dev/ps2sdk/ee/lib/libkernel.a(_InitTLB.o)
 .bss           0x01f04cd4        0x0 /usr/local/ps2dev/ps2sdk/ee/lib/libkernel.a(strlen.o)
 .bss           0x01f04cd4        0x0 /usr/local/ps2dev/ps2sdk/ee/lib/libkernel.a(memset.o)
 .bss           0x01f04cd4        0x0 /usr/local/ps2dev/ps2sdk/ee/lib/libkernel.a(_SifSendCmd.o)
 .bss           0x01f04cd4        0x0 /usr/local/ps2dev/ps2sdk/ee/lib/libkernel.a(_SifCmdIntHandler.o)
 .bss           0x01f04cd4        0x0 /usr/local/ps2dev/ps2sdk/ee/lib/libkernel.a(_rpc_get_packet.o)
 .bss           0x01f04cd4        0x0 /usr/local/ps2dev/ps2sdk/ee/lib/libkernel.a(sceSifCallRpc.o)
 .bss           0x01f04cd4        0x0 /usr/local/ps2dev/ps2sdk/ee/lib/libkernel.a(_ps2sdk_deinit_timer.o)
 .bss           0x01f04cd4        0x0 /usr/local/ps2dev/ps2sdk/ee/lib/libkernel.a(sceSifSetDma.o)
 .bss           0x01f04cd4        0x0 /usr/local/ps2dev/ps2sdk/ee/lib/libkernel.a(isceSifSetDma.o)
 .bss           0x01f04cd4        0x0 /usr/local/ps2dev/ps2sdk/ee/lib/libkernel.a(isceSifSetDChain.o)
 .bss           0x01f04cd4        0x0 /usr/local/ps2dev/ps2sdk/ee/lib/libkernel.a(sceSifWriteBackDCache.o)
 *(COMMON)
                0x01f04ce0                        _end = ALIGN (0x10)
                0x01f04ce0                        _stack_start = _end
                0x01f08ce0                        _stack_end = (_end + 0x4000)
                0x02000000                        . = 0x2000000
                0x00000001                        ASSERT ((_stack_end <= 0x2000000), Loader exceeds 1 MB!)
OUTPUT(loader.elf elf32-littlemips)

.reginfo        0x00000000       0x18
 .reginfo       0x00000000       0x18 crt0.o

.pdr            0x00000000      0x9c0
 .pdr           0x00000000        0x0 crt0.o
 .pdr           0x00000000       0x40 loader.o
 .pdr           0x00000040       0x20 /usr/local/ps2dev/ee/mips64r5900el-ps2-elf/lib/libc.a(libc_a-strncpy.o)
 .pdr           0x00000060       0x20 /usr/local/ps2dev/ee/mips64r5900el-ps2-elf/lib/libc.a(libc_a-strncat.o)
 .pdr           0x00000080       0x20 /usr/local/ps2dev/ps2sdk/ee/lib/libkernel.a(FlushCache.o)
 .pdr           0x000000a0       0xc0 /usr/local/ps2dev/ps2sdk/ee/lib/libkernel.a(SifRpcMain.o)
 .pdr           0x00000160       0x20 /usr/local/ps2dev/ps2sdk/ee/lib/libkernel.a(SifLoadFileInit.o)
 .pdr           0x00000180       0x20 /usr/local/ps2dev/ps2sdk/ee/lib/libkernel.a(SifLoadElf.o)
 .pdr           0x000001a0        0x0 /usr/local/ps2dev/ps2sdk/ee/lib/libkernel.a(__iop_control_internals.o)
 .pdr           0x000001a0       0x20 /usr/local/ps2dev/ps2sdk/ee/lib/libkernel.a(DIntr.o)
 .pdr           0x000001c0       0x20 /usr/local/ps2dev/ps2sdk/ee/lib/libkernel.a(EIntr.o)
 .pdr           0x000001e0       0x20 /usr/local/ps2dev/ps2sdk/ee/lib/libkernel.a(iWakeupThread.o)
 .pdr           0x00000200       0x20 /usr/local/ps2dev/ps2sdk/ee/lib/libkernel.a(ExecPS2.o)
 .pdr           0x00000220       0x20 /usr/local/ps2dev/ps2sdk/ee/lib/libkernel.a(_ExecPS2.o)
 .pdr           0x00000240       0x20 /usr/local/ps2dev/ps2sdk/ee/lib/libkernel.a(_iGetThreadId.o)
 .pdr           0x00000260       0x20 /usr/local/ps2dev/ps2sdk/ee/lib/libkernel.a(_iWakeupThread.o)
 .pdr           0x00000280       0x20 /usr/local/ps2dev/ps2sdk/ee/lib/libkernel.a(iSignalSema.o)
 .pdr           0x000002a0       0x20 /usr/local/ps2dev/ps2sdk/ee/lib/libkernel.a(sceSifSetReg.o)
 .pdr           0x000002c0       0x20 /usr/local/ps2dev/ps2sdk/ee/lib/libkernel.a(sceSifGetReg.o)
 .pdr           0x000002e0       0x20 /usr/local/ps2dev/ps2sdk/ee/lib/libkernel.a(sceSifSendCmd.o)
 .pdr           0x00000300       0x20 /usr/local/ps2dev/ps2sdk/ee/lib/libkernel.a(isceSifSendCmd.o)
 .pdr           0x00000320       0x80 /usr/local/ps2dev/ps2sdk/ee/lib/libkernel.a(sif_cmd_main.o)
 .pdr           0x000003a0       0x20 /usr/local/ps2dev/ps2sdk/ee/lib/libkernel.a(sceSifAddCmdHandler.o)
 .pdr           0x000003c0       0x20 /usr/local/ps2dev/ps2sdk/ee/lib/libkernel.a(sceSifGetSreg.o)
 .pdr           0x000003e0       0x20 /usr/local/ps2dev/ps2sdk/ee/lib/libkernel.a(_rpc_get_fpacket.o)
 .pdr           0x00000400       0x20 /usr/local/ps2dev/ps2sdk/ee/lib/libkernel.a(sceSifBindRpc.o)
 .pdr           0x00000420       0x20 /usr/local/ps2dev/ps2sdk/ee/lib/libkernel.a(_SifLoadElfPart.o)
 .pdr           0x00000440       0x20 /usr/local/ps2dev/ps2sdk/ee/lib/libkernel.a(EnableDmac.o)
 .pdr           0x00000460       0x20 /usr/local/ps2dev/ps2sdk/ee/lib/libkernel.a(DisableDmac.o)
 .pdr           0x00000480       0x20 /usr/local/ps2dev/ps2sdk/ee/lib/libkernel.a(TerminateLibrary.o)
 .pdr           0x000004a0       0x40 /usr/local/ps2dev/ps2sdk/ee/lib/libkernel.a(_thread_internals.o)
 .pdr           0x000004e0       0x40 /usr/local/ps2dev/ps2sdk/ee/lib/libkernel.a(tlbfunc.o)
 .pdr           0x00000520        0x0 /usr/local/ps2dev/ps2sdk/ee/lib/libkernel.a(tlbsrc_bin.o)
 .pdr           0x00000520        0x0 /usr/local/ps2dev/ps2sdk/ee/lib/libkernel.a(_exit_internals.o)
 .pdr           0x00000520       0x20 /usr/local/ps2dev/ps2sdk/ee/lib/libkernel.a(SetArg.o)
 .pdr           0x00000540       0x20 /usr/local/ps2dev/ps2sdk/ee/lib/libkernel.a(Exit.o)
 .pdr           0x00000560       0x20 /usr/local/ps2dev/ps2sdk/ee/lib/libkernel.a(kCopy.o)
 .pdr           0x00000580       0x20 /usr/local/ps2dev/ps2sdk/ee/lib/libkernel.a(kCopyBytes.o)
 .pdr           0x000005a0       0x60 /usr/local/ps2dev/ps2sdk/ee/lib/libkernel.a(setup_syscalls.o)
 .pdr           0x00000600       0x20 /usr/local/ps2dev/ps2sdk/ee/lib/libkernel.a(KExit.o)
 .pdr           0x00000620       0x20 /usr/local/ps2dev/ps2sdk/ee/lib/libkernel.a(AddDmacHandler.o)
 .pdr           0x00000640       0x20 /usr/local/ps2dev/ps2sdk/ee/lib/libkernel.a(RemoveDmacHandler.o)
 .pdr           0x00000660       0x20 /usr/local/ps2dev/ps2sdk/ee/lib/libkernel.a(_EnableDmac.o)
 .pdr           0x00000680       0x20 /usr/local/ps2dev/ps2sdk/ee/lib/libkernel.a(_DisableDmac.o)
 .pdr           0x000006a0       0x20 /usr/local/ps2dev/ps2sdk/ee/lib/libkernel.a(CreateThread.o)
 .pdr           0x000006c0       0x20 /usr/local/ps2dev/ps2sdk/ee/lib/libkernel.a(StartThread.o)
 .pdr           0x000006e0       0x20 /usr/local/ps2dev/ps2sdk/ee/lib/libkernel.a(ChangeThreadPriority.o)
 .pdr           0x00000700       0x20 /usr/local/ps2dev/ps2sdk/ee/lib/libkernel.a(RotateThreadReadyQueue.o)
 .pdr           0x00000720       0x20 /usr/local/ps2dev/ps2sdk/ee/lib/libkernel.a(GetThreadId.o)
 .pdr           0x00000740       0x20 /usr/local/ps2dev/ps2sdk/ee/lib/libkernel.a(WakeupThread.o)
 .pdr           0x00000760       0x20 /usr/local/ps2dev/ps2sdk/ee/lib/libkernel.a(SuspendThread.o)
 .pdr           0x00000780       0x20 /usr/local/ps2dev/ps2sdk/ee/lib/libkernel.a(CreateSema.o)
 .pdr           0x000007a0       0x20 /usr/local/ps2dev/ps2sdk/ee/lib/libkernel.a(DeleteSema.o)
 .pdr           0x000007c0       0x20 /usr/local/ps2dev/ps2sdk/ee/lib/libkernel.a(WaitSema.o)
 .pdr           0x000007e0       0x20 /usr/local/ps2dev/ps2sdk/ee/lib/libkernel.a(_SetTLBEntry.o)
 .pdr           0x00000800       0x20 /usr/local/ps2dev/ps2sdk/ee/lib/libkernel.a(sceSifSetDChain.o)
 .pdr           0x00000820       0x20 /usr/local/ps2dev/ps2sdk/ee/lib/libkernel.a(GetMemorySize.o)
 .pdr           0x00000840       0x20 /usr/local/ps2dev/ps2sdk/ee/lib/libkernel.a(_InitTLB.o)
 .pdr           0x00000860       0x20 /usr/local/ps2dev/ps2sdk/ee/lib/libkernel.a(strlen.o)
 .pdr           0x00000880       0x20 /usr/local/ps2dev/ps2sdk/ee/lib/libkernel.a(memset.o)
 .pdr           0x000008a0       0x20 /usr/local/ps2dev/ps2sdk/ee/lib/libkernel.a(_SifSendCmd.o)
 .pdr           0x000008c0       0x20 /usr/local/ps2dev/ps2sdk/ee/lib/libkernel.a(_SifCmdIntHandler.o)
 .pdr           0x000008e0       0x20 /usr/local/ps2dev/ps2sdk/ee/lib/libkernel.a(_rpc_get_packet.o)
 .pdr           0x00000900       0x20 /usr/local/ps2dev/ps2sdk/ee/lib/libkernel.a(sceSifCallRpc.o)
 .pdr           0x00000920       0x20 /usr/local/ps2dev/ps2sdk/ee/lib/libkernel.a(_ps2sdk_deinit_timer.o)
 .pdr           0x00000940       0x20 /usr/local/ps2dev/ps2sdk/ee/lib/libkernel.a(sceSifSetDma.o)
 .pdr           0x00000960       0x20 /usr/local/ps2dev/ps2sdk/ee/lib/libkernel.a(isceSifSetDma.o)
 .pdr           0x00000980       0x20 /usr/local/ps2dev/ps2sdk/ee/lib/libkernel.a(isceSifSetDChain.o)
 .pdr           0x000009a0       0x20 /usr/local/ps2dev/ps2sdk/ee/lib/libkernel.a(sceSifWriteBackDCache.o)

.gnu.attributes
                0x00000000        0x0
 .gnu.attributes
                0x00000000       0x10 crt0.o
 .gnu.attributes
                0x00000010       0x10 loader.o
 .gnu.attributes
                0x00000020       0x10 /usr/local/ps2dev/ee/mips64r5900el-ps2-elf/lib/libc.a(libc_a-strncpy.o)
 .gnu.attributes
                0x00000030       0x10 /usr/local/ps2dev/ee/mips64r5900el-ps2-elf/lib/libc.a(libc_a-strncat.o)
 .gnu.attributes
                0x00000040       0x10 /usr/local/ps2dev/ps2sdk/ee/lib/libkernel.a(FlushCache.o)
 .gnu.attributes
                0x00000050       0x10 /usr/local/ps2dev/ps2sdk/ee/lib/libkernel.a(SifRpcMain.o)
 .gnu.attributes
                0x00000060       0x10 /usr/local/ps2dev/ps2sdk/ee/lib/libkernel.a(SifLoadFileInit.o)
 .gnu.attributes
                0x00000070       0x10 /usr/local/ps2dev/ps2sdk/ee/lib/libkernel.a(SifLoadElf.o)
 .gnu.attributes
                0x00000080       0x10 /usr/local/ps2dev/ps2sdk/ee/lib/libkernel.a(__iop_control_internals.o)
 .gnu.attributes
                0x00000090       0x10 /usr/local/ps2dev/ps2sdk/ee/lib/libkernel.a(DIntr.o)
 .gnu.attributes
                0x000000a0       0x10 /usr/local/ps2dev/ps2sdk/ee/lib/libkernel.a(EIntr.o)
 .gnu.attributes
                0x000000b0       0x10 /usr/local/ps2dev/ps2sdk/ee/lib/libkernel.a(iWakeupThread.o)
 .gnu.attributes
                0x000000c0       0x10 /usr/local/ps2dev/ps2sdk/ee/lib/libkernel.a(ExecPS2.o)
 .gnu.attributes
                0x000000d0       0x10 /usr/local/ps2dev/ps2sdk/ee/lib/libkernel.a(_ExecPS2.o)
 .gnu.attributes
                0x000000e0       0x10 /usr/local/ps2dev/ps2sdk/ee/lib/libkernel.a(_iGetThreadId.o)
 .gnu.attributes
                0x000000f0       0x10 /usr/local/ps2dev/ps2sdk/ee/lib/libkernel.a(_iWakeupThread.o)
 .gnu.attributes
                0x00000100       0x10 /usr/local/ps2dev/ps2sdk/ee/lib/libkernel.a(iSignalSema.o)
 .gnu.attributes
                0x00000110       0x10 /usr/local/ps2dev/ps2sdk/ee/lib/libkernel.a(sceSifSetReg.o)
 .gnu.attributes
                0x00000120       0x10 /usr/local/ps2dev/ps2sdk/ee/lib/libkernel.a(sceSifGetReg.o)
 .gnu.attributes
                0x00000130       0x10 /usr/local/ps2dev/ps2sdk/ee/lib/libkernel.a(sceSifSendCmd.o)
 .gnu.attributes
                0x00000140       0x10 /usr/local/ps2dev/ps2sdk/ee/lib/libkernel.a(isceSifSendCmd.o)
 .gnu.attributes
                0x00000150       0x10 /usr/local/ps2dev/ps2sdk/ee/lib/libkernel.a(sif_cmd_main.o)
 .gnu.attributes
                0x00000160       0x10 /usr/local/ps2dev/ps2sdk/ee/lib/libkernel.a(sceSifAddCmdHandler.o)
 .gnu.attributes
                0x00000170       0x10 /usr/local/ps2dev/ps2sdk/ee/lib/libkernel.a(sceSifGetSreg.o)
 .gnu.attributes
                0x00000180       0x10 /usr/local/ps2dev/ps2sdk/ee/lib/libkernel.a(_rpc_get_fpacket.o)
 .gnu.attributes
                0x00000190       0x10 /usr/local/ps2dev/ps2sdk/ee/lib/libkernel.a(sceSifBindRpc.o)
 .gnu.attributes
                0x000001a0       0x10 /usr/local/ps2dev/ps2sdk/ee/lib/libkernel.a(_SifLoadElfPart.o)
 .gnu.attributes
                0x000001b0       0x10 /usr/local/ps2dev/ps2sdk/ee/lib/libkernel.a(EnableDmac.o)
 .gnu.attributes
                0x000001c0       0x10 /usr/local/ps2dev/ps2sdk/ee/lib/libkernel.a(DisableDmac.o)
 .gnu.attributes
                0x000001d0       0x10 /usr/local/ps2dev/ps2sdk/ee/lib/libkernel.a(TerminateLibrary.o)
 .gnu.attributes
                0x000001e0       0x10 /usr/local/ps2dev/ps2sdk/ee/lib/libkernel.a(_thread_internals.o)
 .gnu.attributes
                0x000001f0       0x10 /usr/local/ps2dev/ps2sdk/ee/lib/libkernel.a(tlbfunc.o)
 .gnu.attributes
                0x00000200       0x10 /usr/local/ps2dev/ps2sdk/ee/lib/libkernel.a(tlbsrc_bin.o)
 .gnu.attributes
                0x00000210       0x10 /usr/local/ps2dev/ps2sdk/ee/lib/libkernel.a(_exit_internals.o)
 .gnu.attributes
                0x00000220       0x10 /usr/local/ps2dev/ps2sdk/ee/lib/libkernel.a(SetArg.o)
 .gnu.attributes
                0x00000230       0x10 /usr/local/ps2dev/ps2sdk/ee/lib/libkernel.a(Exit.o)
 .gnu.attributes
                0x00000240       0x10 /usr/local/ps2dev/ps2sdk/ee/lib/libkernel.a(kCopy.o)
 .gnu.attributes
                0x00000250       0x10 /usr/local/ps2dev/ps2sdk/ee/lib/libkernel.a(kCopyBytes.o)
 .gnu.attributes
                0x00000260       0x10 /usr/local/ps2dev/ps2sdk/ee/lib/libkernel.a(setup_syscalls.o)
 .gnu.attributes
                0x00000270       0x10 /usr/local/ps2dev/ps2sdk/ee/lib/libkernel.a(KExit.o)
 .gnu.attributes
                0x00000280       0x10 /usr/local/ps2dev/ps2sdk/ee/lib/libkernel.a(AddDmacHandler.o)
 .gnu.attributes
                0x00000290       0x10 /usr/local/ps2dev/ps2sdk/ee/lib/libkernel.a(RemoveDmacHandler.o)
 .gnu.attributes
                0x000002a0       0x10 /usr/local/ps2dev/ps2sdk/ee/lib/libkernel.a(_EnableDmac.o)
 .gnu.attributes
                0x000002b0       0x10 /usr/local/ps2dev/ps2sdk/ee/lib/libkernel.a(_DisableDmac.o)
 .gnu.attributes
                0x000002c0       0x10 /usr/local/ps2dev/ps2sdk/ee/lib/libkernel.a(CreateThread.o)
 .gnu.attributes
                0x000002d0       0x10 /usr/local/ps2dev/ps2sdk/ee/lib/libkernel.a(StartThread.o)
 .gnu.attributes
                0x000002e0       0x10 /usr/local/ps2dev/ps2sdk/ee/lib/libkernel.a(ChangeThreadPriority.o)
 .gnu.attributes
                0x000002f0       0x10 /usr/local/ps2dev/ps2sdk/ee/lib/libkernel.a(RotateThreadReadyQueue.o)
 .gnu.attributes
                0x00000300       0x10 /usr/local/ps2dev/ps2sdk/ee/lib/libkernel.a(GetThreadId.o)
 .gnu.attributes
                0x00000310       0x10 /usr/local/ps2dev/ps2sdk/ee/lib/libkernel.a(WakeupThread.o)
 .gnu.attributes
                0x00000320       0x10 /usr/local/ps2dev/ps2sdk/ee/lib/libkernel.a(SuspendThread.o)
 .gnu.attributes
                0x00000330       0x10 /usr/local/ps2dev/ps2sdk/ee/lib/libkernel.a(CreateSema.o)
 .gnu.attributes
                0x00000340       0x10 /usr/local/ps2dev/ps2sdk/ee/lib/libkernel.a(DeleteSema.o)
 .gnu.attributes
                0x00000350       0x10 /usr/local/ps2dev/ps2sdk/ee/lib/libkernel.a(WaitSema.o)
 .gnu.attributes
                0x00000360       0x10 /usr/local/ps2dev/ps2sdk/ee/lib/libkernel.a(_SetTLBEntry.o)
 .gnu.attributes
                0x00000370       0x10 /usr/local/ps2dev/ps2sdk/ee/lib/libkernel.a(sceSifSetDChain.o)
 .gnu.attributes
                0x00000380       0x10 /usr/local/ps2dev/ps2sdk/ee/lib/libkernel.a(GetMemorySize.o)
 .gnu.attributes
                0x00000390       0x10 /usr/local/ps2dev/ps2sdk/ee/lib/libkernel.a(_InitTLB.o)
 .gnu.attributes
                0x000003a0       0x10 /usr/local/ps2dev/ps2sdk/ee/lib/libkernel.a(strlen.o)
 .gnu.attributes
                0x000003b0       0x10 /usr/local/ps2dev/ps2sdk/ee/lib/libkernel.a(memset.o)
 .gnu.attributes
                0x000003c0       0x10 /usr/local/ps2dev/ps2sdk/ee/lib/libkernel.a(_SifSendCmd.o)
 .gnu.attributes
                0x000003d0       0x10 /usr/local/ps2dev/ps2sdk/ee/lib/libkernel.a(_SifCmdIntHandler.o)
 .gnu.attributes
                0x000003e0       0x10 /usr/local/ps2dev/ps2sdk/ee/lib/libkernel.a(_rpc_get_packet.o)
 .gnu.attributes
                0x000003f0       0x10 /usr/local/ps2dev/ps2sdk/ee/lib/libkernel.a(sceSifCallRpc.o)
 .gnu.attributes
                0x00000400       0x10 /usr/local/ps2dev/ps2sdk/ee/lib/libkernel.a(_ps2sdk_deinit_timer.o)
 .gnu.attributes
                0x00000410       0x10 /usr/local/ps2dev/ps2sdk/ee/lib/libkernel.a(sceSifSetDma.o)
 .gnu.attributes
                0x00000420       0x10 /usr/local/ps2dev/ps2sdk/ee/lib/libkernel.a(isceSifSetDma.o)
 .gnu.attributes
                0x00000430       0x10 /usr/local/ps2dev/ps2sdk/ee/lib/libkernel.a(isceSifSetDChain.o)
 .gnu.attributes
                0x00000440       0x10 /usr/local/ps2dev/ps2sdk/ee/lib/libkernel.a(sceSifWriteBackDCache.o)

.mdebug.abiN32  0x00000000        0x0
 .mdebug.abiN32
                0x00000000        0x0 loader.o
 .mdebug.abiN32
                0x00000000        0x0 /usr/local/ps2dev/ee/mips64r5900el-ps2-elf/lib/libc.a(libc_a-strncpy.o)
 .mdebug.abiN32
                0x00000000        0x0 /usr/local/ps2dev/ee/mips64r5900el-ps2-elf/lib/libc.a(libc_a-strncat.o)
 .mdebug.abiN32
                0x00000000        0x0 /usr/local/ps2dev/ps2sdk/ee/lib/libkernel.a(SifRpcMain.o)
 .mdebug.abiN32
                0x00000000        0x0 /usr/local/ps2dev/ps2sdk/ee/lib/libkernel.a(SifLoadFileInit.o)
 .mdebug.abiN32
                0x00000000        0x0 /usr/local/ps2dev/ps2sdk/ee/lib/libkernel.a(SifLoadElf.o)
 .mdebug.abiN32
                0x00000000        0x0 /usr/local/ps2dev/ps2sdk/ee/lib/libkernel.a(__iop_control_internals.o)
 .mdebug.abiN32
                0x00000000        0x0 /usr/local/ps2dev/ps2sdk/ee/lib/libkernel.a(DIntr.o)
 .mdebug.abiN32
                0x00000000        0x0 /usr/local/ps2dev/ps2sdk/ee/lib/libkernel.a(EIntr.o)
 .mdebug.abiN32
                0x00000000        0x0 /usr/local/ps2dev/ps2sdk/ee/lib/libkernel.a(iWakeupThread.o)
 .mdebug.abiN32
                0x00000000        0x0 /usr/local/ps2dev/ps2sdk/ee/lib/libkernel.a(ExecPS2.o)
 .mdebug.abiN32
                0x00000000        0x0 /usr/local/ps2dev/ps2sdk/ee/lib/libkernel.a(sceSifSendCmd.o)
 .mdebug.abiN32
                0x00000000        0x0 /usr/local/ps2dev/ps2sdk/ee/lib/libkernel.a(isceSifSendCmd.o)
 .mdebug.abiN32
                0x00000000        0x0 /usr/local/ps2dev/ps2sdk/ee/lib/libkernel.a(sif_cmd_main.o)
 .mdebug.abiN32
                0x00000000        0x0 /usr/local/ps2dev/ps2sdk/ee/lib/libkernel.a(sceSifAddCmdHandler.o)
 .mdebug.abiN32
                0x00000000        0x0 /usr/local/ps2dev/ps2sdk/ee/lib/libkernel.a(sceSifGetSreg.o)
 .mdebug.abiN32
                0x00000000        0x0 /usr/local/ps2dev/ps2sdk/ee/lib/libkernel.a(_rpc_get_fpacket.o)
 .mdebug.abiN32
                0x00000000        0x0 /usr/local/ps2dev/ps2sdk/ee/lib/libkernel.a(sceSifBindRpc.o)
 .mdebug.abiN32
                0x00000000        0x0 /usr/local/ps2dev/ps2sdk/ee/lib/libkernel.a(_SifLoadElfPart.o)
 .mdebug.abiN32
                0x00000000        0x0 /usr/local/ps2dev/ps2sdk/ee/lib/libkernel.a(EnableDmac.o)
 .mdebug.abiN32
                0x00000000        0x0 /usr/local/ps2dev/ps2sdk/ee/lib/libkernel.a(DisableDmac.o)
 .mdebug.abiN32
                0x00000000        0x0 /usr/local/ps2dev/ps2sdk/ee/lib/libkernel.a(TerminateLibrary.o)
 .mdebug.abiN32
                0x00000000        0x0 /usr/local/ps2dev/ps2sdk/ee/lib/libkernel.a(_thread_internals.o)
 .mdebug.abiN32
                0x00000000        0x0 /usr/local/ps2dev/ps2sdk/ee/lib/libkernel.a(tlbfunc.o)
 .mdebug.abiN32
                0x00000000        0x0 /usr/local/ps2dev/ps2sdk/ee/lib/libkernel.a(tlbsrc_bin.o)
 .mdebug.abiN32
                0x00000000        0x0 /usr/local/ps2dev/ps2sdk/ee/lib/libkernel.a(_exit_internals.o)
 .mdebug.abiN32
                0x00000000        0x0 /usr/local/ps2dev/ps2sdk/ee/lib/libkernel.a(SetArg.o)
 .mdebug.abiN32
                0x00000000        0x0 /usr/local/ps2dev/ps2sdk/ee/lib/libkernel.a(Exit.o)
 .mdebug.abiN32
                0x00000000        0x0 /usr/local/ps2dev/ps2sdk/ee/lib/libkernel.a(kCopy.o)
 .mdebug.abiN32
                0x00000000        0x0 /usr/local/ps2dev/ps2sdk/ee/lib/libkernel.a(kCopyBytes.o)
 .mdebug.abiN32
                0x00000000        0x0 /usr/local/ps2dev/ps2sdk/ee/lib/libkernel.a(_SifSendCmd.o)
 .mdebug.abiN32
                0x00000000        0x0 /usr/local/ps2dev/ps2sdk/ee/lib/libkernel.a(_SifCmdIntHandler.o)
 .mdebug.abiN32
                0x00000000        0x0 /usr/local/ps2dev/ps2sdk/ee/lib/libkernel.a(_rpc_get_packet.o)
 .mdebug.abiN32
                0x00000000        0x0 /usr/local/ps2dev/ps2sdk/ee/lib/libkernel.a(sceSifCallRpc.o)
 .mdebug.abiN32
                0x00000000        0x0 /usr/local/ps2dev/ps2sdk/ee/lib/libkernel.a(_ps2sdk_deinit_timer.o)

.comment        0x00000000       0x12
 .comment       0x00000000       0x12 loader.o
                                 0x13 (size before relaxing)
 .comment       0x00000012        0x0 /usr/local/ps2dev/ee/mips64r5900el-ps2-elf/lib/libc.a(libc_a-strncpy.o)
                                 0x13 (size before relaxing)
 .comment       0x00000012        0x0 /usr/local/ps2dev/ee/mips64r5900el-ps2-elf/lib/libc.a(libc_a-strncat.o)
                                 0x13 (size before relaxing)
 .comment       0x00000012        0x0 /usr/local/ps2dev/ps2sdk/ee/lib/libkernel.a(SifRpcMain.o)
                                 0x13 (size before relaxing)
 .comment       0x00000012        0x0 /usr/local/ps2dev/ps2sdk/ee/lib/libkernel.a(SifLoadFileInit.o)
                                 0x13 (size before relaxing)
 .comment       0x00000012        0x0 /usr/local/ps2dev/ps2sdk/ee/lib/libkernel.a(SifLoadElf.o)
                                 0x13 (size before relaxing)
 .comment       0x00000012        0x0 /usr/local/ps2dev/ps2sdk/ee/lib/libkernel.a(__iop_control_internals.o)
                                 0x13 (size before relaxing)
 .comment       0x00000012        0x0 /usr/local/ps2dev/ps2sdk/ee/lib/libkernel.a(DIntr.o)
                                 0x13 (size before relaxing)
 .comment       0x00000012        0x0 /usr/local/ps2dev/ps2sdk/ee/lib/libkernel.a(EIntr.o)
                                 0x13 (size before relaxing)
 .comment       0x00000012        0x0 /usr/local/ps2dev/ps2sdk/ee/lib/libkernel.a(iWakeupThread.o)
                                 0x13 (size before relaxing)
 .comment       0x00000012        0x0 /usr/local/ps2dev/ps2sdk/ee/lib/libkernel.a(ExecPS2.o)
                                 0x13 (size before relaxing)
 .comment       0x00000012        0x0 /usr/local/ps2dev/ps2sdk/ee/lib/libkernel.a(sceSifSendCmd.o)
                                 0x13 (size before relaxing)
 .comment       0x00000012        0x0 /usr/local/ps2dev/ps2sdk/ee/lib/libkernel.a(isceSifSendCmd.o)
                                 0x13 (size before relaxing)
 .comment       0x00000012        0x0 /usr/local/ps2dev/ps2sdk/ee/lib/libkernel.a(sif_cmd_main.o)
                                 0x13 (size before relaxing)
 .comment       0x00000012        0x0 /usr/local/ps2dev/ps2sdk/ee/lib/libkernel.a(sceSifAddCmdHandler.o)
                                 0x13 (size before relaxing)
 .comment       0x00000012        0x0 /usr/local/ps2dev/ps2sdk/ee/lib/libkernel.a(sceSifGetSreg.o)
                                 0x13 (size before relaxing)
 .comment       0x00000012        0x0 /usr/local/ps2dev/ps2sdk/ee/lib/libkernel.a(_rpc_get_fpacket.o)
                                 0x13 (size before relaxing)
 .comment       0x00000012        0x0 /usr/local/ps2dev/ps2sdk/ee/lib/libkernel.a(sceSifBindRpc.o)
                                 0x13 (size before relaxing)
 .comment       0x00000012        0x0 /usr/local/ps2dev/ps2sdk/ee/lib/libkernel.a(_SifLoadElfPart.o)
                                 0x13 (size before relaxing)
 .comment       0x00000012        0x0 /usr/local/ps2dev/ps2sdk/ee/lib/libkernel.a(EnableDmac.o)
                                 0x13 (size before relaxing)
 .comment       0x00000012        0x0 /usr/local/ps2dev/ps2sdk/ee/lib/libkernel.a(DisableDmac.o)
                                 0x13 (size before relaxing)
 .comment       0x00000012        0x0 /usr/local/ps2dev/ps2sdk/ee/lib/libkernel.a(TerminateLibrary.o)
                                 0x13 (size before relaxing)
 .comment       0x00000012        0x0 /usr/local/ps2dev/ps2sdk/ee/lib/libkernel.a(_thread_internals.o)
                                 0x13 (size before relaxing)
 .comment       0x00000012        0x0 /usr/local/ps2dev/ps2sdk/ee/lib/libkernel.a(tlbfunc.o)
                                 0x13 (size before relaxing)
 .comment       0x00000012        0x0 /usr/local/ps2dev/ps2sdk/ee/lib/libkernel.a(tlbsrc_bin.o)
                                 0x13 (size before relaxing)
 .comment       0x00000012        0x0 /usr/local/ps2dev/ps2sdk/ee/lib/libkernel.a(_exit_internals.o)
                                 0x13 (size before relaxing)
 .comment       0x00000012        0x0 /usr/local/ps2dev/ps2sdk/ee/lib/libkernel.a(SetArg.o)
                                 0x13 (size before relaxing)
 .comment       0x00000012        0x0 /usr/local/ps2dev/ps2sdk/ee/lib/libkernel.a(Exit.o)
                                 0x13 (size before relaxing)
 .comment       0x00000012        0x0 /usr/local/ps2dev/ps2sdk/ee/lib/libkernel.a(kCopy.o)
                                 0x13 (size before relaxing)
 .comment       0x00000012        0x0 /usr/local/ps2dev/ps2sdk/ee/lib/libkernel.a(kCopyBytes.o)
                                 0x13 (size before relaxing)
 .comment       0x00000012        0x0 /usr/local/ps2dev/ps2sdk/ee/lib/libkernel.a(_SifSendCmd.o)
                                 0x13 (size before relaxing)
 .comment       0x00000012        0x0 /usr/local/ps2dev/ps2sdk/ee/lib/libkernel.a(_SifCmdIntHandler.o)
                                 0x13 (size before relaxing)
 .comment       0x00000012        0x0 /usr/local/ps2dev/ps2sdk/ee/lib/libkernel.a(_rpc_get_packet.o)
                                 0x13 (size before relaxing)
 .comment       0x00000012        0x0 /usr/local/ps2dev/ps2sdk/ee/lib/libkernel.a(sceSifCallRpc.o)
                                 0x13 (size before relaxing)
 .comment       0x00000012        0x0 /usr/local/ps2dev/ps2sdk/ee/lib/libkernel.a(_ps2sdk_deinit_timer.o)
                                 0x13 (size before relaxing)

.debug_info     0x00000000     0x713c
 .debug_info    0x00000000      0x153 /usr/local/ps2dev/ee/mips64r5900el-ps2-elf/lib/libc.a(libc_a-strncpy.o)
 .debug_info    0x00000153      0x124 /usr/local/ps2dev/ee/mips64r5900el-ps2-elf/lib/libc.a(libc_a-strncat.o)
 .debug_info    0x00000277       0x35 /usr/local/ps2dev/ps2sdk/ee/lib/libkernel.a(FlushCache.o)
 .debug_info    0x000002ac      0xf67 /usr/local/ps2dev/ps2sdk/ee/lib/libkernel.a(SifRpcMain.o)
 .debug_info    0x00001213      0x53d /usr/local/ps2dev/ps2sdk/ee/lib/libkernel.a(SifLoadFileInit.o)
 .debug_info    0x00001750      0x1fa /usr/local/ps2dev/ps2sdk/ee/lib/libkernel.a(SifLoadElf.o)
 .debug_info    0x0000194a       0x93 /usr/local/ps2dev/ps2sdk/ee/lib/libkernel.a(__iop_control_internals.o)
 .debug_info    0x000019dd       0xb6 /usr/local/ps2dev/ps2sdk/ee/lib/libkernel.a(DIntr.o)
 .debug_info    0x00001a93       0xa6 /usr/local/ps2dev/ps2sdk/ee/lib/libkernel.a(EIntr.o)
 .debug_info    0x00001b39      0x204 /usr/local/ps2dev/ps2sdk/ee/lib/libkernel.a(iWakeupThread.o)
 .debug_info    0x00001d3d      0x1e3 /usr/local/ps2dev/ps2sdk/ee/lib/libkernel.a(ExecPS2.o)
 .debug_info    0x00001f20       0x35 /usr/local/ps2dev/ps2sdk/ee/lib/libkernel.a(_ExecPS2.o)
 .debug_info    0x00001f55       0x35 /usr/local/ps2dev/ps2sdk/ee/lib/libkernel.a(_iGetThreadId.o)
 .debug_info    0x00001f8a       0x35 /usr/local/ps2dev/ps2sdk/ee/lib/libkernel.a(_iWakeupThread.o)
 .debug_info    0x00001fbf       0x35 /usr/local/ps2dev/ps2sdk/ee/lib/libkernel.a(iSignalSema.o)
 .debug_info    0x00001ff4       0x35 /usr/local/ps2dev/ps2sdk/ee/lib/libkernel.a(sceSifSetReg.o)
 .debug_info    0x00002029       0x35 /usr/local/ps2dev/ps2sdk/ee/lib/libkernel.a(sceSifGetReg.o)
 .debug_info    0x0000205e      0x1a4 /usr/local/ps2dev/ps2sdk/ee/lib/libkernel.a(sceSifSendCmd.o)
 .debug_info    0x00002202      0x1a4 /usr/local/ps2dev/ps2sdk/ee/lib/libkernel.a(isceSifSendCmd.o)
 .debug_info    0x000023a6      0x92c /usr/local/ps2dev/ps2sdk/ee/lib/libkernel.a(sif_cmd_main.o)
 .debug_info    0x00002cd2      0x22a /usr/local/ps2dev/ps2sdk/ee/lib/libkernel.a(sceSifAddCmdHandler.o)
 .debug_info    0x00002efc      0x202 /usr/local/ps2dev/ps2sdk/ee/lib/libkernel.a(sceSifGetSreg.o)
 .debug_info    0x000030fe      0x188 /usr/local/ps2dev/ps2sdk/ee/lib/libkernel.a(_rpc_get_fpacket.o)
 .debug_info    0x00003286      0x91f /usr/local/ps2dev/ps2sdk/ee/lib/libkernel.a(sceSifBindRpc.o)
 .debug_info    0x00003ba5      0x583 /usr/local/ps2dev/ps2sdk/ee/lib/libkernel.a(_SifLoadElfPart.o)
 .debug_info    0x00004128      0x153 /usr/local/ps2dev/ps2sdk/ee/lib/libkernel.a(EnableDmac.o)
 .debug_info    0x0000427b      0x153 /usr/local/ps2dev/ps2sdk/ee/lib/libkernel.a(DisableDmac.o)
 .debug_info    0x000043ce       0xca /usr/local/ps2dev/ps2sdk/ee/lib/libkernel.a(TerminateLibrary.o)
 .debug_info    0x00004498      0x4f4 /usr/local/ps2dev/ps2sdk/ee/lib/libkernel.a(_thread_internals.o)
 .debug_info    0x0000498c      0x595 /usr/local/ps2dev/ps2sdk/ee/lib/libkernel.a(tlbfunc.o)
 .debug_info    0x00004f21       0x64 /usr/local/ps2dev/ps2sdk/ee/lib/libkernel.a(tlbsrc_bin.o)
 .debug_info    0x00004f85       0xa7 /usr/local/ps2dev/ps2sdk/ee/lib/libkernel.a(_exit_internals.o)
 .debug_info    0x0000502c      0x2b3 /usr/local/ps2dev/ps2sdk/ee/lib/libkernel.a(SetArg.o)
 .debug_info    0x000052df       0xfe /usr/local/ps2dev/ps2sdk/ee/lib/libkernel.a(Exit.o)
 .debug_info    0x000053dd      0x132 /usr/local/ps2dev/ps2sdk/ee/lib/libkernel.a(kCopy.o)
 .debug_info    0x0000550f      0x137 /usr/local/ps2dev/ps2sdk/ee/lib/libkernel.a(kCopyBytes.o)
 .debug_info    0x00005646       0x51 /usr/local/ps2dev/ps2sdk/ee/lib/libkernel.a(setup_syscalls.o)
 .debug_info    0x00005697       0x35 /usr/local/ps2dev/ps2sdk/ee/lib/libkernel.a(KExit.o)
 .debug_info    0x000056cc       0x35 /usr/local/ps2dev/ps2sdk/ee/lib/libkernel.a(AddDmacHandler.o)
 .debug_info    0x00005701       0x35 /usr/local/ps2dev/ps2sdk/ee/lib/libkernel.a(RemoveDmacHandler.o)
 .debug_info    0x00005736       0x35 /usr/local/ps2dev/ps2sdk/ee/lib/libkernel.a(_EnableDmac.o)
 .debug_info    0x0000576b       0x35 /usr/local/ps2dev/ps2sdk/ee/lib/libkernel.a(_DisableDmac.o)
 .debug_info    0x000057a0       0x35 /usr/local/ps2dev/ps2sdk/ee/lib/libkernel.a(CreateThread.o)
 .debug_info    0x000057d5       0x35 /usr/local/ps2dev/ps2sdk/ee/lib/libkernel.a(StartThread.o)
 .debug_info    0x0000580a       0x35 /usr/local/ps2dev/ps2sdk/ee/lib/libkernel.a(ChangeThreadPriority.o)
 .debug_info    0x0000583f       0x35 /usr/local/ps2dev/ps2sdk/ee/lib/libkernel.a(RotateThreadReadyQueue.o)
 .debug_info    0x00005874       0x35 /usr/local/ps2dev/ps2sdk/ee/lib/libkernel.a(GetThreadId.o)
 .debug_info    0x000058a9       0x35 /usr/local/ps2dev/ps2sdk/ee/lib/libkernel.a(WakeupThread.o)
 .debug_info    0x000058de       0x35 /usr/local/ps2dev/ps2sdk/ee/lib/libkernel.a(SuspendThread.o)
 .debug_info    0x00005913       0x35 /usr/local/ps2dev/ps2sdk/ee/lib/libkernel.a(CreateSema.o)
 .debug_info    0x00005948       0x35 /usr/local/ps2dev/ps2sdk/ee/lib/libkernel.a(DeleteSema.o)
 .debug_info    0x0000597d       0x35 /usr/local/ps2dev/ps2sdk/ee/lib/libkernel.a(WaitSema.o)
 .debug_info    0x000059b2       0x35 /usr/local/ps2dev/ps2sdk/ee/lib/libkernel.a(_SetTLBEntry.o)
 .debug_info    0x000059e7       0x35 /usr/local/ps2dev/ps2sdk/ee/lib/libkernel.a(sceSifSetDChain.o)
 .debug_info    0x00005a1c       0x35 /usr/local/ps2dev/ps2sdk/ee/lib/libkernel.a(GetMemorySize.o)
 .debug_info    0x00005a51       0x35 /usr/local/ps2dev/ps2sdk/ee/lib/libkernel.a(_InitTLB.o)
 .debug_info    0x00005a86       0x34 /usr/local/ps2dev/ps2sdk/ee/lib/libkernel.a(strlen.o)
 .debug_info    0x00005aba       0x34 /usr/local/ps2dev/ps2sdk/ee/lib/libkernel.a(memset.o)
 .debug_info    0x00005aee      0x43a /usr/local/ps2dev/ps2sdk/ee/lib/libkernel.a(_SifSendCmd.o)
 .debug_info    0x00005f28      0x36d /usr/local/ps2dev/ps2sdk/ee/lib/libkernel.a(_SifCmdIntHandler.o)
 .debug_info    0x00006295      0x2d7 /usr/local/ps2dev/ps2sdk/ee/lib/libkernel.a(_rpc_get_packet.o)
 .debug_info    0x0000656c      0xa48 /usr/local/ps2dev/ps2sdk/ee/lib/libkernel.a(sceSifCallRpc.o)
 .debug_info    0x00006fb4       0xb4 /usr/local/ps2dev/ps2sdk/ee/lib/libkernel.a(_ps2sdk_deinit_timer.o)
 .debug_info    0x00007068       0x35 /usr/local/ps2dev/ps2sdk/ee/lib/libkernel.a(sceSifSetDma.o)
 .debug_info    0x0000709d       0x35 /usr/local/ps2dev/ps2sdk/ee/lib/libkernel.a(isceSifSetDma.o)
 .debug_info    0x000070d2       0x35 /usr/local/ps2dev/ps2sdk/ee/lib/libkernel.a(isceSifSetDChain.o)
 .debug_info    0x00007107       0x35 /usr/local/ps2dev/ps2sdk/ee/lib/libkernel.a(sceSifWriteBackDCache.o)

.debug_abbrev   0x00000000     0x2c70
 .debug_abbrev  0x00000000       0xa3 /usr/local/ps2dev/ee/mips64r5900el-ps2-elf/lib/libc.a(libc_a-strncpy.o)
 .debug_abbrev  0x000000a3       0xac /usr/local/ps2dev/ee/mips64r5900el-ps2-elf/lib/libc.a(libc_a-strncat.o)
 .debug_abbrev  0x0000014f       0x21 /usr/local/ps2dev/ps2sdk/ee/lib/libkernel.a(FlushCache.o)
 .debug_abbrev  0x00000170      0x37d /usr/local/ps2dev/ps2sdk/ee/lib/libkernel.a(SifRpcMain.o)
 .debug_abbrev  0x000004ed      0x1ba /usr/local/ps2dev/ps2sdk/ee/lib/libkernel.a(SifLoadFileInit.o)
 .debug_abbrev  0x000006a7      0x11d /usr/local/ps2dev/ps2sdk/ee/lib/libkernel.a(SifLoadElf.o)
 .debug_abbrev  0x000007c4       0x39 /usr/local/ps2dev/ps2sdk/ee/lib/libkernel.a(__iop_control_internals.o)
 .debug_abbrev  0x000007fd       0x5a /usr/local/ps2dev/ps2sdk/ee/lib/libkernel.a(DIntr.o)
 .debug_abbrev  0x00000857       0x5c /usr/local/ps2dev/ps2sdk/ee/lib/libkernel.a(EIntr.o)
 .debug_abbrev  0x000008b3      0x14a /usr/local/ps2dev/ps2sdk/ee/lib/libkernel.a(iWakeupThread.o)
 .debug_abbrev  0x000009fd      0x121 /usr/local/ps2dev/ps2sdk/ee/lib/libkernel.a(ExecPS2.o)
 .debug_abbrev  0x00000b1e       0x21 /usr/local/ps2dev/ps2sdk/ee/lib/libkernel.a(_ExecPS2.o)
 .debug_abbrev  0x00000b3f       0x21 /usr/local/ps2dev/ps2sdk/ee/lib/libkernel.a(_iGetThreadId.o)
 .debug_abbrev  0x00000b60       0x21 /usr/local/ps2dev/ps2sdk/ee/lib/libkernel.a(_iWakeupThread.o)
 .debug_abbrev  0x00000b81       0x21 /usr/local/ps2dev/ps2sdk/ee/lib/libkernel.a(iSignalSema.o)
 .debug_abbrev  0x00000ba2       0x21 /usr/local/ps2dev/ps2sdk/ee/lib/libkernel.a(sceSifSetReg.o)
 .debug_abbrev  0x00000bc3       0x21 /usr/local/ps2dev/ps2sdk/ee/lib/libkernel.a(sceSifGetReg.o)
 .debug_abbrev  0x00000be4       0xad /usr/local/ps2dev/ps2sdk/ee/lib/libkernel.a(sceSifSendCmd.o)
 .debug_abbrev  0x00000c91       0xad /usr/local/ps2dev/ps2sdk/ee/lib/libkernel.a(isceSifSendCmd.o)
 .debug_abbrev  0x00000d3e      0x352 /usr/local/ps2dev/ps2sdk/ee/lib/libkernel.a(sif_cmd_main.o)
 .debug_abbrev  0x00001090      0x101 /usr/local/ps2dev/ps2sdk/ee/lib/libkernel.a(sceSifAddCmdHandler.o)
 .debug_abbrev  0x00001191       0xe1 /usr/local/ps2dev/ps2sdk/ee/lib/libkernel.a(sceSifGetSreg.o)
 .debug_abbrev  0x00001272       0xc2 /usr/local/ps2dev/ps2sdk/ee/lib/libkernel.a(_rpc_get_fpacket.o)
 .debug_abbrev  0x00001334      0x23f /usr/local/ps2dev/ps2sdk/ee/lib/libkernel.a(sceSifBindRpc.o)
 .debug_abbrev  0x00001573      0x1a7 /usr/local/ps2dev/ps2sdk/ee/lib/libkernel.a(_SifLoadElfPart.o)
 .debug_abbrev  0x0000171a       0xd4 /usr/local/ps2dev/ps2sdk/ee/lib/libkernel.a(EnableDmac.o)
 .debug_abbrev  0x000017ee       0xd4 /usr/local/ps2dev/ps2sdk/ee/lib/libkernel.a(DisableDmac.o)
 .debug_abbrev  0x000018c2       0x83 /usr/local/ps2dev/ps2sdk/ee/lib/libkernel.a(TerminateLibrary.o)
 .debug_abbrev  0x00001945      0x1d1 /usr/local/ps2dev/ps2sdk/ee/lib/libkernel.a(_thread_internals.o)
 .debug_abbrev  0x00001b16      0x21a /usr/local/ps2dev/ps2sdk/ee/lib/libkernel.a(tlbfunc.o)
 .debug_abbrev  0x00001d30       0x56 /usr/local/ps2dev/ps2sdk/ee/lib/libkernel.a(tlbsrc_bin.o)
 .debug_abbrev  0x00001d86       0x4f /usr/local/ps2dev/ps2sdk/ee/lib/libkernel.a(_exit_internals.o)
 .debug_abbrev  0x00001dd5      0x17f /usr/local/ps2dev/ps2sdk/ee/lib/libkernel.a(SetArg.o)
 .debug_abbrev  0x00001f54       0xbe /usr/local/ps2dev/ps2sdk/ee/lib/libkernel.a(Exit.o)
 .debug_abbrev  0x00002012       0xdd /usr/local/ps2dev/ps2sdk/ee/lib/libkernel.a(kCopy.o)
 .debug_abbrev  0x000020ef       0xcc /usr/local/ps2dev/ps2sdk/ee/lib/libkernel.a(kCopyBytes.o)
 .debug_abbrev  0x000021bb       0x21 /usr/local/ps2dev/ps2sdk/ee/lib/libkernel.a(setup_syscalls.o)
 .debug_abbrev  0x000021dc       0x21 /usr/local/ps2dev/ps2sdk/ee/lib/libkernel.a(KExit.o)
 .debug_abbrev  0x000021fd       0x21 /usr/local/ps2dev/ps2sdk/ee/lib/libkernel.a(AddDmacHandler.o)
 .debug_abbrev  0x0000221e       0x21 /usr/local/ps2dev/ps2sdk/ee/lib/libkernel.a(RemoveDmacHandler.o)
 .debug_abbrev  0x0000223f       0x21 /usr/local/ps2dev/ps2sdk/ee/lib/libkernel.a(_EnableDmac.o)
 .debug_abbrev  0x00002260       0x21 /usr/local/ps2dev/ps2sdk/ee/lib/libkernel.a(_DisableDmac.o)
 .debug_abbrev  0x00002281       0x21 /usr/local/ps2dev/ps2sdk/ee/lib/libkernel.a(CreateThread.o)
 .debug_abbrev  0x000022a2       0x21 /usr/local/ps2dev/ps2sdk/ee/lib/libkernel.a(StartThread.o)
 .debug_abbrev  0x000022c3       0x21 /usr/local/ps2dev/ps2sdk/ee/lib/libkernel.a(ChangeThreadPriority.o)
 .debug_abbrev  0x000022e4       0x21 /usr/local/ps2dev/ps2sdk/ee/lib/libkernel.a(RotateThreadReadyQueue.o)
 .debug_abbrev  0x00002305       0x21 /usr/local/ps2dev/ps2sdk/ee/lib/libkernel.a(GetThreadId.o)
 .debug_abbrev  0x00002326       0x21 /usr/local/ps2dev/ps2sdk/ee/lib/libkernel.a(WakeupThread.o)
 .debug_abbrev  0x00002347       0x21 /usr/local/ps2dev/ps2sdk/ee/lib/libkernel.a(SuspendThread.o)
 .debug_abbrev  0x00002368       0x21 /usr/local/ps2dev/ps2sdk/ee/lib/libkernel.a(CreateSema.o)
 .debug_abbrev  0x00002389       0x21 /usr/local/ps2dev/ps2sdk/ee/lib/libkernel.a(DeleteSema.o)
 .debug_abbrev  0x000023aa       0x21 /usr/local/ps2dev/ps2sdk/ee/lib/libkernel.a(WaitSema.o)
 .debug_abbrev  0x000023cb       0x21 /usr/local/ps2dev/ps2sdk/ee/lib/libkernel.a(_SetTLBEntry.o)
 .debug_abbrev  0x000023ec       0x21 /usr/local/ps2dev/ps2sdk/ee/lib/libkernel.a(sceSifSetDChain.o)
 .debug_abbrev  0x0000240d       0x21 /usr/local/ps2dev/ps2sdk/ee/lib/libkernel.a(GetMemorySize.o)
 .debug_abbrev  0x0000242e       0x21 /usr/local/ps2dev/ps2sdk/ee/lib/libkernel.a(_InitTLB.o)
 .debug_abbrev  0x0000244f       0x1f /usr/local/ps2dev/ps2sdk/ee/lib/libkernel.a(strlen.o)
 .debug_abbrev  0x0000246e       0x1f /usr/local/ps2dev/ps2sdk/ee/lib/libkernel.a(memset.o)
 .debug_abbrev  0x0000248d      0x1b1 /usr/local/ps2dev/ps2sdk/ee/lib/libkernel.a(_SifSendCmd.o)
 .debug_abbrev  0x0000263e      0x1bc /usr/local/ps2dev/ps2sdk/ee/lib/libkernel.a(_SifCmdIntHandler.o)
 .debug_abbrev  0x000027fa      0x139 /usr/local/ps2dev/ps2sdk/ee/lib/libkernel.a(_rpc_get_packet.o)
 .debug_abbrev  0x00002933      0x254 /usr/local/ps2dev/ps2sdk/ee/lib/libkernel.a(sceSifCallRpc.o)
 .debug_abbrev  0x00002b87       0x65 /usr/local/ps2dev/ps2sdk/ee/lib/libkernel.a(_ps2sdk_deinit_timer.o)
 .debug_abbrev  0x00002bec       0x21 /usr/local/ps2dev/ps2sdk/ee/lib/libkernel.a(sceSifSetDma.o)
 .debug_abbrev  0x00002c0d       0x21 /usr/local/ps2dev/ps2sdk/ee/lib/libkernel.a(isceSifSetDma.o)
 .debug_abbrev  0x00002c2e       0x21 /usr/local/ps2dev/ps2sdk/ee/lib/libkernel.a(isceSifSetDChain.o)
 .debug_abbrev  0x00002c4f       0x21 /usr/local/ps2dev/ps2sdk/ee/lib/libkernel.a(sceSifWriteBackDCache.o)

.debug_loc      0x00000000     0x26f8
 .debug_loc     0x00000000      0x1de /usr/local/ps2dev/ee/mips64r5900el-ps2-elf/lib/libc.a(libc_a-strncpy.o)
 .debug_loc     0x000001de      0x175 /usr/local/ps2dev/ee/mips64r5900el-ps2-elf/lib/libc.a(libc_a-strncat.o)
 .debug_loc     0x00000353      0x519 /usr/local/ps2dev/ps2sdk/ee/lib/libkernel.a(SifRpcMain.o)
 .debug_loc     0x0000086c       0x42 /usr/local/ps2dev/ps2sdk/ee/lib/libkernel.a(SifLoadFileInit.o)
 .debug_loc     0x000008ae       0x8f /usr/local/ps2dev/ps2sdk/ee/lib/libkernel.a(SifLoadElf.o)
 .debug_loc     0x0000093d       0x51 /usr/local/ps2dev/ps2sdk/ee/lib/libkernel.a(DIntr.o)
 .debug_loc     0x0000098e       0x28 /usr/local/ps2dev/ps2sdk/ee/lib/libkernel.a(EIntr.o)
 .debug_loc     0x000009b6       0xac /usr/local/ps2dev/ps2sdk/ee/lib/libkernel.a(iWakeupThread.o)
 .debug_loc     0x00000a62      0x126 /usr/local/ps2dev/ps2sdk/ee/lib/libkernel.a(ExecPS2.o)
 .debug_loc     0x00000b88      0x143 /usr/local/ps2dev/ps2sdk/ee/lib/libkernel.a(sceSifSendCmd.o)
 .debug_loc     0x00000ccb      0x143 /usr/local/ps2dev/ps2sdk/ee/lib/libkernel.a(isceSifSendCmd.o)
 .debug_loc     0x00000e0e      0x15d /usr/local/ps2dev/ps2sdk/ee/lib/libkernel.a(sif_cmd_main.o)
 .debug_loc     0x00000f6b       0x4c /usr/local/ps2dev/ps2sdk/ee/lib/libkernel.a(sceSifAddCmdHandler.o)
 .debug_loc     0x00000fb7       0x2b /usr/local/ps2dev/ps2sdk/ee/lib/libkernel.a(sceSifGetSreg.o)
 .debug_loc     0x00000fe2       0x24 /usr/local/ps2dev/ps2sdk/ee/lib/libkernel.a(_rpc_get_fpacket.o)
 .debug_loc     0x00001006      0x19e /usr/local/ps2dev/ps2sdk/ee/lib/libkernel.a(sceSifBindRpc.o)
 .debug_loc     0x000011a4      0x135 /usr/local/ps2dev/ps2sdk/ee/lib/libkernel.a(_SifLoadElfPart.o)
 .debug_loc     0x000012d9      0x108 /usr/local/ps2dev/ps2sdk/ee/lib/libkernel.a(EnableDmac.o)
 .debug_loc     0x000013e1      0x108 /usr/local/ps2dev/ps2sdk/ee/lib/libkernel.a(DisableDmac.o)
 .debug_loc     0x000014e9       0x2c /usr/local/ps2dev/ps2sdk/ee/lib/libkernel.a(TerminateLibrary.o)
 .debug_loc     0x00001515       0xd6 /usr/local/ps2dev/ps2sdk/ee/lib/libkernel.a(_thread_internals.o)
 .debug_loc     0x000015eb      0x301 /usr/local/ps2dev/ps2sdk/ee/lib/libkernel.a(tlbfunc.o)
 .debug_loc     0x000018ec      0x188 /usr/local/ps2dev/ps2sdk/ee/lib/libkernel.a(SetArg.o)
 .debug_loc     0x00001a74       0x43 /usr/local/ps2dev/ps2sdk/ee/lib/libkernel.a(Exit.o)
 .debug_loc     0x00001ab7       0xc0 /usr/local/ps2dev/ps2sdk/ee/lib/libkernel.a(kCopy.o)
 .debug_loc     0x00001b77       0xeb /usr/local/ps2dev/ps2sdk/ee/lib/libkernel.a(kCopyBytes.o)
 .debug_loc     0x00001c62      0x41e /usr/local/ps2dev/ps2sdk/ee/lib/libkernel.a(_SifSendCmd.o)
 .debug_loc     0x00002080      0x152 /usr/local/ps2dev/ps2sdk/ee/lib/libkernel.a(_SifCmdIntHandler.o)
 .debug_loc     0x000021d2      0x19d /usr/local/ps2dev/ps2sdk/ee/lib/libkernel.a(_rpc_get_packet.o)
 .debug_loc     0x0000236f      0x389 /usr/local/ps2dev/ps2sdk/ee/lib/libkernel.a(sceSifCallRpc.o)

.debug_aranges  0x00000000      0x848
 .debug_aranges
                0x00000000       0x20 /usr/local/ps2dev/ee/mips64r5900el-ps2-elf/lib/libc.a(libc_a-strncpy.o)
 .debug_aranges
                0x00000020       0x20 /usr/local/ps2dev/ee/mips64r5900el-ps2-elf/lib/libc.a(libc_a-strncat.o)
 .debug_aranges
                0x00000040       0x20 /usr/local/ps2dev/ps2sdk/ee/lib/libkernel.a(FlushCache.o)
 .debug_aranges
                0x00000060       0x20 /usr/local/ps2dev/ps2sdk/ee/lib/libkernel.a(SifRpcMain.o)
 .debug_aranges
                0x00000080       0x20 /usr/local/ps2dev/ps2sdk/ee/lib/libkernel.a(SifLoadFileInit.o)
 .debug_aranges
                0x000000a0       0x20 /usr/local/ps2dev/ps2sdk/ee/lib/libkernel.a(SifLoadElf.o)
 .debug_aranges
                0x000000c0       0x18 /usr/local/ps2dev/ps2sdk/ee/lib/libkernel.a(__iop_control_internals.o)
 .debug_aranges
                0x000000d8       0x20 /usr/local/ps2dev/ps2sdk/ee/lib/libkernel.a(DIntr.o)
 .debug_aranges
                0x000000f8       0x20 /usr/local/ps2dev/ps2sdk/ee/lib/libkernel.a(EIntr.o)
 .debug_aranges
                0x00000118       0x20 /usr/local/ps2dev/ps2sdk/ee/lib/libkernel.a(iWakeupThread.o)
 .debug_aranges
                0x00000138       0x20 /usr/local/ps2dev/ps2sdk/ee/lib/libkernel.a(ExecPS2.o)
 .debug_aranges
                0x00000158       0x20 /usr/local/ps2dev/ps2sdk/ee/lib/libkernel.a(_ExecPS2.o)
 .debug_aranges
                0x00000178       0x20 /usr/local/ps2dev/ps2sdk/ee/lib/libkernel.a(_iGetThreadId.o)
 .debug_aranges
                0x00000198       0x20 /usr/local/ps2dev/ps2sdk/ee/lib/libkernel.a(_iWakeupThread.o)
 .debug_aranges
                0x000001b8       0x20 /usr/local/ps2dev/ps2sdk/ee/lib/libkernel.a(iSignalSema.o)
 .debug_aranges
                0x000001d8       0x20 /usr/local/ps2dev/ps2sdk/ee/lib/libkernel.a(sceSifSetReg.o)
 .debug_aranges
                0x000001f8       0x20 /usr/local/ps2dev/ps2sdk/ee/lib/libkernel.a(sceSifGetReg.o)
 .debug_aranges
                0x00000218       0x20 /usr/local/ps2dev/ps2sdk/ee/lib/libkernel.a(sceSifSendCmd.o)
 .debug_aranges
                0x00000238       0x20 /usr/local/ps2dev/ps2sdk/ee/lib/libkernel.a(isceSifSendCmd.o)
 .debug_aranges
                0x00000258       0x20 /usr/local/ps2dev/ps2sdk/ee/lib/libkernel.a(sif_cmd_main.o)
 .debug_aranges
                0x00000278       0x20 /usr/local/ps2dev/ps2sdk/ee/lib/libkernel.a(sceSifAddCmdHandler.o)
 .debug_aranges
                0x00000298       0x20 /usr/local/ps2dev/ps2sdk/ee/lib/libkernel.a(sceSifGetSreg.o)
 .debug_aranges
                0x000002b8       0x20 /usr/local/ps2dev/ps2sdk/ee/lib/libkernel.a(_rpc_get_fpacket.o)
 .debug_aranges
                0x000002d8       0x20 /usr/local/ps2dev/ps2sdk/ee/lib/libkernel.a(sceSifBindRpc.o)
 .debug_aranges
                0x000002f8       0x20 /usr/local/ps2dev/ps2sdk/ee/lib/libkernel.a(_SifLoadElfPart.o)
 .debug_aranges
                0x00000318       0x20 /usr/local/ps2dev/ps2sdk/ee/lib/libkernel.a(EnableDmac.o)
 .debug_aranges
                0x00000338       0x20 /usr/local/ps2dev/ps2sdk/ee/lib/libkernel.a(DisableDmac.o)
 .debug_aranges
                0x00000358       0x20 /usr/local/ps2dev/ps2sdk/ee/lib/libkernel.a(TerminateLibrary.o)
 .debug_aranges
                0x00000378       0x20 /usr/local/ps2dev/ps2sdk/ee/lib/libkernel.a(_thread_internals.o)
 .debug_aranges
                0x00000398       0x20 /usr/local/ps2dev/ps2sdk/ee/lib/libkernel.a(tlbfunc.o)
 .debug_aranges
                0x000003b8       0x18 /usr/local/ps2dev/ps2sdk/ee/lib/libkernel.a(tlbsrc_bin.o)
 .debug_aranges
                0x000003d0       0x18 /usr/local/ps2dev/ps2sdk/ee/lib/libkernel.a(_exit_internals.o)
 .debug_aranges
                0x000003e8       0x20 /usr/local/ps2dev/ps2sdk/ee/lib/libkernel.a(SetArg.o)
 .debug_aranges
                0x00000408       0x20 /usr/local/ps2dev/ps2sdk/ee/lib/libkernel.a(Exit.o)
 .debug_aranges
                0x00000428       0x20 /usr/local/ps2dev/ps2sdk/ee/lib/libkernel.a(kCopy.o)
 .debug_aranges
                0x00000448       0x20 /usr/local/ps2dev/ps2sdk/ee/lib/libkernel.a(kCopyBytes.o)
 .debug_aranges
                0x00000468       0x20 /usr/local/ps2dev/ps2sdk/ee/lib/libkernel.a(setup_syscalls.o)
 .debug_aranges
                0x00000488       0x20 /usr/local/ps2dev/ps2sdk/ee/lib/libkernel.a(KExit.o)
 .debug_aranges
                0x000004a8       0x20 /usr/local/ps2dev/ps2sdk/ee/lib/libkernel.a(AddDmacHandler.o)
 .debug_aranges
                0x000004c8       0x20 /usr/local/ps2dev/ps2sdk/ee/lib/libkernel.a(RemoveDmacHandler.o)
 .debug_aranges
                0x000004e8       0x20 /usr/local/ps2dev/ps2sdk/ee/lib/libkernel.a(_EnableDmac.o)
 .debug_aranges
                0x00000508       0x20 /usr/local/ps2dev/ps2sdk/ee/lib/libkernel.a(_DisableDmac.o)
 .debug_aranges
                0x00000528       0x20 /usr/local/ps2dev/ps2sdk/ee/lib/libkernel.a(CreateThread.o)
 .debug_aranges
                0x00000548       0x20 /usr/local/ps2dev/ps2sdk/ee/lib/libkernel.a(StartThread.o)
 .debug_aranges
                0x00000568       0x20 /usr/local/ps2dev/ps2sdk/ee/lib/libkernel.a(ChangeThreadPriority.o)
 .debug_aranges
                0x00000588       0x20 /usr/local/ps2dev/ps2sdk/ee/lib/libkernel.a(RotateThreadReadyQueue.o)
 .debug_aranges
                0x000005a8       0x20 /usr/local/ps2dev/ps2sdk/ee/lib/libkernel.a(GetThreadId.o)
 .debug_aranges
                0x000005c8       0x20 /usr/local/ps2dev/ps2sdk/ee/lib/libkernel.a(WakeupThread.o)
 .debug_aranges
                0x000005e8       0x20 /usr/local/ps2dev/ps2sdk/ee/lib/libkernel.a(SuspendThread.o)
 .debug_aranges
                0x00000608       0x20 /usr/local/ps2dev/ps2sdk/ee/lib/libkernel.a(CreateSema.o)
 .debug_aranges
                0x00000628       0x20 /usr/local/ps2dev/ps2sdk/ee/lib/libkernel.a(DeleteSema.o)
 .debug_aranges
                0x00000648       0x20 /usr/local/ps2dev/ps2sdk/ee/lib/libkernel.a(WaitSema.o)
 .debug_aranges
                0x00000668       0x20 /usr/local/ps2dev/ps2sdk/ee/lib/libkernel.a(_SetTLBEntry.o)
 .debug_aranges
                0x00000688       0x20 /usr/local/ps2dev/ps2sdk/ee/lib/libkernel.a(sceSifSetDChain.o)
 .debug_aranges
                0x000006a8       0x20 /usr/local/ps2dev/ps2sdk/ee/lib/libkernel.a(GetMemorySize.o)
 .debug_aranges
                0x000006c8       0x20 /usr/local/ps2dev/ps2sdk/ee/lib/libkernel.a(_InitTLB.o)
 .debug_aranges
                0x000006e8       0x20 /usr/local/ps2dev/ps2sdk/ee/lib/libkernel.a(strlen.o)
 .debug_aranges
                0x00000708       0x20 /usr/local/ps2dev/ps2sdk/ee/lib/libkernel.a(memset.o)
 .debug_aranges
                0x00000728       0x20 /usr/local/ps2dev/ps2sdk/ee/lib/libkernel.a(_SifSendCmd.o)
 .debug_aranges
                0x00000748       0x20 /usr/local/ps2dev/ps2sdk/ee/lib/libkernel.a(_SifCmdIntHandler.o)
 .debug_aranges
                0x00000768       0x20 /usr/local/ps2dev/ps2sdk/ee/lib/libkernel.a(_rpc_get_packet.o)
 .debug_aranges
                0x00000788       0x20 /usr/local/ps2dev/ps2sdk/ee/lib/libkernel.a(sceSifCallRpc.o)
 .debug_aranges
                0x000007a8       0x20 /usr/local/ps2dev/ps2sdk/ee/lib/libkernel.a(_ps2sdk_deinit_timer.o)
 .debug_aranges
                0x000007c8       0x20 /usr/local/ps2dev/ps2sdk/ee/lib/libkernel.a(sceSifSetDma.o)
 .debug_aranges
                0x000007e8       0x20 /usr/local/ps2dev/ps2sdk/ee/lib/libkernel.a(isceSifSetDma.o)
 .debug_aranges
                0x00000808       0x20 /usr/local/ps2dev/ps2sdk/ee/lib/libkernel.a(isceSifSetDChain.o)
 .debug_aranges
                0x00000828       0x20 /usr/local/ps2dev/ps2sdk/ee/lib/libkernel.a(sceSifWriteBackDCache.o)

.debug_line     0x00000000     0x3161
 .debug_line    0x00000000      0x1d4 /usr/local/ps2dev/ee/mips64r5900el-ps2-elf/lib/libc.a(libc_a-strncpy.o)
 .debug_line    0x000001d4      0x1d2 /usr/local/ps2dev/ee/mips64r5900el-ps2-elf/lib/libc.a(libc_a-strncat.o)
 .debug_line    0x000003a6       0x3a /usr/local/ps2dev/ps2sdk/ee/lib/libkernel.a(FlushCache.o)
 .debug_line    0x000003e0      0x4a1 /usr/local/ps2dev/ps2sdk/ee/lib/libkernel.a(SifRpcMain.o)
 .debug_line    0x00000881      0x1c5 /usr/local/ps2dev/ps2sdk/ee/lib/libkernel.a(SifLoadFileInit.o)
 .debug_line    0x00000a46       0xbb /usr/local/ps2dev/ps2sdk/ee/lib/libkernel.a(SifLoadElf.o)
 .debug_line    0x00000b01       0x31 /usr/local/ps2dev/ps2sdk/ee/lib/libkernel.a(__iop_control_internals.o)
 .debug_line    0x00000b32       0x71 /usr/local/ps2dev/ps2sdk/ee/lib/libkernel.a(DIntr.o)
 .debug_line    0x00000ba3       0x4a /usr/local/ps2dev/ps2sdk/ee/lib/libkernel.a(EIntr.o)
 .debug_line    0x00000bed      0x10f /usr/local/ps2dev/ps2sdk/ee/lib/libkernel.a(iWakeupThread.o)
 .debug_line    0x00000cfc       0xc9 /usr/local/ps2dev/ps2sdk/ee/lib/libkernel.a(ExecPS2.o)
 .debug_line    0x00000dc5       0x3a /usr/local/ps2dev/ps2sdk/ee/lib/libkernel.a(_ExecPS2.o)
 .debug_line    0x00000dff       0x3a /usr/local/ps2dev/ps2sdk/ee/lib/libkernel.a(_iGetThreadId.o)
 .debug_line    0x00000e39       0x3a /usr/local/ps2dev/ps2sdk/ee/lib/libkernel.a(_iWakeupThread.o)
 .debug_line    0x00000e73       0x3a /usr/local/ps2dev/ps2sdk/ee/lib/libkernel.a(iSignalSema.o)
 .debug_line    0x00000ead       0x3a /usr/local/ps2dev/ps2sdk/ee/lib/libkernel.a(sceSifSetReg.o)
 .debug_line    0x00000ee7       0x3a /usr/local/ps2dev/ps2sdk/ee/lib/libkernel.a(sceSifGetReg.o)
 .debug_line    0x00000f21       0x4c /usr/local/ps2dev/ps2sdk/ee/lib/libkernel.a(sceSifSendCmd.o)
 .debug_line    0x00000f6d       0x4c /usr/local/ps2dev/ps2sdk/ee/lib/libkernel.a(isceSifSendCmd.o)
 .debug_line    0x00000fb9      0x32e /usr/local/ps2dev/ps2sdk/ee/lib/libkernel.a(sif_cmd_main.o)
 .debug_line    0x000012e7       0xc4 /usr/local/ps2dev/ps2sdk/ee/lib/libkernel.a(sceSifAddCmdHandler.o)
 .debug_line    0x000013ab       0x9a /usr/local/ps2dev/ps2sdk/ee/lib/libkernel.a(sceSifGetSreg.o)
 .debug_line    0x00001445       0xa0 /usr/local/ps2dev/ps2sdk/ee/lib/libkernel.a(_rpc_get_fpacket.o)
 .debug_line    0x000014e5      0x241 /usr/local/ps2dev/ps2sdk/ee/lib/libkernel.a(sceSifBindRpc.o)
 .debug_line    0x00001726      0x173 /usr/local/ps2dev/ps2sdk/ee/lib/libkernel.a(_SifLoadElfPart.o)
 .debug_line    0x00001899       0xde /usr/local/ps2dev/ps2sdk/ee/lib/libkernel.a(EnableDmac.o)
 .debug_line    0x00001977       0xde /usr/local/ps2dev/ps2sdk/ee/lib/libkernel.a(DisableDmac.o)
 .debug_line    0x00001a55       0x70 /usr/local/ps2dev/ps2sdk/ee/lib/libkernel.a(TerminateLibrary.o)
 .debug_line    0x00001ac5      0x1eb /usr/local/ps2dev/ps2sdk/ee/lib/libkernel.a(_thread_internals.o)
 .debug_line    0x00001cb0      0x283 /usr/local/ps2dev/ps2sdk/ee/lib/libkernel.a(tlbfunc.o)
 .debug_line    0x00001f33       0x31 /usr/local/ps2dev/ps2sdk/ee/lib/libkernel.a(tlbsrc_bin.o)
 .debug_line    0x00001f64       0x2b /usr/local/ps2dev/ps2sdk/ee/lib/libkernel.a(_exit_internals.o)
 .debug_line    0x00001f8f      0x1ba /usr/local/ps2dev/ps2sdk/ee/lib/libkernel.a(SetArg.o)
 .debug_line    0x00002149       0x9b /usr/local/ps2dev/ps2sdk/ee/lib/libkernel.a(Exit.o)
 .debug_line    0x000021e4       0xc4 /usr/local/ps2dev/ps2sdk/ee/lib/libkernel.a(kCopy.o)
 .debug_line    0x000022a8       0xb9 /usr/local/ps2dev/ps2sdk/ee/lib/libkernel.a(kCopyBytes.o)
 .debug_line    0x00002361       0x4c /usr/local/ps2dev/ps2sdk/ee/lib/libkernel.a(setup_syscalls.o)
 .debug_line    0x000023ad       0x3a /usr/local/ps2dev/ps2sdk/ee/lib/libkernel.a(KExit.o)
 .debug_line    0x000023e7       0x3a /usr/local/ps2dev/ps2sdk/ee/lib/libkernel.a(AddDmacHandler.o)
 .debug_line    0x00002421       0x3a /usr/local/ps2dev/ps2sdk/ee/lib/libkernel.a(RemoveDmacHandler.o)
 .debug_line    0x0000245b       0x3a /usr/local/ps2dev/ps2sdk/ee/lib/libkernel.a(_EnableDmac.o)
 .debug_line    0x00002495       0x3a /usr/local/ps2dev/ps2sdk/ee/lib/libkernel.a(_DisableDmac.o)
 .debug_line    0x000024cf       0x3a /usr/local/ps2dev/ps2sdk/ee/lib/libkernel.a(CreateThread.o)
 .debug_line    0x00002509       0x3a /usr/local/ps2dev/ps2sdk/ee/lib/libkernel.a(StartThread.o)
 .debug_line    0x00002543       0x3a /usr/local/ps2dev/ps2sdk/ee/lib/libkernel.a(ChangeThreadPriority.o)
 .debug_line    0x0000257d       0x3a /usr/local/ps2dev/ps2sdk/ee/lib/libkernel.a(RotateThreadReadyQueue.o)
 .debug_line    0x000025b7       0x3a /usr/local/ps2dev/ps2sdk/ee/lib/libkernel.a(GetThreadId.o)
 .debug_line    0x000025f1       0x3a /usr/local/ps2dev/ps2sdk/ee/lib/libkernel.a(WakeupThread.o)
 .debug_line    0x0000262b       0x3a /usr/local/ps2dev/ps2sdk/ee/lib/libkernel.a(SuspendThread.o)
 .debug_line    0x00002665       0x3a /usr/local/ps2dev/ps2sdk/ee/lib/libkernel.a(CreateSema.o)
 .debug_line    0x0000269f       0x3a /usr/local/ps2dev/ps2sdk/ee/lib/libkernel.a(DeleteSema.o)
 .debug_line    0x000026d9       0x3a /usr/local/ps2dev/ps2sdk/ee/lib/libkernel.a(WaitSema.o)
 .debug_line    0x00002713       0x3a /usr/local/ps2dev/ps2sdk/ee/lib/libkernel.a(_SetTLBEntry.o)
 .debug_line    0x0000274d       0x3a /usr/local/ps2dev/ps2sdk/ee/lib/libkernel.a(sceSifSetDChain.o)
 .debug_line    0x00002787       0x3a /usr/local/ps2dev/ps2sdk/ee/lib/libkernel.a(GetMemorySize.o)
 .debug_line    0x000027c1       0x3a /usr/local/ps2dev/ps2sdk/ee/lib/libkernel.a(_InitTLB.o)
 .debug_line    0x000027fb       0x7b /usr/local/ps2dev/ps2sdk/ee/lib/libkernel.a(strlen.o)
 .debug_line    0x00002876       0x6a /usr/local/ps2dev/ps2sdk/ee/lib/libkernel.a(memset.o)
 .debug_line    0x000028e0      0x1a1 /usr/local/ps2dev/ps2sdk/ee/lib/libkernel.a(_SifSendCmd.o)
 .debug_line    0x00002a81      0x15b /usr/local/ps2dev/ps2sdk/ee/lib/libkernel.a(_SifCmdIntHandler.o)
 .debug_line    0x00002bdc      0x181 /usr/local/ps2dev/ps2sdk/ee/lib/libkernel.a(_rpc_get_packet.o)
 .debug_line    0x00002d5d      0x2a5 /usr/local/ps2dev/ps2sdk/ee/lib/libkernel.a(sceSifCallRpc.o)
 .debug_line    0x00003002       0x4d /usr/local/ps2dev/ps2sdk/ee/lib/libkernel.a(_ps2sdk_deinit_timer.o)
 .debug_line    0x0000304f       0x3a /usr/local/ps2dev/ps2sdk/ee/lib/libkernel.a(sceSifSetDma.o)
 .debug_line    0x00003089       0x3a /usr/local/ps2dev/ps2sdk/ee/lib/libkernel.a(isceSifSetDma.o)
 .debug_line    0x000030c3       0x3a /usr/local/ps2dev/ps2sdk/ee/lib/libkernel.a(isceSifSetDChain.o)
 .debug_line    0x000030fd       0x64 /usr/local/ps2dev/ps2sdk/ee/lib/libkernel.a(sceSifWriteBackDCache.o)

.debug_str      0x00000000     0x117d
 .debug_str     0x00000000     0x117d /usr/local/ps2dev/ee/mips64r5900el-ps2-elf/lib/libc.a(libc_a-strncpy.o)
                                0x1ec (size before relaxing)
 .debug_str     0x0000117d        0x0 /usr/local/ps2dev/ee/mips64r5900el-ps2-elf/lib/libc.a(libc_a-strncat.o)
                                0x1cf (size before relaxing)
 .debug_str     0x0000117d        0x0 /usr/local/ps2dev/ps2sdk/ee/lib/libkernel.a(FlushCache.o)
                                 0x50 (size before relaxing)
 .debug_str     0x0000117d        0x0 /usr/local/ps2dev/ps2sdk/ee/lib/libkernel.a(SifRpcMain.o)
                                0x620 (size before relaxing)
 .debug_str     0x0000117d        0x0 /usr/local/ps2dev/ps2sdk/ee/lib/libkernel.a(SifLoadFileInit.o)
                                0x464 (size before relaxing)
 .debug_str     0x0000117d        0x0 /usr/local/ps2dev/ps2sdk/ee/lib/libkernel.a(SifLoadElf.o)
                                0x26e (size before relaxing)
 .debug_str     0x0000117d        0x0 /usr/local/ps2dev/ps2sdk/ee/lib/libkernel.a(__iop_control_internals.o)
                                0x168 (size before relaxing)
 .debug_str     0x0000117d        0x0 /usr/local/ps2dev/ps2sdk/ee/lib/libkernel.a(DIntr.o)
                                0x136 (size before relaxing)
 .debug_str     0x0000117d        0x0 /usr/local/ps2dev/ps2sdk/ee/lib/libkernel.a(EIntr.o)
                                0x136 (size before relaxing)
 .debug_str     0x0000117d        0x0 /usr/local/ps2dev/ps2sdk/ee/lib/libkernel.a(iWakeupThread.o)
                                0x1eb (size before relaxing)
 .debug_str     0x0000117d        0x0 /usr/local/ps2dev/ps2sdk/ee/lib/libkernel.a(ExecPS2.o)
                                0x197 (size before relaxing)
 .debug_str     0x0000117d        0x0 /usr/local/ps2dev/ps2sdk/ee/lib/libkernel.a(_ExecPS2.o)
                                 0x4e (size before relaxing)
 .debug_str     0x0000117d        0x0 /usr/local/ps2dev/ps2sdk/ee/lib/libkernel.a(_iGetThreadId.o)
                                 0x53 (size before relaxing)
 .debug_str     0x0000117d        0x0 /usr/local/ps2dev/ps2sdk/ee/lib/libkernel.a(_iWakeupThread.o)
                                 0x54 (size before relaxing)
 .debug_str     0x0000117d        0x0 /usr/local/ps2dev/ps2sdk/ee/lib/libkernel.a(iSignalSema.o)
                                 0x51 (size before relaxing)
 .debug_str     0x0000117d        0x0 /usr/local/ps2dev/ps2sdk/ee/lib/libkernel.a(sceSifSetReg.o)
                                 0x52 (size before relaxing)
 .debug_str     0x0000117d        0x0 /usr/local/ps2dev/ps2sdk/ee/lib/libkernel.a(sceSifGetReg.o)
                                 0x52 (size before relaxing)
 .debug_str     0x0000117d        0x0 /usr/local/ps2dev/ps2sdk/ee/lib/libkernel.a(sceSifSendCmd.o)
                                0x184 (size before relaxing)
 .debug_str     0x0000117d        0x0 /usr/local/ps2dev/ps2sdk/ee/lib/libkernel.a(isceSifSendCmd.o)
                                0x185 (size before relaxing)
 .debug_str     0x0000117d        0x0 /usr/local/ps2dev/ps2sdk/ee/lib/libkernel.a(sif_cmd_main.o)
                                0x4a7 (size before relaxing)
 .debug_str     0x0000117d        0x0 /usr/local/ps2dev/ps2sdk/ee/lib/libkernel.a(sceSifAddCmdHandler.o)
                                0x23c (size before relaxing)
 .debug_str     0x0000117d        0x0 /usr/local/ps2dev/ps2sdk/ee/lib/libkernel.a(sceSifGetSreg.o)
                                0x23b (size before relaxing)
 .debug_str     0x0000117d        0x0 /usr/local/ps2dev/ps2sdk/ee/lib/libkernel.a(_rpc_get_fpacket.o)
                                0x1d6 (size before relaxing)
 .debug_str     0x0000117d        0x0 /usr/local/ps2dev/ps2sdk/ee/lib/libkernel.a(sceSifBindRpc.o)
                                0x59f (size before relaxing)
 .debug_str     0x0000117d        0x0 /usr/local/ps2dev/ps2sdk/ee/lib/libkernel.a(_SifLoadElfPart.o)
                                0x2e6 (size before relaxing)
 .debug_str     0x0000117d        0x0 /usr/local/ps2dev/ps2sdk/ee/lib/libkernel.a(EnableDmac.o)
                                0x158 (size before relaxing)
 .debug_str     0x0000117d        0x0 /usr/local/ps2dev/ps2sdk/ee/lib/libkernel.a(DisableDmac.o)
                                0x15a (size before relaxing)
 .debug_str     0x0000117d        0x0 /usr/local/ps2dev/ps2sdk/ee/lib/libkernel.a(TerminateLibrary.o)
                                0x181 (size before relaxing)
 .debug_str     0x0000117d        0x0 /usr/local/ps2dev/ps2sdk/ee/lib/libkernel.a(_thread_internals.o)
                                0x2fc (size before relaxing)
 .debug_str     0x0000117d        0x0 /usr/local/ps2dev/ps2sdk/ee/lib/libkernel.a(tlbfunc.o)
                                0x2de (size before relaxing)
 .debug_str     0x0000117d        0x0 /usr/local/ps2dev/ps2sdk/ee/lib/libkernel.a(tlbsrc_bin.o)
                                 0xd4 (size before relaxing)
 .debug_str     0x0000117d        0x0 /usr/local/ps2dev/ps2sdk/ee/lib/libkernel.a(_exit_internals.o)
                                0x15a (size before relaxing)
 .debug_str     0x0000117d        0x0 /usr/local/ps2dev/ps2sdk/ee/lib/libkernel.a(SetArg.o)
                                0x1ca (size before relaxing)
 .debug_str     0x0000117d        0x0 /usr/local/ps2dev/ps2sdk/ee/lib/libkernel.a(Exit.o)
                                0x176 (size before relaxing)
 .debug_str     0x0000117d        0x0 /usr/local/ps2dev/ps2sdk/ee/lib/libkernel.a(kCopy.o)
                                0x14c (size before relaxing)
 .debug_str     0x0000117d        0x0 /usr/local/ps2dev/ps2sdk/ee/lib/libkernel.a(kCopyBytes.o)
                                0x151 (size before relaxing)
 .debug_str     0x0000117d        0x0 /usr/local/ps2dev/ps2sdk/ee/lib/libkernel.a(setup_syscalls.o)
                                 0x68 (size before relaxing)
 .debug_str     0x0000117d        0x0 /usr/local/ps2dev/ps2sdk/ee/lib/libkernel.a(KExit.o)
                                 0x4b (size before relaxing)
 .debug_str     0x0000117d        0x0 /usr/local/ps2dev/ps2sdk/ee/lib/libkernel.a(AddDmacHandler.o)
                                 0x54 (size before relaxing)
 .debug_str     0x0000117d        0x0 /usr/local/ps2dev/ps2sdk/ee/lib/libkernel.a(RemoveDmacHandler.o)
                                 0x57 (size before relaxing)
 .debug_str     0x0000117d        0x0 /usr/local/ps2dev/ps2sdk/ee/lib/libkernel.a(_EnableDmac.o)
                                 0x51 (size before relaxing)
 .debug_str     0x0000117d        0x0 /usr/local/ps2dev/ps2sdk/ee/lib/libkernel.a(_DisableDmac.o)
                                 0x52 (size before relaxing)
 .debug_str     0x0000117d        0x0 /usr/local/ps2dev/ps2sdk/ee/lib/libkernel.a(CreateThread.o)
                                 0x52 (size before relaxing)
 .debug_str     0x0000117d        0x0 /usr/local/ps2dev/ps2sdk/ee/lib/libkernel.a(StartThread.o)
                                 0x51 (size before relaxing)
 .debug_str     0x0000117d        0x0 /usr/local/ps2dev/ps2sdk/ee/lib/libkernel.a(ChangeThreadPriority.o)
                                 0x5a (size before relaxing)
 .debug_str     0x0000117d        0x0 /usr/local/ps2dev/ps2sdk/ee/lib/libkernel.a(RotateThreadReadyQueue.o)
                                 0x5c (size before relaxing)
 .debug_str     0x0000117d        0x0 /usr/local/ps2dev/ps2sdk/ee/lib/libkernel.a(GetThreadId.o)
                                 0x51 (size before relaxing)
 .debug_str     0x0000117d        0x0 /usr/local/ps2dev/ps2sdk/ee/lib/libkernel.a(WakeupThread.o)
                                 0x52 (size before relaxing)
 .debug_str     0x0000117d        0x0 /usr/local/ps2dev/ps2sdk/ee/lib/libkernel.a(SuspendThread.o)
                                 0x53 (size before relaxing)
 .debug_str     0x0000117d        0x0 /usr/local/ps2dev/ps2sdk/ee/lib/libkernel.a(CreateSema.o)
                                 0x50 (size before relaxing)
 .debug_str     0x0000117d        0x0 /usr/local/ps2dev/ps2sdk/ee/lib/libkernel.a(DeleteSema.o)
                                 0x50 (size before relaxing)
 .debug_str     0x0000117d        0x0 /usr/local/ps2dev/ps2sdk/ee/lib/libkernel.a(WaitSema.o)
                                 0x4e (size before relaxing)
 .debug_str     0x0000117d        0x0 /usr/local/ps2dev/ps2sdk/ee/lib/libkernel.a(_SetTLBEntry.o)
                                 0x52 (size before relaxing)
 .debug_str     0x0000117d        0x0 /usr/local/ps2dev/ps2sdk/ee/lib/libkernel.a(sceSifSetDChain.o)
                                 0x55 (size before relaxing)
 .debug_str     0x0000117d        0x0 /usr/local/ps2dev/ps2sdk/ee/lib/libkernel.a(GetMemorySize.o)
                                 0x53 (size before relaxing)
 .debug_str     0x0000117d        0x0 /usr/local/ps2dev/ps2sdk/ee/lib/libkernel.a(_InitTLB.o)
                                 0x4e (size before relaxing)
 .debug_str     0x0000117d        0x0 /usr/local/ps2dev/ps2sdk/ee/lib/libkernel.a(strlen.o)
                                 0x4c (size before relaxing)
 .debug_str     0x0000117d        0x0 /usr/local/ps2dev/ps2sdk/ee/lib/libkernel.a(memset.o)
                                 0x4c (size before relaxing)
 .debug_str     0x0000117d        0x0 /usr/local/ps2dev/ps2sdk/ee/lib/libkernel.a(_SifSendCmd.o)
                                0x2df (size before relaxing)
 .debug_str     0x0000117d        0x0 /usr/local/ps2dev/ps2sdk/ee/lib/libkernel.a(_SifCmdIntHandler.o)
                                0x2a9 (size before relaxing)
 .debug_str     0x0000117d        0x0 /usr/local/ps2dev/ps2sdk/ee/lib/libkernel.a(_rpc_get_packet.o)
                                0x244 (size before relaxing)
 .debug_str     0x0000117d        0x0 /usr/local/ps2dev/ps2sdk/ee/lib/libkernel.a(sceSifCallRpc.o)
                                0x5d7 (size before relaxing)
 .debug_str     0x0000117d        0x0 /usr/local/ps2dev/ps2sdk/ee/lib/libkernel.a(_ps2sdk_deinit_timer.o)
                                0x180 (size before relaxing)
 .debug_str     0x0000117d        0x0 /usr/local/ps2dev/ps2sdk/ee/lib/libkernel.a(sceSifSetDma.o)
                                 0x52 (size before relaxing)
 .debug_str     0x0000117d        0x0 /usr/local/ps2dev/ps2sdk/ee/lib/libkernel.a(isceSifSetDma.o)
                                 0x53 (size before relaxing)
 .debug_str     0x0000117d        0x0 /usr/local/ps2dev/ps2sdk/ee/lib/libkernel.a(isceSifSetDChain.o)
                                 0x56 (size before relaxing)
 .debug_str     0x0000117d        0x0 /usr/local/ps2dev/ps2sdk/ee/lib/libkernel.a(sceSifWriteBackDCache.o)
                                 0x5b (size before relaxing)

.debug_frame    0x00000000      0x6f8
 .debug_frame   0x00000000       0x20 /usr/local/ps2dev/ee/mips64r5900el-ps2-elf/lib/libc.a(libc_a-strncpy.o)
 .debug_frame   0x00000020       0x20 /usr/local/ps2dev/ee/mips64r5900el-ps2-elf/lib/libc.a(libc_a-strncat.o)
 .debug_frame   0x00000040       0xd4 /usr/local/ps2dev/ps2sdk/ee/lib/libkernel.a(SifRpcMain.o)
 .debug_frame   0x00000114       0x44 /usr/local/ps2dev/ps2sdk/ee/lib/libkernel.a(SifLoadFileInit.o)
 .debug_frame   0x00000158       0x2c /usr/local/ps2dev/ps2sdk/ee/lib/libkernel.a(SifLoadElf.o)
 .debug_frame   0x00000184       0x20 /usr/local/ps2dev/ps2sdk/ee/lib/libkernel.a(DIntr.o)
 .debug_frame   0x000001a4       0x20 /usr/local/ps2dev/ps2sdk/ee/lib/libkernel.a(EIntr.o)
 .debug_frame   0x000001c4       0x38 /usr/local/ps2dev/ps2sdk/ee/lib/libkernel.a(iWakeupThread.o)
 .debug_frame   0x000001fc       0x38 /usr/local/ps2dev/ps2sdk/ee/lib/libkernel.a(ExecPS2.o)
 .debug_frame   0x00000234       0x20 /usr/local/ps2dev/ps2sdk/ee/lib/libkernel.a(sceSifSendCmd.o)
 .debug_frame   0x00000254       0x20 /usr/local/ps2dev/ps2sdk/ee/lib/libkernel.a(isceSifSendCmd.o)
 .debug_frame   0x00000274       0x90 /usr/local/ps2dev/ps2sdk/ee/lib/libkernel.a(sif_cmd_main.o)
 .debug_frame   0x00000304       0x20 /usr/local/ps2dev/ps2sdk/ee/lib/libkernel.a(sceSifAddCmdHandler.o)
 .debug_frame   0x00000324       0x20 /usr/local/ps2dev/ps2sdk/ee/lib/libkernel.a(sceSifGetSreg.o)
 .debug_frame   0x00000344       0x20 /usr/local/ps2dev/ps2sdk/ee/lib/libkernel.a(_rpc_get_fpacket.o)
 .debug_frame   0x00000364       0x34 /usr/local/ps2dev/ps2sdk/ee/lib/libkernel.a(sceSifBindRpc.o)
 .debug_frame   0x00000398       0x40 /usr/local/ps2dev/ps2sdk/ee/lib/libkernel.a(_SifLoadElfPart.o)
 .debug_frame   0x000003d8       0x34 /usr/local/ps2dev/ps2sdk/ee/lib/libkernel.a(EnableDmac.o)
 .debug_frame   0x0000040c       0x34 /usr/local/ps2dev/ps2sdk/ee/lib/libkernel.a(DisableDmac.o)
 .debug_frame   0x00000440       0x2c /usr/local/ps2dev/ps2sdk/ee/lib/libkernel.a(TerminateLibrary.o)
 .debug_frame   0x0000046c       0x60 /usr/local/ps2dev/ps2sdk/ee/lib/libkernel.a(_thread_internals.o)
 .debug_frame   0x000004cc       0x70 /usr/local/ps2dev/ps2sdk/ee/lib/libkernel.a(tlbfunc.o)
 .debug_frame   0x0000053c       0x44 /usr/local/ps2dev/ps2sdk/ee/lib/libkernel.a(SetArg.o)